******************************************************************************
                  TI ARM Linker PC v18.12.3                    
******************************************************************************
>> Linked Tue Dec 10 17:50:37 2019

OUTPUT FILE NAME:   <ece3849_lab3_hqcao_vtle2.out>
ENTRY POINT SYMBOL: "_c_int00"  address: 00008de1


MEMORY CONFIGURATION

         name            origin    length      used     unused   attr    fill
----------------------  --------  ---------  --------  --------  ----  --------
  FLASH                 00000000   00100000  0000dee0  000f2120  R  X
  SRAM                  20000000   00040000  00017cf3  0002830d  RW X


SEGMENT ALLOCATION MAP

run origin  load origin   length   init length attrs members
----------  ----------- ---------- ----------- ----- -------
00000000    00000000    0000def0   0000def0    r-x
  00000000    00000000    0000003c   0000003c    r-- .resetVecs
  00000040    00000040    0000b3b2   0000b3b2    r-x .text
  0000b3f8    0000b3f8    000027ca   000027ca    r-- .const
  0000dbc8    0000dbc8    00000328   00000328    r-- .cinit
20000000    20000000    00000360   00000000    rw-
  20000000    20000000    00000360   00000000    rw- .vecs
20000400    20000400    00017998   00000000    rw-
  20000400    20000400    0000e616   00000000    rw- .bss
  2000ea18    2000ea18    00008b7d   00000000    rw- .data
  20017598    20017598    00000800   00000000    rw- .stack


SECTION ALLOCATION MAP

 output                                  attributes/
section   page    origin      length       input sections
--------  ----  ----------  ----------   ----------------
.text      0    00000040    0000b3b2     
                  00000040    00000a4e     rtsv7M4_T_le_v4SPD16_eabi.lib : _printfi.c.obj (.text:__TI_printfi)
                  00000a8e    00000002                                   : _lock.c.obj (.text:_nop)
                  00000a90    00000738                                   : k_rem_pio2.c.obj (.text:__kernel_rem_pio2)
                  000011c8    000005dc                                   : s_cos.c.obj (.text:cos)
                  000017a4    000005c4                                   : s_sin.c.obj (.text:sin)
                  00001d68    00000458     main.obj (.text:display_func)
                  000021c0    00000430     sysbios.aem4f : BIOS.obj (.text:ti_sysbios_family_arm_m3_Hwi_excDumpRegs__I)
                  000025f0    0000034c     ti.targets.arm.rtsarm.aem4f : System.oem4f (.text:xdc_runtime_System_doPrint__I)
                  0000293c    00000004     driverlib.lib : adc.obj (.text:ADCIntClearEx)
                  00002940    000002a4     sysbios.aem4f : BIOS.obj (.text:ti_sysbios_knl_Semaphore_pend__E)
                  00002be4    00000004     driverlib.lib : comp.obj (.text:ComparatorRefSet)
                  00002be8    0000028e     kiss_fft.obj (.text:kf_bfly5)
                  00002e76    00000002     rtsv7M4_T_le_v4SPD16_eabi.lib : div0.asm.obj (.text)
                  00002e78    00000270                                   : _printfi.c.obj (.text:_pconv_a)
                  000030e8    0000026c     sysbios.aem4f : BIOS.obj (.text:ti_sysbios_heaps_HeapMem_free__E)
                  00003354    00000256     grlib.lib : string.obj (.text:GrFontGlyphRender)
                  000035aa    00000006     driverlib.lib : gpio.obj (.text:GPIOPinRead)
                  000035b0    00000250     sysbios.aem4f : BIOS.obj (.text:ti_sysbios_heaps_HeapMem_alloc__E)
                  00003800    00000214     main.obj (.text:processing_func)
                  00003a14    00000204     Boot.aem4f : Boot_sysctl.oem4f (.text:ti_catalog_arm_cortexm4_tiva_ce_Boot_sysCtlClockFreqSetI__I)
                  00003c18    000001f4     sysbios.aem4f : BIOS.obj (.text:ti_sysbios_family_arm_m3_Hwi_excHandlerMax__I)
                  00003e0c    00000004     driverlib.lib : timer.obj (.text:TimerIntClear)
                  00003e10    000001f0     kiss_fft.obj (.text:kf_bfly4)
                  00004000    000001d0     rtsv7M4_T_le_v4SPD16_eabi.lib : _printfi.c.obj (.text:_pconv_g)
                  000041d0    000001b6                                   : fd_add_t2.asm.obj (.text)
                  00004386    00000002     --HOLE-- [fill = 0]
                  00004388    000001b4     kiss_fft.obj (.text:kf_bfly3)
                  0000453c    00000174     rtsv7M4_T_le_v4SPD16_eabi.lib : k_sin.c.obj (.text:__kernel_sin)
                  000046b0    00000174     sysbios.aem4f : BIOS.obj (.text:ti_sysbios_family_arm_m3_Hwi_excBusFault__I)
                  00004824    0000016c     rtsv7M4_T_le_v4SPD16_eabi.lib : k_cos.c.obj (.text:__kernel_cos)
                  00004990    00000164     sysbios.aem4f : BIOS.obj (.text:ti_sysbios_family_arm_m3_Hwi_excUsageFault__I)
                  00004af4    0000015c     rtsv7M4_T_le_v4SPD16_eabi.lib : e_log10f.c.obj (.text:log10f)
                  00004c50    00000158                                   : e_sqrt.c.obj (.text:sqrt)
                  00004da8    00000148     sysbios.aem4f : BIOS.obj (.text:ti_sysbios_family_arm_m3_Hwi_excMemFault__I)
                  00004ef0    0000013c     rtsv7M4_T_le_v4SPD16_eabi.lib : _printfi.c.obj (.text:_pconv_e)
                  0000502c    00000004                                   : exit.c.obj (.text:abort:abort)
                  00005030    0000013c     sysbios.aem4f : BIOS.obj (.text:ti_sysbios_heaps_HeapMem_Instance_init__E)
                  0000516c    00000136     rtsv7M4_T_le_v4SPD16_eabi.lib : fd_div_t2.asm.obj (.text)
                  000052a2    00000130     driverlib.lib : gpio.obj (.text:GPIOPadConfigSet)
                  000053d2    00000006                   : gpio.obj (.text:GPIOPinWrite)
                  000053d8    00000124     buttons.obj (.text:ButtonInit)
                  000054fc    00000124     rtsv7M4_T_le_v4SPD16_eabi.lib : _printfi.c.obj (.text:fcvt)
                  00005620    00000118     ti.targets.arm.rtsarm.aem4f : Error.oem4f (.text:xdc_runtime_Error_policyDefault__E)
                  00005738    00000110     rtsv7M4_T_le_v4SPD16_eabi.lib : s_scalbn.c.obj (.text:scalbn)
                  00005848    00000108     sysbios.aem4f : BIOS.obj (.text:ti_sysbios_family_arm_lm4_Timer_start__E)
                  00005950    00000106     grlib.lib : line.obj (.text:GrLineDraw)
                  00005a56    00000002     --HOLE-- [fill = 0]
                  00005a58    00000100     pwm.obj (.text:PWM_Init)
                  00005b58    00000100     ti.targets.arm.rtsarm.aem4f : Core-mem.oem4f (.text:xdc_runtime_Core_createObject__I)
                  00005c58    000000fc     kiss_fft.obj (.text:kf_bfly_generic)
                  00005d54    000000fc     rtsv7M4_T_le_v4SPD16_eabi.lib : fd_mul_t2.asm.obj (.text)
                  00005e50    000000fc     rtos_pem4f.oem4f (.text:xdc_runtime_System_printfExtend__I)
                  00005f4c    000000f8     rtsv7M4_T_le_v4SPD16_eabi.lib : s_floor.c.obj (.text:floor)
                  00006044    000000f8     ti.targets.arm.rtsarm.aem4f : Startup.oem4f (.text:xdc_runtime_Startup_startMods__I)
                  0000613c    000000f4     sysbios.aem4f : m3_Hwi_asm.obj (.text:ti_sysbios_family_arm_m3_Hwi_dispatch__I)
                  00006230    000000f0     main.obj (.text:buttontask_func)
                  00006320    000000ec     sysbios.aem4f : BIOS.obj (.text:ti_sysbios_knl_Semaphore_post__E)
                  0000640c    00000004                   : BIOS.obj (.text:ti_sysbios_family_arm_lm4_Timer_masterEnable__I)
                  00006410    000000e2     kiss_fft.obj (.text:kf_work)
                  000064f2    00000006     grlib.lib : string.obj (.text:GrContextFontSet)
                  000064f8    000000dc     Crystalfontz128x128_ST7735.obj (.text:Crystalfontz128x128_PixelDrawMultiple)
                  000065d4    00000004     ti.targets.arm.rtsarm.aem4f : Error.oem4f (.text:xdc_runtime_Error_getSite__E)
                  000065d8    000000d4     buttons.obj (.text:ButtonReadJoystick)
                  000066ac    00000004     ti.targets.arm.rtsarm.aem4f : System.oem4f (.text:xdc_runtime_System_aprintf_va__F)
                  000066b0    000000cc     kiss_fft.obj (.text:kiss_fft_alloc)
                  0000677c    000000cc     ti.targets.arm.rtsarm.aem4f : Core-smem.oem4f (.text:xdc_runtime_Core_constructObject__I)
                  00006848    000000c4     grlib.lib : string.obj (.text:GrDefaultStringRenderer)
                  0000690c    000000c0               : line.obj (.text:GrLineClip)
                  000069cc    00000004     ti.targets.arm.rtsarm.aem4f : System.oem4f (.text:xdc_runtime_System_printf_va__F)
                  000069d0    000000bc     Crystalfontz128x128_ST7735.obj (.text:Crystalfontz128x128_Init)
                  00006a8c    00000004     --HOLE-- [fill = 0]
                  00006a90    000000bc     sysbios.aem4f : BIOS.obj (.text:ti_sysbios_family_arm_m3_Hwi_excDebugMon__I)
                  00006b4c    00000004     --HOLE-- [fill = 0]
                  00006b50    000000bc                   : BIOS.obj (.text:ti_sysbios_family_arm_m3_Hwi_excHardFault__I)
                  00006c0c    000000b4     rtsv7M4_T_le_v4SPD16_eabi.lib : s_cosf.c.obj (.text:cosf)
                  00006cc0    000000b4     sysbios.aem4f : BIOS.obj (.text:ti_sysbios_gates_GateMutex_enter__E)
                  00006d74    00000004     --HOLE-- [fill = 0]
                  00006d78    000000b4                   : BIOS.obj (.text:ti_sysbios_knl_Task_checkStacks__E)
                  00006e2c    000000b1     rtsv7M4_T_le_v4SPD16_eabi.lib : _printfi.c.obj (.text:_ltostr)
                  00006edd    00000003     --HOLE-- [fill = 0]
                  00006ee0    000000ac     sysbios.aem4f : BIOS.obj (.text:ti_sysbios_family_arm_lm4_Timer_enableTiva__I)
                  00006f8c    00000004     --HOLE-- [fill = 0]
                  00006f90    000000a8     main.obj (.text:waveform_func)
                  00007038    000000a4     rtsv7M4_T_le_v4SPD16_eabi.lib : s_sinf.c.obj (.text:sinf)
                  000070dc    00000004     --HOLE-- [fill = 0]
                  000070e0    000000a0     sampling.obj (.text:ADCInit)
                  00007180    000000a0     main.obj (.text:UI_func)
                  00007220    000000a0     auto_init.aem4f : auto_init.oem4f (.text)
                  000072c0    000000a0     ti.targets.arm.rtsarm.aem4f : Text.oem4f (.text:xdc_runtime_Text_putMod__E)
                  00007360    0000009c     Crystalfontz128x128_ST7735.obj (.text:Crystalfontz128x128_SetDrawFrame)
                  000073fc    00000004     --HOLE-- [fill = 0]
                  00007400    0000009c     main.obj (.text:freq_func)
                  0000749c    0000009c     rtsv7M4_T_le_v4SPD16_eabi.lib : memcpy_t2.asm.obj (.text)
                  00007538    0000009c     sysbios.aem4f : BIOS.obj (.text:ti_sysbios_knl_Semaphore_Instance_init__E)
                  000075d4    0000009a     ti.targets.arm.rtsarm.aem4f : Text.oem4f (.text:xdc_runtime_Text_putSite__E)
                  0000766e    00000002     --HOLE-- [fill = 0]
                  00007670    00000098     Boot.aem4f : Boot.oem4f (.text:ti_catalog_arm_cortexm4_tiva_ce_Boot_sysCtlClockFreqSet__E)
                  00007708    00000096     rtsv7M4_T_le_v4SPD16_eabi.lib : ull_div_t2.asm.obj (.text)
                  0000779e    00000002     --HOLE-- [fill = 0]
                  000077a0    00000094     sysbios.aem4f : BIOS.obj (.text:ti_sysbios_family_arm_m3_Hwi_initNVIC__E)
                  00007834    0000008c                   : m3_TaskSupport_asm.obj (.text:ti_sysbios_family_arm_m3_TaskSupport_buildTaskStack)
                  000078c0    0000008c                   : BIOS.obj (.text:ti_sysbios_knl_Task_postInit__I)
                  0000794c    00000004     --HOLE-- [fill = 0]
                  00007950    00000088                   : BIOS.obj (.text:ti_sysbios_knl_Mailbox_post__E)
                  000079d8    00000086     grlib.lib : rectangle.obj (.text:GrRectFill)
                  00007a5e    00000086     rtsv7M4_T_le_v4SPD16_eabi.lib : fd_cmp_t2.asm.obj (.text:__aeabi_cdcmple)
                  00007ae4    00000086                                   : fd_cmp_t2.asm.obj (.text:__aeabi_cdrcmple)
                  00007b6a    00000006     driverlib.lib : pwm.obj (.text:PWMGenIntClear)
                  00007b70    00000084     sysbios.aem4f : BIOS.obj (.text:ti_sysbios_family_arm_m3_Hwi_postInit__I)
                  00007bf4    00000084     driverlib.lib : udma.obj (.text:uDMAChannelTransferSet)
                  00007c78    00000080     Crystalfontz128x128_ST7735.obj (.text:Crystalfontz128x128_RectFill)
                  00007cf8    00000080     rtsv7M4_T_le_v4SPD16_eabi.lib : s_floorf.c.obj (.text:floorf)
                  00007d78    00000080     kiss_fft.obj (.text:kf_bfly2)
                  00007df8    00000080     main.obj (.text:main)
                  00007e78    0000007a     driverlib.lib : adc.obj (.text:ADCSequenceStepConfigure)
                  00007ef2    0000007a     rtsv7M4_T_le_v4SPD16_eabi.lib : memset_t2.asm.obj (.text)
                  00007f6c    00000004     --HOLE-- [fill = 0]
                  00007f70    00000078     sampling.obj (.text:DMAInit)
                  00007fe8    00000078     HAL_EK_TM4C1294XL_Crystalfontz128x128_ST7735.obj (.text:HAL_LCD_PortInit)
                  00008060    00000078     HAL_EK_TM4C1294XL_Crystalfontz128x128_ST7735.obj (.text:HAL_LCD_SpiInit)
                  000080d8    00000078     comparator.obj (.text:Timer_Capture_Init)
                  00008150    00000074     sampling.obj (.text:ADC_ISR)
                  000081c4    00000004     --HOLE-- [fill = 0]
                  000081c8    00000074     sysbios.aem4f : BIOS.obj (.text:ti_sysbios_knl_Mailbox_pend__E)
                  0000823c    00000004     --HOLE-- [fill = 0]
                  00008240    00000070                   : BIOS.obj (.text:ti_sysbios_knl_Clock_workFunc__E)
                  000082b0    00000070                   : BIOS.obj (.text:ti_sysbios_knl_Task_exit__E)
                  00008320    0000006e     rtsv7M4_T_le_v4SPD16_eabi.lib : _printfi.c.obj (.text:_mcpy)
                  0000838e    0000006e                                   : s_roundf.c.obj (.text:roundf)
                  000083fc    0000006e                                   : fd_tos_t2.asm.obj (.text)
                  0000846a    00000002     --HOLE-- [fill = 0]
                  0000846c    0000006d     ti.targets.arm.rtsarm.aem4f : System.oem4f (.text:xdc_runtime_System_formatNum__I)
                  000084d9    00000001     --HOLE-- [fill = 0]
                  000084da    00000006     driverlib.lib : sysctl.obj (.text:SysCtlDelay)
                  000084e0    0000006c     kiss_fft.obj (.text:kf_factor)
                  0000854c    00000004     --HOLE-- [fill = 0]
                  00008550    0000006c     sysbios.aem4f : BIOS.obj (.text:ti_sysbios_knl_Swi_restoreHwi__E)
                  000085bc    0000006c     ti.targets.arm.rtsarm.aem4f : Error.oem4f (.text:xdc_runtime_Error_print__E)
                  00008628    0000006c                                 : Memory.oem4f (.text:xdc_runtime_Memory_alloc__E)
                  00008694    00000068     grlib.lib : context.obj (.text:GrContextInit)
                  000086fc    00000068     rtsv7M4_T_le_v4SPD16_eabi.lib : copy_decompress_lzss.c.obj (.text:decompress:lzss:__TI_decompress_lzss)
                  00008764    00000004     --HOLE-- [fill = 0]
                  00008768    00000068     sysbios.aem4f : BIOS.obj (.text:ti_sysbios_family_arm_lm4_TimestampProvider_initTimerHandle__I)
                  000087d0    00000066     ti.targets.arm.rtsarm.aem4f : Core-mem.oem4f (.text:xdc_runtime_Core_deleteObject__I)
                  00008836    00000002     --HOLE-- [fill = 0]
                  00008838    00000064     comparator.obj (.text:Comparator_Init)
                  0000889c    00000064     rtsv7M4_T_le_v4SPD16_eabi.lib : s_frexp.c.obj (.text:frexp)
                  00008900    00000064     sysbios.aem4f : BIOS.obj (.text:ti_sysbios_family_arm_lm4_Timer_Module_startup__E)
                  00008964    00000004     --HOLE-- [fill = 0]
                  00008968    00000064                   : BIOS.obj (.text:ti_sysbios_family_arm_m3_Hwi_dispatchC__I)
                  000089cc    00000004     --HOLE-- [fill = 0]
                  000089d0    00000060     buttons.obj (.text:ButtonDebounce)
                  00008a30    00000060     driverlib.lib : timer.obj (.text:TimerConfigure)
                  00008a90    00000060     sysbios.aem4f : BIOS.obj (.text:ti_sysbios_knl_Task_schedule__I)
                  00008af0    0000005c     kiss_fft.obj (.text:kiss_fft_stride)
                  00008b4c    00000004     --HOLE-- [fill = 0]
                  00008b50    0000005c     sysbios.aem4f : BIOS.obj (.text:ti_sysbios_knl_Swi_run__I)
                  00008bac    00000004     --HOLE-- [fill = 0]
                  00008bb0    0000005c                   : BIOS.obj (.text:ti_sysbios_knl_Swi_schedule__I)
                  00008c0c    00000004     --HOLE-- [fill = 0]
                  00008c10    0000005c                   : BIOS.obj (.text:ti_sysbios_knl_Task_Module_startup__E)
                  00008c6c    00000004     --HOLE-- [fill = 0]
                  00008c70    0000005c                   : BIOS.obj (.text:ti_sysbios_knl_Task_startCore__E)
                  00008ccc    0000005b     ti.targets.arm.rtsarm.aem4f : Text.oem4f (.text:xdc_runtime_Text_putLab__E)
                  00008d27    00000001     --HOLE-- [fill = 0]
                  00008d28    0000005a     grlib.lib : string.obj (.text:FontWideGlyphDataGet)
                  00008d82    00000006     ti.targets.arm.rtsarm.aem4f : System.oem4f (.text:xdc_runtime_System_Module_startup__E)
                  00008d88    00000058     buttons.obj (.text:ButtonAutoRepeat)
                  00008de0    00000058     boot.aem4f : boot.oem4f (.text)
                  00008e38    00000058     rtsv7M4_T_le_v4SPD16_eabi.lib : hostwrite.c.obj (.text:HOSTwrite)
                  00008e90    00000058     sysbios.aem4f : m3_Hwi_asm_switch.obj (.text:ti_sysbios_family_arm_m3_Hwi_initStacks__E)
                  00008ee8    00000056     rtsv7M4_T_le_v4SPD16_eabi.lib : _printfi.c.obj (.text:_pconv_f)
                  00008f3e    00000054                                   : ltoa.c.obj (.text:ltoa)
                  00008f92    00000006     --HOLE-- [fill = 0]
                  00008f98    00000054     sysbios.aem4f : BIOS.obj (.text:ti_sysbios_family_arm_lm4_Timer_initDevice__I)
                  00008fec    00000054     ti.targets.arm.rtsarm.aem4f : Assert.oem4f (.text:xdc_runtime_Assert_raise__I)
                  00009040    00000052     rtsv7M4_T_le_v4SPD16_eabi.lib : _printfi.c.obj (.text:_ecpy)
                  00009092    00000002     --HOLE-- [fill = 0]
                  00009094    00000050     Boot.aem4f : Boot_sysctl.oem4f (.text:_SysCtlFrequencyGet)
                  000090e4    00000004     --HOLE-- [fill = 0]
                  000090e8    00000050     sysbios.aem4f : BIOS.obj (.text:ti_sysbios_family_arm_m3_Hwi_Module_startup__E)
                  00009138    00000050     ti.targets.arm.rtsarm.aem4f : Startup.oem4f (.text:xdc_runtime_Startup_exec__E)
                  00009188    00000050                                 : Text.oem4f (.text:xdc_runtime_Text_visitRope2__I)
                  000091d8    0000004c     sampling.obj (.text:ADC_Trigger_Search)
                  00009224    00000004     --HOLE-- [fill = 0]
                  00009228    0000004c     comparator.obj (.text:Timer0A_ISR)
                  00009274    0000004c     rtsv7M4_T_le_v4SPD16_eabi.lib : atoi.c.obj (.text:atoi)
                  000092c0    0000004c                                   : cpy_tbl.c.obj (.text:copy_in)
                  0000930c    0000004c                                   : snprintf.c.obj (.text:snprintf)
                  00009358    0000004c     sysbios.aem4f : BIOS.obj (.text:ti_sysbios_heaps_HeapMem_getStats__E)
                  000093a4    00000004     --HOLE-- [fill = 0]
                  000093a8    0000004c                   : BIOS.obj (.text:ti_sysbios_knl_Swi_runLoop__I)
                  000093f4    00000004     --HOLE-- [fill = 0]
                  000093f8    0000004c                   : BIOS.obj (.text:ti_sysbios_knl_Task_allBlockedFunction__I)
                  00009444    0000004a     grlib.lib : string.obj (.text:UpdateContextCharMapping)
                  0000948e    00000002     --HOLE-- [fill = 0]
                  00009490    00000048     driverlib.lib : gpio.obj (.text:GPIOPinConfigure)
                  000094d8    00000048     HAL_EK_TM4C1294XL_Crystalfontz128x128_ST7735.obj (.text:HAL_LCD_writeCommand)
                  00009520    00000048     sysctl_pll.obj (.text:SysCtlFrequencyGet)
                  00009568    00000048     sampling.obj (.text:getADCBufferIndex)
                  000095b0    00000048     rtsv7M4_T_le_v4SPD16_eabi.lib : fd_toi_t2.asm.obj (.text)
                  000095f8    00000048     sysbios.aem4f : BIOS.obj (.text:ti_sysbios_family_arm_lm4_Timer_enableTimers__I)
                  00009640    00000048                   : BIOS.obj (.text:ti_sysbios_family_arm_m3_Hwi_disableInterrupt__E)
                  00009688    00000048                   : BIOS.obj (.text:ti_sysbios_family_arm_m3_Hwi_enableInterrupt__E)
                  000096d0    00000048                   : BIOS.obj (.text:ti_sysbios_family_arm_m3_Hwi_excReserved__I)
                  00009718    00000048                   : BIOS.obj (.text:ti_sysbios_knl_Mailbox_Module_startup__E)
                  00009760    00000048     driverlib.lib : udma.obj (.text:uDMAChannelAttributeDisable)
                  000097a8    00000046     grlib.lib : line.obj (.text:GrLineDrawH)
                  000097ee    00000046               : line.obj (.text:GrLineDrawV)
                  00009834    00000046     ti.targets.arm.rtsarm.aem4f : Core-params.oem4f (.text:xdc_runtime_Core_assignParams__I)
                  0000987a    00000006     --HOLE-- [fill = 0]
                  00009880    00000044     Crystalfontz128x128_ST7735.obj (.text:Crystalfontz128x128_SetOrientation)
                  000098c4    00000004     --HOLE-- [fill = 0]
                  000098c8    00000044     sysbios.aem4f : BIOS.obj (.text:ti_sysbios_family_arm_lm4_Timer_isrStub__E)
                  0000990c    00000004     --HOLE-- [fill = 0]
                  00009910    00000044                   : BIOS.obj (.text:ti_sysbios_family_arm_m3_Hwi_getStackInfo__E)
                  00009954    00000004     --HOLE-- [fill = 0]
                  00009958    00000044                   : BIOS.obj (.text:ti_sysbios_knl_Swi_post__E)
                  0000999c    00000044     ti.targets.arm.rtsarm.aem4f : Error.oem4f (.text:xdc_runtime_Error_setX__E)
                  000099e0    00000044                                 : SysMin.oem4f (.text:xdc_runtime_SysMin_flush__E)
                  00009a24    00000044                                 : Text.oem4f (.text:xdc_runtime_Text_xprintf__I)
                  00009a68    00000040     Crystalfontz128x128_ST7735.obj (.text:Crystalfontz128x128_LineDrawH)
                  00009aa8    00000040     rtsv7M4_T_le_v4SPD16_eabi.lib : u_divt2.asm.obj (.text)
                  00009ae8    00000040     sysbios.aem4f : BIOS.obj (.text:ti_sysbios_family_arm_lm4_Timer_startup__E)
                  00009b28    0000003e     driverlib.lib : adc.obj (.text:ADCSequenceConfigure)
                  00009b66    0000003e     rtsv7M4_T_le_v4SPD16_eabi.lib : _printfi.c.obj (.text:_fcpy)
                  00009ba4    0000003c     driverlib.lib : ssi.obj (.text:SSIConfigSetExpClk)
                  00009be0    0000003c     sysbios.aem4f : BIOS.obj (.text:ti_sysbios_family_arm_m3_Hwi_excSvCall__I)
                  00009c1c    00000004     --HOLE-- [fill = 0]
                  00009c20    0000003c                   : BIOS.obj (.text:ti_sysbios_heaps_HeapMem_init__I)
                  00009c5c    00000004     --HOLE-- [fill = 0]
                  00009c60    0000003c                   : BIOS.obj (.text:ti_sysbios_knl_Swi_restore__E)
                  00009c9c    0000003a     grlib.lib : string.obj (.text:FontGlyphDataGet)
                  00009cd6    00000002     --HOLE-- [fill = 0]
                  00009cd8    00000038     Crystalfontz128x128_ST7735.obj (.text:Crystalfontz128x128_Flush)
                  00009d10    00000038     pwm.obj (.text:PWM_ISR)
                  00009d48    00000038     rtsv7M4_T_le_v4SPD16_eabi.lib : trgmsg.c.obj (.text:__TI_writemsg)
                  00009d80    00000038                                   : fs_tod_t2.asm.obj (.text)
                  00009db8    00000038     sysbios.aem4f : BIOS.obj (.text:ti_sysbios_family_arm_m3_Hwi_excNoIsr__I)
                  00009df0    00000038                   : BIOS.obj (.text:ti_sysbios_knl_Task_processVitalTaskFlag__I)
                  00009e28    00000038     ti.targets.arm.rtsarm.aem4f : SysMin.oem4f (.text:xdc_runtime_SysMin_putch__E)
                  00009e60    00000038                                 : System.oem4f (.text:xdc_runtime_System_atexit__E)
                  00009e98    00000036     grlib.lib : line.obj (.text:GrClipCodeGet)
                  00009ece    00000002     --HOLE-- [fill = 0]
                  00009ed0    00000034     driverlib.lib : sysctl.obj (.text:SysCtlPeripheralEnable)
                  00009f04    00000034     rtsv7M4_T_le_v4SPD16_eabi.lib : trgmsg.c.obj (.text:__TI_readmsg)
                  00009f38    00000034     sysbios.aem4f : BIOS.obj (.text:ti_sysbios_family_arm_m3_Hwi_excNmi__I)
                  00009f6c    00000004     --HOLE-- [fill = 0]
                  00009f70    00000034                   : BIOS.obj (.text:ti_sysbios_hal_Hwi_checkStack)
                  00009fa4    00000034     ti.targets.arm.rtsarm.aem4f : Core-label.oem4f (.text:xdc_runtime_Core_assignLabel__I)
                  00009fd8    00000033                                 : Text.oem4f (.text:xdc_runtime_Text_printVisFxn__I)
                  0000a00b    00000005     --HOLE-- [fill = 0]
                  0000a010    00000032     sysbios.aem4f : BIOS.obj (.text:ti_sysbios_hal_Hwi_initStack)
                  0000a042    00000030     rtsv7M4_T_le_v4SPD16_eabi.lib : snprintf.c.obj (.text:_outs)
                  0000a072    00000006     --HOLE-- [fill = 0]
                  0000a078    00000030     main.obj (.text:cpu_load_count)
                  0000a0a8    00000030     rtos_pem4f.oem4f (.text:ti_sysbios_BIOS_atExitFunc__I)
                  0000a0d8    00000030     sysbios.aem4f : BIOS.obj (.text:ti_sysbios_family_arm_lm4_Timer_stop__E)
                  0000a108    00000030                   : BIOS.obj (.text:ti_sysbios_family_arm_m3_TaskSupport_start__E)
                  0000a138    00000030     rtos_pem4f.oem4f (.text:ti_sysbios_gates_GateHwi_Object__create__S)
                  0000a168    00000030     rtos_pem4f.oem4f (.text:ti_sysbios_gates_GateMutex_Object__create__S)
                  0000a198    00000030     rtos_pem4f.oem4f (.text:ti_sysbios_heaps_HeapMem_Object__create__S)
                  0000a1c8    00000030     sysbios.aem4f : BIOS.obj (.text:ti_sysbios_knl_Mailbox_postInit__I)
                  0000a1f8    00000030     rtos_pem4f.oem4f (.text:ti_sysbios_knl_Semaphore_construct)
                  0000a228    00000030     sysbios.aem4f : BIOS.obj (.text:ti_sysbios_knl_Semaphore_pendTimeout__I)
                  0000a258    00000030                   : BIOS.obj (.text:ti_sysbios_knl_Task_unblockI__E)
                  0000a288    00000030     ti.targets.arm.rtsarm.aem4f : SysMin.oem4f (.text:xdc_runtime_SysMin_abort__E)
                  0000a2b8    00000030                                 : System.oem4f (.text:xdc_runtime_System_processAtExit__E)
                  0000a2e8    0000002e     driverlib.lib : adc.obj (.text:ADCIntStatus)
                  0000a316    0000002e     grlib.lib : string.obj (.text:GrStringNextCharGet)
                  0000a344    00000004     --HOLE-- [fill = 0]
                  0000a348    0000002e     rtos_pem4f.oem4f (.text:malloc)
                  0000a376    0000002e     rtsv7M4_T_le_v4SPD16_eabi.lib : i_tofd_t2.asm.obj (.text)
                  0000a3a4    00000004     --HOLE-- [fill = 0]
                  0000a3a8    0000002c     rtos_pem4f.oem4f (.text:ti_sysbios_knl_Clock_doTick__I)
                  0000a3d4    00000004     --HOLE-- [fill = 0]
                  0000a3d8    0000002c     rtos_pem4f.oem4f (.text:ti_sysbios_knl_Queue_construct)
                  0000a404    00000004     --HOLE-- [fill = 0]
                  0000a408    0000002c     sysbios.aem4f : BIOS.obj (.text:ti_sysbios_knl_Task_restore__E)
                  0000a434    0000002c     driverlib.lib : udma.obj (.text:uDMAChannelAssign)
                  0000a460    0000002c     ti.targets.arm.rtsarm.aem4f : Text.oem4f (.text:xdc_runtime_Text_cordText__E)
                  0000a48c    0000002a     driverlib.lib : gpio.obj (.text:GPIODirModeSet)
                  0000a4b6    0000002a     ti.targets.arm.rtsarm.aem4f : System.oem4f (.text:xdc_runtime_System_putchar__I)
                  0000a4e0    00000028     rtsv7M4_T_le_v4SPD16_eabi.lib : e_sqrtf.c.obj (.text:sqrtf)
                  0000a508    00000028     sysbios.aem4f : BIOS.obj (.text:ti_sysbios_knl_Clock_addI__E)
                  0000a530    00000028                   : BIOS.obj (.text:ti_sysbios_knl_Swi_Module_startup__E)
                  0000a558    00000028     driverlib.lib : udma.obj (.text:uDMAChannelModeGet)
                  0000a580    00000026     grlib.lib : string.obj (.text:GrFontInfoGet)
                  0000a5a6    00000026     sysbios.aem4f : m3_Hwi_asm.obj (.text:ti_sysbios_family_arm_m3_Hwi_pendSV__I)
                  0000a5cc    00000026     ti.targets.arm.rtsarm.aem4f : System.oem4f (.text:xdc_runtime_System_avprintf__E)
                  0000a5f2    00000006     --HOLE-- [fill = 0]
                  0000a5f8    00000024     rtos_pem4f.oem4f (.text:ti_sysbios_BIOS_errorRaiseHook__I)
                  0000a61c    00000004     --HOLE-- [fill = 0]
                  0000a620    00000024     rtos_pem4f.oem4f (.text:ti_sysbios_BIOS_registerRTSLock__I)
                  0000a644    00000004     --HOLE-- [fill = 0]
                  0000a648    00000024     rtos_pem4f.oem4f (.text:ti_sysbios_BIOS_removeRTSLock__I)
                  0000a66c    00000004     --HOLE-- [fill = 0]
                  0000a670    00000024     rtos_pem4f.oem4f (.text:ti_sysbios_BIOS_startFunc__I)
                  0000a694    00000004     --HOLE-- [fill = 0]
                  0000a698    00000024     rtos_pem4f.oem4f (.text:ti_sysbios_gates_GateMutex_Object__delete__S)
                  0000a6bc    00000004     --HOLE-- [fill = 0]
                  0000a6c0    00000024     sysbios.aem4f : BIOS.obj (.text:ti_sysbios_knl_Clock_Module_startup__E)
                  0000a6e4    00000004     --HOLE-- [fill = 0]
                  0000a6e8    00000024                   : BIOS.obj (.text:ti_sysbios_knl_Task_restoreHwi__E)
                  0000a70c    00000024     driverlib.lib : udma.obj (.text:uDMAChannelControlSet)
                  0000a730    00000024                   : udma.obj (.text:uDMAChannelSizeGet)
                  0000a754    00000024     ti.targets.arm.rtsarm.aem4f : System.oem4f (.text:xdc_runtime_System_vprintf__E)
                  0000a778    00000022     grlib.lib : string.obj (.text:GrFontGlyphDataGet)
                  0000a79a    00000022     driverlib.lib : pwm.obj (.text:PWMGenConfigure)
                  0000a7bc    00000004     --HOLE-- [fill = 0]
                  0000a7c0    00000022     sysbios.aem4f : BIOS.obj (.text:ti_sysbios_family_arm_lm4_Timer_write__I)
                  0000a7e2    00000006     --HOLE-- [fill = 0]
                  0000a7e8    00000022     rtos_pem4f.oem4f (.text:xdc_runtime_SysMin_output__I)
                  0000a80a    00000002     --HOLE-- [fill = 0]
                  0000a80c    00000020     Boot.aem4f : Boot_sysctl.oem4f (.text:_SysCtlMemTimingGet)
                  0000a82c    00000004     --HOLE-- [fill = 0]
                  0000a830    00000020     rtos_pem4f.oem4f (.text:ti_sysbios_BIOS_rtsLock__I)
                  0000a850    00000020     sysbios.aem4f : m3_Hwi_asm.obj (.text:ti_sysbios_family_arm_m3_Hwi_excHandlerAsm__I)
                  0000a870    00000020                   : BIOS.obj (.text:ti_sysbios_family_arm_m3_Hwi_excHandler__I)
                  0000a890    00000020     rtos_pem4f.oem4f (.text:ti_sysbios_gates_GateHwi_Object__delete__S)
                  0000a8b0    00000020     rtos_pem4f.oem4f (.text:ti_sysbios_heaps_HeapMem_Object__delete__S)
                  0000a8d0    00000020     sysbios.aem4f : BIOS.obj (.text:ti_sysbios_knl_Idle_run__E)
                  0000a8f0    00000020     rtos_pem4f.oem4f (.text:ti_sysbios_knl_Semaphore_Object__destruct__S)
                  0000a910    00000020     ti.targets.arm.rtsarm.aem4f : Registry.oem4f (.text:xdc_runtime_Registry_findById__E)
                  0000a930    00000020                                 : SysMin.oem4f (.text:xdc_runtime_SysMin_Module_startup__E)
                  0000a950    0000001e     driverlib.lib : adc.obj (.text:ADCSequenceDataGet)
                  0000a96e    00000002     --HOLE-- [fill = 0]
                  0000a970    0000001e     Crystalfontz128x128_ST7735.obj (.text:Crystalfontz128x128_ColorTranslate)
                  0000a98e    0000001e     grlib.lib : string.obj (.text:GrFontCodepageGet)
                  0000a9ac    0000001e     driverlib.lib : pwm.obj (.text:PWMPulseWidthSet)
                  0000a9ca    0000001e     sysbios.aem4f : m3_Hwi_asm_switch.obj (.text:ti_sysbios_family_xxx_Hwi_switchAndRunFunc)
                  0000a9e8    0000001c     Crystalfontz128x128_ST7735.obj (.text:Crystalfontz128x128_LineDrawV)
                  0000aa04    0000001c     rtsv7M4_T_le_v4SPD16_eabi.lib : memccpy.c.obj (.text:memccpy)
                  0000aa20    0000001c     sysbios.aem4f : BIOS.obj (.text:ti_sysbios_gates_GateMutex_Instance_init__E)
                  0000aa3c    00000004     --HOLE-- [fill = 0]
                  0000aa40    0000001c     rtos_pem4f.oem4f (.text:ti_sysbios_knl_Queue_Object__destruct__S)
                  0000aa5c    00000004     --HOLE-- [fill = 0]
                  0000aa60    0000001c     sysbios.aem4f : BIOS.obj (.text:ti_sysbios_knl_Queue_get__E)
                  0000aa7c    00000004     --HOLE-- [fill = 0]
                  0000aa80    0000001c                   : BIOS.obj (.text:ti_sysbios_knl_Queue_put__E)
                  0000aa9c    00000004     --HOLE-- [fill = 0]
                  0000aaa0    0000001c                   : BIOS.obj (.text:ti_sysbios_knl_Task_enter__I)
                  0000aabc    0000001c     ti.targets.arm.rtsarm.aem4f : Error.oem4f (.text:xdc_runtime_Error_raiseX__E)
                  0000aad8    0000001c                                 : Memory.oem4f (.text:xdc_runtime_Memory_valloc__E)
                  0000aaf4    0000001c                                 : SysMin.oem4f (.text:xdc_runtime_SysMin_exit__E)
                  0000ab10    0000001c                                 : System.oem4f (.text:xdc_runtime_System_abort__E)
                  0000ab2c    0000001a     rtsv7M4_T_le_v4SPD16_eabi.lib : s_copysign.c.obj (.text:copysign)
                  0000ab46    00000002     --HOLE-- [fill = 0]
                  0000ab48    0000001a     rtos_pem4f.oem4f (.text:free)
                  0000ab62    00000006     --HOLE-- [fill = 0]
                  0000ab68    0000001a     rtos_pem4f.oem4f (.text:ti_sysbios_family_arm_m3_Hwi_Handle__label__S)
                  0000ab82    00000006     --HOLE-- [fill = 0]
                  0000ab88    0000001a     rtos_pem4f.oem4f (.text:ti_sysbios_gates_GateHwi_Handle__label__S)
                  0000aba2    00000006     --HOLE-- [fill = 0]
                  0000aba8    0000001a     rtos_pem4f.oem4f (.text:ti_sysbios_gates_GateMutex_Handle__label__S)
                  0000abc2    00000006     --HOLE-- [fill = 0]
                  0000abc8    0000001a     rtos_pem4f.oem4f (.text:ti_sysbios_heaps_HeapMem_Handle__label__S)
                  0000abe2    00000006     --HOLE-- [fill = 0]
                  0000abe8    0000001a     rtos_pem4f.oem4f (.text:ti_sysbios_knl_Swi_Handle__label__S)
                  0000ac02    00000006     --HOLE-- [fill = 0]
                  0000ac08    0000001a     rtos_pem4f.oem4f (.text:ti_sysbios_knl_Task_Handle__label__S)
                  0000ac22    00000006     --HOLE-- [fill = 0]
                  0000ac28    0000001a     rtos_pem4f.oem4f (.text:xdc_runtime_System_aprintf__E)
                  0000ac42    00000006     --HOLE-- [fill = 0]
                  0000ac48    0000001a     rtos_pem4f.oem4f (.text:xdc_runtime_System_printf__E)
                  0000ac62    00000018     driverlib.lib : adc.obj (.text:ADCClockConfigSet)
                  0000ac7a    00000018                   : adc.obj (.text:ADCProcessorTrigger)
                  0000ac92    00000018                   : gpio.obj (.text:GPIOPinTypeGPIOOutput)
                  0000acaa    00000002     --HOLE-- [fill = 0]
                  0000acac    00000018     rtsv7M4_T_le_v4SPD16_eabi.lib : args_main.c.obj (.text:_args_main)
                  0000acc4    00000018                                   : snprintf.c.obj (.text:_outc)
                  0000acdc    00000004     --HOLE-- [fill = 0]
                  0000ace0    00000018     rtos_pem4f.oem4f (.text:ti_sysbios_BIOS_rtsUnlock__I)
                  0000acf8    00000018     rtos_pem4f.oem4f (.text:ti_sysbios_family_arm_lm4_Timer_Module__startupDone__F)
                  0000ad10    00000018     rtos_pem4f.oem4f (.text:ti_sysbios_family_arm_m3_Hwi_Module__startupDone__F)
                  0000ad28    00000018     sysbios.aem4f : m3_TaskSupport_asm.obj (.text:ti_sysbios_family_arm_m3_TaskSupport_swap__E)
                  0000ad40    00000018                   : BIOS.obj (.text:ti_sysbios_gates_GateMutex_leave__E)
                  0000ad58    00000018     driverlib.lib : udma.obj (.text:uDMAChannelEnable)
                  0000ad70    00000018                   : udma.obj (.text:uDMAChannelIsEnabled)
                  0000ad88    00000018     ti.targets.arm.rtsarm.aem4f : Error.oem4f (.text:xdc_runtime_Error_check__E)
                  0000ada0    00000018                                 : System.oem4f (.text:xdc_runtime_System_exit__E)
                  0000adb8    00000018                                 : Text.oem4f (.text:xdc_runtime_Text_ropeText__E)
                  0000add0    00000016     grlib.lib : string.obj (.text:GrStringDraw)
                  0000ade6    00000016     driverlib.lib : timer.obj (.text:TimerControlEvent)
                  0000adfc    00000016     rtsv7M4_T_le_v4SPD16_eabi.lib : strchr.c.obj (.text:strchr)
                  0000ae12    00000006     --HOLE-- [fill = 0]
                  0000ae18    00000016     rtos_pem4f.oem4f (.text:ti_sysbios_BIOS_exitFunc__I)
                  0000ae2e    00000002     --HOLE-- [fill = 0]
                  0000ae30    00000016     sysbios.aem4f : BIOS.obj (.text:ti_sysbios_knl_Task_unblock__E)
                  0000ae46    00000002     --HOLE-- [fill = 0]
                  0000ae48    00000014     Crystalfontz128x128_ST7735.obj (.text:Crystalfontz128x128_PixelDraw)
                  0000ae5c    00000014     driverlib.lib : pwm.obj (.text:PWMClockSet)
                  0000ae70    00000014                   : timer.obj (.text:TimerDisable)
                  0000ae84    00000014     rtsv7M4_T_le_v4SPD16_eabi.lib : strlen.c.obj (.text:strlen)
                  0000ae98    00000014     rtos_pem4f.oem4f (.text:ti_sysbios_family_arm_m3_Hwi_Object__get__S)
                  0000aeac    00000004     --HOLE-- [fill = 0]
                  0000aeb0    00000014     sysbios.aem4f : BIOS.obj (.text:ti_sysbios_family_arm_m3_Hwi_switchFromBootStack__E)
                  0000aec4    00000004     --HOLE-- [fill = 0]
                  0000aec8    00000014     rtos_pem4f.oem4f (.text:ti_sysbios_heaps_HeapMem_Object__get__S)
                  0000aedc    00000004     --HOLE-- [fill = 0]
                  0000aee0    00000014     rtos_pem4f.oem4f (.text:ti_sysbios_knl_Mailbox_Object__get__S)
                  0000aef4    00000004     --HOLE-- [fill = 0]
                  0000aef8    00000014     rtos_pem4f.oem4f (.text:ti_sysbios_knl_Swi_Object__get__S)
                  0000af0c    00000012     driverlib.lib : gpio.obj (.text:GPIOPinTypeADC)
                  0000af1e    00000012                   : gpio.obj (.text:GPIOPinTypeComparator)
                  0000af30    00000012                   : gpio.obj (.text:GPIOPinTypeComparatorOutput)
                  0000af42    00000012                   : gpio.obj (.text:GPIOPinTypeGPIOInput)
                  0000af54    00000012                   : gpio.obj (.text:GPIOPinTypePWM)
                  0000af66    00000012                   : gpio.obj (.text:GPIOPinTypeSSI)
                  0000af78    00000012                   : gpio.obj (.text:GPIOPinTypeTimer)
                  0000af8a    00000012                   : pwm.obj (.text:PWMOutputInvert)
                  0000af9c    00000012                   : pwm.obj (.text:PWMOutputState)
                  0000afae    00000012                   : timer.obj (.text:TimerLoadSet)
                  0000afc0    00000012                   : timer.obj (.text:TimerPrescaleSet)
                  0000afd2    00000006     --HOLE-- [fill = 0]
                  0000afd8    00000012     sysbios.aem4f : BIOS.obj (.text:ti_sysbios_hal_Hwi_Module_startup__E)
                  0000afea    00000012     rtsv7M4_T_le_v4SPD16_eabi.lib : wcslen.c.obj (.text:wcslen)
                  0000affc    00000004     --HOLE-- [fill = 0]
                  0000b000    00000012     rtos_pem4f.oem4f (.text:xdc_runtime_Startup_exec__I)
                  0000b012    00000006     --HOLE-- [fill = 0]
                  0000b018    00000010     rtos_pem4f.oem4f (.text:.bootCodeSection:ti_catalog_arm_cortexm4_tiva_ce_Boot_init__I)
                  0000b028    00000010     driverlib.lib : adc.obj (.text:ADCSequenceDMAEnable)
                  0000b038    00000010                   : interrupt.obj (.text:IntMasterDisable)
                  0000b048    00000010                   : interrupt.obj (.text:IntMasterEnable)
                  0000b058    00000010                   : pwm.obj (.text:PWMGenPeriodSet)
                  0000b068    00000010     sysbios.aem4f : BIOS.obj (.text:ti_sysbios_BIOS_setThreadType__E)
                  0000b078    00000010                   : BIOS.obj (.text:ti_sysbios_BIOS_start__E)
                  0000b088    00000010                   : m3_TaskSupport_asm.obj (.text:ti_sysbios_family_arm_m3_TaskSupport_glue)
                  0000b098    00000010                   : BIOS.obj (.text:ti_sysbios_gates_GateMutex_Instance_finalize__E)
                  0000b0a8    00000010                   : BIOS.obj (.text:ti_sysbios_knl_Semaphore_Instance_finalize__E)
                  0000b0b8    00000010                   : BIOS.obj (.text:ti_sysbios_knl_Swi_disable__E)
                  0000b0c8    00000010     rtos_pem4f.oem4f (.text:ti_sysbios_knl_Task_Object__get__S)
                  0000b0d8    00000010     sysbios.aem4f : BIOS.obj (.text:ti_sysbios_knl_Task_disable__E)
                  0000b0e8    00000010     driverlib.lib : udma.obj (.text:uDMAEnable)
                  0000b0f8    00000010     ti.targets.arm.rtsarm.aem4f : Gate.oem4f (.text:xdc_runtime_Gate_leaveSystem__E)
                  0000b108    00000010                                 : Memory.oem4f (.text:xdc_runtime_Memory_free__E)
                  0000b118    00000010                                 : SysMin.oem4f (.text:xdc_runtime_SysMin_ready__E)
                  0000b128    00000010                                 : System.oem4f (.text:xdc_runtime_System_vsnprintf__E)
                  0000b138    00000010     rtos_pem4f.oem4f (.text:xdc_runtime_Text_visitRope__I)
                  0000b148    0000000e     driverlib.lib : adc.obj (.text:ADCSequenceDisable)
                  0000b156    0000000e                   : adc.obj (.text:ADCSequenceEnable)
                  0000b164    0000000e                   : timer.obj (.text:TimerEnable)
                  0000b172    0000000e     rtsv7M4_T_le_v4SPD16_eabi.lib : copy_decompress_none.c.obj (.text:decompress:none:__TI_decompress_none)
                  0000b180    0000000e     sysbios.aem4f : BIOS.obj (.text:ti_sysbios_knl_Idle_loop__E)
                  0000b18e    00000002     --HOLE-- [fill = 0]
                  0000b190    0000000e                   : BIOS.obj (.text:ti_sysbios_knl_Queue_empty__E)
                  0000b19e    0000000c     driverlib.lib : cpu.obj (.text:CPUcpsid)
                  0000b1aa    0000000c                   : cpu.obj (.text:CPUcpsie)
                  0000b1b6    00000002     --HOLE-- [fill = 0]
                  0000b1b8    0000000c     HAL_EK_TM4C1294XL_Crystalfontz128x128_ST7735.obj (.text:HAL_LCD_writeData)
                  0000b1c4    0000000c     driverlib.lib : pwm.obj (.text:PWMGenEnable)
                  0000b1d0    0000000c     rtsv7M4_T_le_v4SPD16_eabi.lib : _lock.c.obj (.text:_register_lock)
                  0000b1dc    0000000c                                   : _lock.c.obj (.text:_register_unlock)
                  0000b1e8    0000000c     main.obj (.text:buttonclock_func)
                  0000b1f4    0000000c     rtsv7M4_T_le_v4SPD16_eabi.lib : copy_zero_init.c.obj (.text:decompress:ZI:__TI_zero_init)
                  0000b200    0000000c     main.obj (.text:freq_clock)
                  0000b20c    00000004     --HOLE-- [fill = 0]
                  0000b210    0000000c     sysbios.aem4f : BIOS.obj (.text:ti_sysbios_family_arm_lm4_Timer_getMaxTicks__E)
                  0000b21c    00000004     --HOLE-- [fill = 0]
                  0000b220    0000000c                   : BIOS.obj (.text:ti_sysbios_family_arm_m3_TaskSupport_checkStack__E)
                  0000b22c    00000004     --HOLE-- [fill = 0]
                  0000b230    0000000c                   : BIOS.obj (.text:ti_sysbios_gates_GateHwi_enter__E)
                  0000b23c    00000004     --HOLE-- [fill = 0]
                  0000b240    0000000c     rtos_pem4f.oem4f (.text:ti_sysbios_knl_Queue_Object__get__S)
                  0000b24c    0000000c     driverlib.lib : udma.obj (.text:uDMAControlBaseSet)
                  0000b258    0000000c     ti.targets.arm.rtsarm.aem4f : Error.oem4f (.text:xdc_runtime_Error_init__E)
                  0000b264    0000000c                                 : Gate.oem4f (.text:xdc_runtime_Gate_enterSystem__E)
                  0000b270    0000000c                                 : Memory.oem4f (.text:xdc_runtime_Memory_calloc__E)
                  0000b27c    0000000c                                 : Memory.oem4f (.text:xdc_runtime_Memory_getMaxDefaultTypeAlign__E)
                  0000b288    0000000a     driverlib.lib : adc.obj (.text:ADCIntClear)
                  0000b292    0000000a                   : pwm.obj (.text:PWMGenIntTrigEnable)
                  0000b29c    0000000a                   : ssi.obj (.text:SSIDataPut)
                  0000b2a6    0000000a                   : ssi.obj (.text:SSIEnable)
                  0000b2b0    0000000a                   : timer.obj (.text:TimerIntStatus)
                  0000b2ba    0000000a                   : timer.obj (.text:TimerValueGet)
                  0000b2c4    00000004     --HOLE-- [fill = 0]
                  0000b2c8    0000000a     rtos_pem4f.oem4f (.text:xdc_runtime_IHeap_alloc)
                  0000b2d2    00000006     --HOLE-- [fill = 0]
                  0000b2d8    0000000a     rtos_pem4f.oem4f (.text:xdc_runtime_IHeap_free)
                  0000b2e2    00000008     driverlib.lib : adc.obj (.text:ADCIntEnableEx)
                  0000b2ea    00000008                   : comp.obj (.text:ComparatorConfigure)
                  0000b2f2    00000008     grlib.lib : charmap.obj (.text:GrMapISO8859_1_Unicode)
                  0000b2fa    00000008     driverlib.lib : pwm.obj (.text:PWMIntEnable)
                  0000b302    00000008                   : ssi.obj (.text:SSIBusy)
                  0000b30a    00000008                   : timer.obj (.text:TimerIntEnable)
                  0000b312    00000002     --HOLE-- [fill = 0]
                  0000b314    00000008     rtsv7M4_T_le_v4SPD16_eabi.lib : errno.c.obj (.text:__aeabi_errno_addr)
                  0000b31c    00000008     sysbios.aem4f : BIOS.obj (.text:ti_sysbios_family_arm_lm4_Timer_masterDisable__I)
                  0000b324    00000004     --HOLE-- [fill = 0]
                  0000b328    00000008                   : BIOS.obj (.text:ti_sysbios_family_arm_m3_Hwi_doSwiRestore__I)
                  0000b330    00000008                   : BIOS.obj (.text:ti_sysbios_family_arm_m3_Hwi_startup__E)
                  0000b338    00000006     kiss_fft.obj (.text:kiss_fft)
                  0000b33e    00000002     --HOLE-- [fill = 0]
                  0000b340    00000006     sysbios.aem4f : BIOS.obj (.text:ti_sysbios_family_arm_lm4_TimestampProvider_Module_startup__E)
                  0000b346    00000002     --HOLE-- [fill = 0]
                  0000b348    00000006                   : BIOS.obj (.text:ti_sysbios_family_arm_m3_Hwi_doTaskRestore__I)
                  0000b34e    00000002     --HOLE-- [fill = 0]
                  0000b350    00000006                   : BIOS.obj (.text:ti_sysbios_gates_GateHwi_leave__E)
                  0000b356    00000002     --HOLE-- [fill = 0]
                  0000b358    00000006                   : BIOS.obj (.text:ti_sysbios_heaps_HeapMem_isBlocking__E)
                  0000b35e    00000002     --HOLE-- [fill = 0]
                  0000b360    00000006                   : BIOS.obj (.text:ti_sysbios_knl_Queue_Instance_init__E)
                  0000b366    00000002     --HOLE-- [fill = 0]
                  0000b368    00000006                   : BIOS.obj (.text:ti_sysbios_knl_Swi_startup__E)
                  0000b36e    00000002     --HOLE-- [fill = 0]
                  0000b370    00000004     rtos_pem4f.oem4f (.text:ti_sysbios_BIOS_RtsGateProxy_enter__E)
                  0000b374    00000004     --HOLE-- [fill = 0]
                  0000b378    00000004     rtos_pem4f.oem4f (.text:ti_sysbios_BIOS_RtsGateProxy_leave__E)
                  0000b37c    00000004     --HOLE-- [fill = 0]
                  0000b380    00000004     rtos_pem4f.oem4f (.text:ti_sysbios_family_arm_m3_TaskSupport_Module__startupDone__S)
                  0000b384    00000004     --HOLE-- [fill = 0]
                  0000b388    00000004     sysbios.aem4f : BIOS.obj (.text:ti_sysbios_gates_GateHwi_query__E)
                  0000b38c    00000004     --HOLE-- [fill = 0]
                  0000b390    00000004                   : BIOS.obj (.text:ti_sysbios_gates_GateMutex_query__E)
                  0000b394    00000004     --HOLE-- [fill = 0]
                  0000b398    00000004     rtos_pem4f.oem4f (.text:ti_sysbios_heaps_HeapMem_Module_GateProxy_enter__E)
                  0000b39c    00000004     --HOLE-- [fill = 0]
                  0000b3a0    00000004     rtos_pem4f.oem4f (.text:ti_sysbios_heaps_HeapMem_Module_GateProxy_leave__E)
                  0000b3a4    00000004     --HOLE-- [fill = 0]
                  0000b3a8    00000004     rtos_pem4f.oem4f (.text:ti_sysbios_knl_Clock_TimerProxy_getMaxTicks__E)
                  0000b3ac    00000004     --HOLE-- [fill = 0]
                  0000b3b0    00000004     rtos_pem4f.oem4f (.text:ti_sysbios_knl_Queue_destruct)
                  0000b3b4    00000004     --HOLE-- [fill = 0]
                  0000b3b8    00000004     rtos_pem4f.oem4f (.text:ti_sysbios_knl_Semaphore_destruct)
                  0000b3bc    00000004     --HOLE-- [fill = 0]
                  0000b3c0    00000004     sysbios.aem4f : BIOS.obj (.text:ti_sysbios_knl_Task_startup__E)
                  0000b3c4    00000004     --HOLE-- [fill = 0]
                  0000b3c8    00000004     rtos_pem4f.oem4f (.text:xdc_runtime_System_Module_GateProxy_enter__E)
                  0000b3cc    00000004     --HOLE-- [fill = 0]
                  0000b3d0    00000004     rtos_pem4f.oem4f (.text:xdc_runtime_System_Module_GateProxy_leave__E)
                  0000b3d4    00000004     --HOLE-- [fill = 0]
                  0000b3d8    00000002     rtos_pem4f.oem4f (.text:ti_sysbios_BIOS_nullFunc__I)
                  0000b3da    00000006     --HOLE-- [fill = 0]
                  0000b3e0    00000002     sysbios.aem4f : BIOS.obj (.text:ti_sysbios_gates_GateHwi_Instance_init__E)
                  0000b3e2    00000006     --HOLE-- [fill = 0]
                  0000b3e8    00000002                   : BIOS.obj (.text:ti_sysbios_knl_Clock_logTick__E)
                  0000b3ea    00000006     --HOLE-- [fill = 0]
                  0000b3f0    00000002     rtos_pem4f.oem4f (.text:xdc_runtime_Startup_reset__I)

.const     0    0000b3f8    000027ca     
                  0000b3f8    000019e4     rtos_pem4f.oem4f (.const:xdc_runtime_Text_charTab__A)
                  0000cddc    000002f8     grlib.lib : fontfixed6x8.obj (.const:.string:g_pui8FontFixed6x8Data)
                  0000d0d4    00000004     rtos_pem4f.oem4f (.const:ti_catalog_arm_cortexm4_tiva_ce_Boot_A_mustNotUseEnhancedClockMode__C)
                  0000d0d8    00000158     rtsv7M4_T_le_v4SPD16_eabi.lib : k_rem_pio2.c.obj (.const:$O1$$)
                  0000d230    00000120     Boot.aem4f : Boot_sysctl.oem4f (.const:g_pppui32XTALtoVCO)
                  0000d350    00000101     rtsv7M4_T_le_v4SPD16_eabi.lib : ctype.c.obj (.const:.string:_ctypes_)
                  0000d451    00000001     rtos_pem4f.oem4f (.const:xdc_runtime_Error_policy__C)
                  0000d452    000000cc     rtos_pem4f.oem4f (.const:xdc_runtime_Text_nodeTab__A)
                  0000d51e    00000002     rtos_pem4f.oem4f (.const:ti_catalog_arm_cortexm4_tiva_ce_Boot_Module__id__C)
                  0000d520    000000c8     grlib.lib : fontfixed6x8.obj (.const:g_sFontFixed6x8)
                  0000d5e8    00000090     driverlib.lib : gpio.obj (.const:g_pui32GPIOBaseAddrs)
                  0000d678    0000006c     Boot.aem4f : Boot_sysctl.oem4f (.const:g_pui32Xtals)
                  0000d6e4    0000004c     rtos_pem4f.oem4f (.const)
                  0000d730    00000048     rtos_pem4f.oem4f (.const:.string)
                  0000d778    00000030     Boot.aem4f : Boot_sysctl.oem4f (.const:g_sXTALtoMEMTIM)
                  0000d7a8    00000028     Crystalfontz128x128_ST7735.obj (.const:g_sCrystalfontz128x128)
                  0000d7d0    00000028     rtos_pem4f.oem4f (.const:ti_sysbios_heaps_HeapMem_Module__FXNS__C)
                  0000d7f8    00000028     rtos_pem4f.oem4f (.const:xdc_runtime_Startup_sfxnTab__A)
                  0000d820    00000024     rtos_pem4f.oem4f (.const:ti_sysbios_gates_GateHwi_Module__FXNS__C)
                  0000d844    00000024     rtos_pem4f.oem4f (.const:ti_sysbios_gates_GateMutex_Module__FXNS__C)
                  0000d868    00000024     rtos_pem4f.oem4f (.const:ti_sysbios_heaps_HeapMem_Object__PARAMS__C)
                  0000d88c    00000024     rtos_pem4f.oem4f (.const:ti_sysbios_knl_Semaphore_Object__PARAMS__C)
                  0000d8b0    00000020     rtos_pem4f.oem4f (.const:ti_sysbios_gates_GateHwi_Object__DESC__C)
                  0000d8d0    00000020     rtos_pem4f.oem4f (.const:ti_sysbios_gates_GateMutex_Object__DESC__C)
                  0000d8f0    00000020     rtos_pem4f.oem4f (.const:ti_sysbios_heaps_HeapMem_Object__DESC__C)
                  0000d910    00000020     rtos_pem4f.oem4f (.const:ti_sysbios_knl_Queue_Object__DESC__C)
                  0000d930    00000020     rtos_pem4f.oem4f (.const:ti_sysbios_knl_Semaphore_Object__DESC__C)
                  0000d950    00000018     rtos_pem4f.oem4f (.const:ti_sysbios_gates_GateHwi_Object__PARAMS__C)
                  0000d968    00000018     rtos_pem4f.oem4f (.const:ti_sysbios_gates_GateMutex_Object__PARAMS__C)
                  0000d980    00000018     rtos_pem4f.oem4f (.const:ti_sysbios_knl_Queue_Object__PARAMS__C)
                  0000d998    00000018     rtos_pem4f.oem4f (.const:xdc_runtime_Startup_firstFxns__A)
                  0000d9b0    00000014     rtos_pem4f.oem4f (.const:xdc_runtime_Startup_sfxnRts__A)
                  0000d9c4    00000010     grlib.lib : context.obj (.const)
                  0000d9d4    00000008     Boot.aem4f : Boot_sysctl.oem4f (.const)
                  0000d9dc    00000008     rtos_pem4f.oem4f (.const:ti_sysbios_family_arm_m3_Hwi_excHookFuncs__A)
                  0000d9e4    00000008     rtos_pem4f.oem4f (.const:ti_sysbios_knl_Idle_funcList__C)
                  0000d9ec    00000008     rtos_pem4f.oem4f (.const:xdc_runtime_Startup_firstFxns__C)
                  0000d9f4    00000008     rtos_pem4f.oem4f (.const:xdc_runtime_Startup_lastFxns__C)
                  0000d9fc    00000007     main.obj (.const:.string:$P$T1$2)
                  0000da03    00000007     main.obj (.const:.string:$P$T2$3)
                  0000da0a    00000006     main.obj (.const:.string:$P$T0$1)
                  0000da10    00000004     rtos_pem4f.oem4f (.const:ti_catalog_arm_cortexm4_tiva_ce_Boot_Module__diagsEnabled__C)
                  0000da14    00000004     rtos_pem4f.oem4f (.const:ti_catalog_arm_cortexm4_tiva_ce_Boot_Module__diagsIncluded__C)
                  0000da18    00000004     rtos_pem4f.oem4f (.const:ti_catalog_arm_cortexm4_tiva_ce_Boot_Module__diagsMask__C)
                  0000da1c    00000004     rtos_pem4f.oem4f (.const:ti_sysbios_family_arm_lm4_Timer_enableFunc__C)
                  0000da20    00000004     rtos_pem4f.oem4f (.const:ti_sysbios_family_arm_lm4_Timer_numTimerDevices__C)
                  0000da24    00000004     rtos_pem4f.oem4f (.const:ti_sysbios_family_arm_lm4_Timer_startupNeeded__C)
                  0000da28    00000004     rtos_pem4f.oem4f (.const:ti_sysbios_family_arm_lm4_TimestampProvider_Module__diagsEnabled__C)
                  0000da2c    00000004     rtos_pem4f.oem4f (.const:ti_sysbios_family_arm_lm4_TimestampProvider_Module__diagsIncluded__C)
                  0000da30    00000004     rtos_pem4f.oem4f (.const:ti_sysbios_family_arm_lm4_TimestampProvider_Module__diagsMask__C)
                  0000da34    00000004     rtos_pem4f.oem4f (.const:ti_sysbios_family_arm_m3_Hwi_E_NMI__C)
                  0000da38    00000004     rtos_pem4f.oem4f (.const:ti_sysbios_family_arm_m3_Hwi_E_busFault__C)
                  0000da3c    00000004     rtos_pem4f.oem4f (.const:ti_sysbios_family_arm_m3_Hwi_E_debugMon__C)
                  0000da40    00000004     rtos_pem4f.oem4f (.const:ti_sysbios_family_arm_m3_Hwi_E_hardFault__C)
                  0000da44    00000004     rtos_pem4f.oem4f (.const:ti_sysbios_family_arm_m3_Hwi_E_memFault__C)
                  0000da48    00000004     rtos_pem4f.oem4f (.const:ti_sysbios_family_arm_m3_Hwi_E_noIsr__C)
                  0000da4c    00000004     rtos_pem4f.oem4f (.const:ti_sysbios_family_arm_m3_Hwi_E_reserved__C)
                  0000da50    00000004     rtos_pem4f.oem4f (.const:ti_sysbios_family_arm_m3_Hwi_E_svCall__C)
                  0000da54    00000004     rtos_pem4f.oem4f (.const:ti_sysbios_family_arm_m3_Hwi_E_usageFault__C)
                  0000da58    00000004     rtos_pem4f.oem4f (.const:ti_sysbios_family_arm_m3_Hwi_NUM_INTERRUPTS__C)
                  0000da5c    00000004     rtos_pem4f.oem4f (.const:ti_sysbios_family_arm_m3_Hwi_Object__count__C)
                  0000da60    00000004     rtos_pem4f.oem4f (.const:ti_sysbios_family_arm_m3_Hwi_ccr__C)
                  0000da64    00000004     rtos_pem4f.oem4f (.const:ti_sysbios_family_arm_m3_Hwi_excHandlerFunc__C)
                  0000da68    00000004     rtos_pem4f.oem4f (.const:ti_sysbios_family_arm_m3_Hwi_excHookFuncs__C)
                  0000da6c    00000004     rtos_pem4f.oem4f (.const:ti_sysbios_family_arm_m3_Hwi_nullIsrFunc__C)
                  0000da70    00000004     rtos_pem4f.oem4f (.const:ti_sysbios_family_arm_m3_Hwi_priGroup__C)
                  0000da74    00000004     rtos_pem4f.oem4f (.const:ti_sysbios_gates_GateMutex_A_badContext__C)
                  0000da78    00000004     rtos_pem4f.oem4f (.const:ti_sysbios_gates_GateMutex_Instance_State_sem__O)
                  0000da7c    00000004     rtos_pem4f.oem4f (.const:ti_sysbios_gates_GateMutex_Module__diagsEnabled__C)
                  0000da80    00000004     rtos_pem4f.oem4f (.const:ti_sysbios_gates_GateMutex_Module__diagsIncluded__C)
                  0000da84    00000004     rtos_pem4f.oem4f (.const:ti_sysbios_gates_GateMutex_Module__diagsMask__C)
                  0000da88    00000004     rtos_pem4f.oem4f (.const:ti_sysbios_hal_Hwi_E_stackOverflow__C)
                  0000da8c    00000004     rtos_pem4f.oem4f (.const:ti_sysbios_heaps_HeapMem_A_align__C)
                  0000da90    00000004     rtos_pem4f.oem4f (.const:ti_sysbios_heaps_HeapMem_A_heapSize__C)
                  0000da94    00000004     rtos_pem4f.oem4f (.const:ti_sysbios_heaps_HeapMem_A_invalidFree__C)
                  0000da98    00000004     rtos_pem4f.oem4f (.const:ti_sysbios_heaps_HeapMem_A_zeroBlock__C)
                  0000da9c    00000004     rtos_pem4f.oem4f (.const:ti_sysbios_heaps_HeapMem_E_memory__C)
                  0000daa0    00000004     rtos_pem4f.oem4f (.const:ti_sysbios_heaps_HeapMem_Module__diagsEnabled__C)
                  0000daa4    00000004     rtos_pem4f.oem4f (.const:ti_sysbios_heaps_HeapMem_Module__diagsIncluded__C)
                  0000daa8    00000004     rtos_pem4f.oem4f (.const:ti_sysbios_heaps_HeapMem_Module__diagsMask__C)
                  0000daac    00000004     rtos_pem4f.oem4f (.const:ti_sysbios_heaps_HeapMem_Module__gateObj__C)
                  0000dab0    00000004     rtos_pem4f.oem4f (.const:ti_sysbios_heaps_HeapMem_Object__count__C)
                  0000dab4    00000004     rtos_pem4f.oem4f (.const:ti_sysbios_heaps_HeapMem_reqAlign__C)
                  0000dab8    00000004     rtos_pem4f.oem4f (.const:ti_sysbios_knl_Clock_Module_State_clockQ__O)
                  0000dabc    00000004     rtos_pem4f.oem4f (.const:ti_sysbios_knl_Idle_funcList__A)
                  0000dac0    00000004     rtos_pem4f.oem4f (.const:ti_sysbios_knl_Mailbox_Instance_State_dataQue__O)
                  0000dac4    00000004     rtos_pem4f.oem4f (.const:ti_sysbios_knl_Mailbox_Instance_State_dataSem__O)
                  0000dac8    00000004     rtos_pem4f.oem4f (.const:ti_sysbios_knl_Mailbox_Instance_State_freeQue__O)
                  0000dacc    00000004     rtos_pem4f.oem4f (.const:ti_sysbios_knl_Mailbox_Instance_State_freeSem__O)
                  0000dad0    00000004     rtos_pem4f.oem4f (.const:ti_sysbios_knl_Mailbox_Object__count__C)
                  0000dad4    00000004     rtos_pem4f.oem4f (.const:ti_sysbios_knl_Mailbox_maxTypeAlign__C)
                  0000dad8    00000004     rtos_pem4f.oem4f (.const:ti_sysbios_knl_Semaphore_A_badContext__C)
                  0000dadc    00000004     rtos_pem4f.oem4f (.const:ti_sysbios_knl_Semaphore_A_noEvents__C)
                  0000dae0    00000004     rtos_pem4f.oem4f (.const:ti_sysbios_knl_Semaphore_A_overflow__C)
                  0000dae4    00000004     rtos_pem4f.oem4f (.const:ti_sysbios_knl_Semaphore_A_pendTaskDisabled__C)
                  0000dae8    00000004     rtos_pem4f.oem4f (.const:ti_sysbios_knl_Semaphore_Instance_State_pendQ__O)
                  0000daec    00000004     rtos_pem4f.oem4f (.const:ti_sysbios_knl_Semaphore_Module__diagsEnabled__C)
                  0000daf0    00000004     rtos_pem4f.oem4f (.const:ti_sysbios_knl_Semaphore_Module__diagsIncluded__C)
                  0000daf4    00000004     rtos_pem4f.oem4f (.const:ti_sysbios_knl_Semaphore_Module__diagsMask__C)
                  0000daf8    00000004     rtos_pem4f.oem4f (.const:ti_sysbios_knl_Swi_Object__count__C)
                  0000dafc    00000004     rtos_pem4f.oem4f (.const:ti_sysbios_knl_Task_E_spOutOfBounds__C)
                  0000db00    00000004     rtos_pem4f.oem4f (.const:ti_sysbios_knl_Task_E_stackOverflow__C)
                  0000db04    00000004     rtos_pem4f.oem4f (.const:ti_sysbios_knl_Task_Module_State_inactiveQ__O)
                  0000db08    00000004     rtos_pem4f.oem4f (.const:ti_sysbios_knl_Task_Object__count__C)
                  0000db0c    00000004     rtos_pem4f.oem4f (.const:ti_sysbios_knl_Task_allBlockedFunc__C)
                  0000db10    00000004     rtos_pem4f.oem4f (.const:ti_sysbios_knl_Task_numConstructedTasks__C)
                  0000db14    00000004     rtos_pem4f.oem4f (.const:xdc_runtime_Assert_E_assertFailed__C)
                  0000db18    00000004     rtos_pem4f.oem4f (.const:xdc_runtime_Core_A_initializedParams__C)
                  0000db1c    00000004     rtos_pem4f.oem4f (.const:xdc_runtime_Core_Module__diagsEnabled__C)
                  0000db20    00000004     rtos_pem4f.oem4f (.const:xdc_runtime_Core_Module__diagsIncluded__C)
                  0000db24    00000004     rtos_pem4f.oem4f (.const:xdc_runtime_Core_Module__diagsMask__C)
                  0000db28    00000004     rtos_pem4f.oem4f (.const:xdc_runtime_Error_E_memory__C)
                  0000db2c    00000004     rtos_pem4f.oem4f (.const:xdc_runtime_Error_Module__diagsEnabled__C)
                  0000db30    00000004     rtos_pem4f.oem4f (.const:xdc_runtime_Error_Module__diagsIncluded__C)
                  0000db34    00000004     rtos_pem4f.oem4f (.const:xdc_runtime_Error_Module__diagsMask__C)
                  0000db38    00000004     rtos_pem4f.oem4f (.const:xdc_runtime_Error_Module__loggerFxn8__C)
                  0000db3c    00000004     rtos_pem4f.oem4f (.const:xdc_runtime_Error_Module__loggerObj__C)
                  0000db40    00000004     rtos_pem4f.oem4f (.const:xdc_runtime_Error_policyFxn__C)
                  0000db44    00000004     rtos_pem4f.oem4f (.const:xdc_runtime_Error_raiseHook__C)
                  0000db48    00000004     rtos_pem4f.oem4f (.const:xdc_runtime_IGateProvider_Interface__BASE__C)
                  0000db4c    00000004     rtos_pem4f.oem4f (.const:xdc_runtime_IHeap_Interface__BASE__C)
                  0000db50    00000004     rtos_pem4f.oem4f (.const:xdc_runtime_IModule_Interface__BASE__C)
                  0000db54    00000004     rtos_pem4f.oem4f (.const:xdc_runtime_Log_L_error__C)
                  0000db58    00000004     rtos_pem4f.oem4f (.const:xdc_runtime_Memory_defaultHeapInstance__C)
                  0000db5c    00000004     rtos_pem4f.oem4f (.const:xdc_runtime_Startup_execImpl__C)
                  0000db60    00000004     rtos_pem4f.oem4f (.const:xdc_runtime_Startup_maxPasses__C)
                  0000db64    00000004     rtos_pem4f.oem4f (.const:xdc_runtime_Startup_sfxnRts__C)
                  0000db68    00000004     rtos_pem4f.oem4f (.const:xdc_runtime_Startup_sfxnTab__C)
                  0000db6c    00000004     rtos_pem4f.oem4f (.const:xdc_runtime_SysMin_bufSize__C)
                  0000db70    00000004     rtos_pem4f.oem4f (.const:xdc_runtime_SysMin_outputFunc__C)
                  0000db74    00000004     rtos_pem4f.oem4f (.const:xdc_runtime_System_Module__gateObj__C)
                  0000db78    00000004     rtos_pem4f.oem4f (.const:xdc_runtime_System_abortFxn__C)
                  0000db7c    00000004     rtos_pem4f.oem4f (.const:xdc_runtime_System_exitFxn__C)
                  0000db80    00000004     rtos_pem4f.oem4f (.const:xdc_runtime_System_extendFxn__C)
                  0000db84    00000004     rtos_pem4f.oem4f (.const:xdc_runtime_System_maxAtexitHandlers__C)
                  0000db88    00000004     rtos_pem4f.oem4f (.const:xdc_runtime_Text_charTab__C)
                  0000db8c    00000004     rtos_pem4f.oem4f (.const:xdc_runtime_Text_nameEmpty__C)
                  0000db90    00000004     rtos_pem4f.oem4f (.const:xdc_runtime_Text_nameStatic__C)
                  0000db94    00000004     rtos_pem4f.oem4f (.const:xdc_runtime_Text_nameUnknown__C)
                  0000db98    00000004     rtos_pem4f.oem4f (.const:xdc_runtime_Text_nodeTab__C)
                  0000db9c    00000004     rtos_pem4f.oem4f (.const:xdc_runtime_Text_visitRopeFxn__C)
                  0000dba0    00000002     rtos_pem4f.oem4f (.const:ti_sysbios_family_arm_lm4_TimestampProvider_Module__id__C)
                  0000dba2    00000002     rtos_pem4f.oem4f (.const:ti_sysbios_family_arm_lm4_TimestampProvider_useClockTimer__C)
                  0000dba4    00000002     rtos_pem4f.oem4f (.const:ti_sysbios_family_arm_m3_Hwi_Module__id__C)
                  0000dba6    00000002     rtos_pem4f.oem4f (.const:ti_sysbios_gates_GateMutex_Module__id__C)
                  0000dba8    00000002     rtos_pem4f.oem4f (.const:ti_sysbios_hal_Hwi_Module__id__C)
                  0000dbaa    00000002     rtos_pem4f.oem4f (.const:ti_sysbios_heaps_HeapMem_Module__id__C)
                  0000dbac    00000002     rtos_pem4f.oem4f (.const:ti_sysbios_knl_Semaphore_Module__id__C)
                  0000dbae    00000002     rtos_pem4f.oem4f (.const:ti_sysbios_knl_Task_Module__id__C)
                  0000dbb0    00000002     rtos_pem4f.oem4f (.const:xdc_runtime_Core_Module__id__C)
                  0000dbb2    00000002     rtos_pem4f.oem4f (.const:xdc_runtime_Error_Module__loggerDefined__C)
                  0000dbb4    00000002     rtos_pem4f.oem4f (.const:xdc_runtime_Error_maxDepth__C)
                  0000dbb6    00000002     rtos_pem4f.oem4f (.const:xdc_runtime_Memory_Module__id__C)
                  0000dbb8    00000002     rtos_pem4f.oem4f (.const:xdc_runtime_SysMin_flushAtExit__C)
                  0000dbba    00000002     rtos_pem4f.oem4f (.const:xdc_runtime_Text_charCnt__C)
                  0000dbbc    00000002     rtos_pem4f.oem4f (.const:xdc_runtime_Text_isLoaded__C)
                  0000dbbe    00000002     rtos_pem4f.oem4f (.const:xdc_runtime_Text_registryModsLastId__C)
                  0000dbc0    00000002     rtos_pem4f.oem4f (.const:xdc_runtime_Text_unnamedModsLastId__C)

.cinit     0    0000dbc8    00000328     
                  0000dbc8    000002ee     (.cinit..data.load) [load image, compression = lzss]
                  0000deb6    00000002     --HOLE-- [fill = 0]
                  0000deb8    0000000c     (__TI_handler_table)
                  0000dec4    00000004     --HOLE-- [fill = 0]
                  0000dec8    00000008     (.cinit..bss.load) [load image, compression = zero_init]
                  0000ded0    00000008     (.cinit..vecs.load) [load image, compression = zero_init]
                  0000ded8    00000018     (__TI_cinit_table)

.init_array 
*          0    00000000    00000000     UNINITIALIZED

.resetVecs 
*          0    00000000    0000003c     
                  00000000    0000003c     rtos_pem4f.oem4f (.resetVecs)

.bss       0    20000400    0000e616     UNINITIALIZED
                  20000400    00003c00     rtos_pem4f.oem4f (.bss:taskStackSection)
                  20004000    00002108     main.obj (.bss:kiss_fft_cfg_buffer)
                  20006108    00002000     main.obj (.bss:in)
                  20008108    00002000     main.obj (.bss:out)
                  2000a108    00001000     main.obj (.bss:w$5)
                  2000b108    00001000     main.obj (.bss:ycoor_fft)
                  2000c108    00001000     (.common:gADCBuffer)
                  2000d108    00000800     main.obj (.bss:fft_sample)
                  2000d908    00000204     main.obj (.bss:ycoor)
                  2000db0c    00000004     (.common:cfg)
                  2000db10    000000a0     (.common:ti_sysbios_knl_Mailbox_Instance_State_0_allocBuf__A)
                  2000dbb0    00000034     main.obj (.bss:frequency)
                  2000dbe4    00000014     buttons.obj (.bss:state$1)
                  2000dbf8    00000008     (.common:parmbuf)
                  2000dc00    00000400     (.common:gDMAControlTable)
                  2000e000    00000400     (.common:ti_sysbios_heaps_HeapMem_Instance_State_0_buf__A)
                  2000e400    00000360     (.common:ti_sysbios_family_arm_m3_Hwi_dispatchTable)
                  2000e760    00000120     rtsv7M4_T_le_v4SPD16_eabi.lib : trgmsg.c.obj (.bss:_CIOBUF_)
                  2000e880    00000100     main.obj (.bss:sample)
                  2000e980    00000080     (.common:xdc_runtime_SysMin_Module_State_0_outbuf__A)
                  2000ea00    00000004     (.common:gADCSamplingRate)
                  2000ea04    00000004     (.common:g_psGrLibDefaults)
                  2000ea08    00000004     (.common:x)
                  2000ea0c    00000002     (.common:Lcd_ScreenHeigth)
                  2000ea0e    00000002     (.common:Lcd_ScreenWidth)
                  2000ea10    00000002     (.common:Lcd_TouchTrim)
                  2000ea12    00000001     (.common:Lcd_FlagRead)
                  2000ea13    00000001     (.common:Lcd_FontSolid)
                  2000ea14    00000001     (.common:Lcd_Orientation)
                  2000ea15    00000001     (.common:Lcd_PenSolid)

.data      0    2000ea18    00008b7d     UNINITIALIZED
                  2000ea18    00008000     Crystalfontz128x128_ST7735.obj (.data:Lcd_buffer)
                  20016a18    00000400     pwm.obj (.data:gPWMWaveformTable)
                  20016e18    00000214     rtos_pem4f.oem4f (.data:ti_sysbios_knl_Task_Object__table__V)
                  2001702c    00000080     rtos_pem4f.oem4f (.data:ti_sysbios_knl_Swi_Module_State_0_readyQ__A)
                  200170ac    00000080     rtos_pem4f.oem4f (.data:ti_sysbios_knl_Task_Module_State_0_readyQ__A)
                  2001712c    00000064     rtos_pem4f.oem4f (.data:ti_sysbios_knl_Semaphore_Object__table__V)
                  20017190    00000060     rtos_pem4f.oem4f (.data:ti_sysbios_family_arm_m3_Hwi_Object__table__V)
                  200171f0    00000050     rtos_pem4f.oem4f (.data:ti_sysbios_knl_Mailbox_Object__table__V)
                  20017240    00000044     rtos_pem4f.oem4f (.data:ti_sysbios_knl_Task_Module__state__V)
                  20017284    00000040     rtos_pem4f.oem4f (.data:ti_sysbios_family_arm_lm4_Timer_Module_State_0_device__A)
                  200172c4    00000040     rtos_pem4f.oem4f (.data:ti_sysbios_family_arm_lm4_Timer_Object__table__V)
                  20017304    00000040     rtos_pem4f.oem4f (.data:ti_sysbios_knl_Clock_Object__table__V)
                  20017344    00000038     rtos_pem4f.oem4f (.data:ti_sysbios_gates_GateMutex_Object__table__V)
                  2001737c    00000034     rtos_pem4f.oem4f (.data:ti_sysbios_family_arm_m3_Hwi_Module__state__V)
                  200173b0    00000030     rtos_pem4f.oem4f (.data:ti_sysbios_knl_Swi_Object__table__V)
                  200173e0    0000002c     rtos_pem4f.oem4f (.data:ti_sysbios_knl_Clock_Module__state__V)
                  2001740c    00000024     buttons.obj (.data:count$2)
                  20017430    00000024     rtos_pem4f.oem4f (.data:ti_sysbios_BIOS_Module__state__V)
                  20017454    00000020     main.obj (.data)
                  20017474    00000020     rtos_pem4f.oem4f (.data:ti_sysbios_family_arm_lm4_Timer_Module_State_0_handles__A)
                  20017494    0000001c     rtos_pem4f.oem4f (.data:ti_sysbios_knl_Swi_Module__state__V)
                  200174b0    00000018     rtos_pem4f.oem4f (.data:ti_sysbios_heaps_HeapMem_Object__table__V)
                  200174c8    00000010     main.obj (.data:Vscale)
                  200174d8    00000010     comparator.obj (.data)
                  200174e8    0000000c     rtos_pem4f.oem4f (.data:ti_sysbios_family_arm_lm4_Timer_Module__state__V)
                  200174f4    0000000c     rtos_pem4f.oem4f (.data:ti_sysbios_gates_GateHwi_Object__table__V)
                  20017500    0000000c     rtos_pem4f.oem4f (.data:xdc_runtime_SysMin_Module__state__V)
                  2001750c    00000008     rtsv7M4_T_le_v4SPD16_eabi.lib : _lock.c.obj (.data:$O1$$)
                  20017514    00000008     buttons.obj (.data:gJoystick)
                  2001751c    00000008     pwm.obj (.data)
                  20017524    00000008     rtos_pem4f.oem4f (.data:ti_sysbios_family_arm_lm4_TimestampProvider_Module__state__V)
                  2001752c    00000008     rtos_pem4f.oem4f (.data:ti_sysbios_gates_GateHwi_Module__root__V)
                  20017534    00000008     rtos_pem4f.oem4f (.data:ti_sysbios_gates_GateMutex_Module__root__V)
                  2001753c    00000008     rtos_pem4f.oem4f (.data:ti_sysbios_heaps_HeapMem_Module__root__V)
                  20017544    00000008     rtos_pem4f.oem4f (.data:ti_sysbios_knl_Queue_Module__root__V)
                  2001754c    00000008     rtos_pem4f.oem4f (.data:ti_sysbios_knl_Semaphore_Module__root__V)
                  20017554    00000008     rtos_pem4f.oem4f (.data:xdc_runtime_Registry_Module__state__V)
                  2001755c    00000008     rtos_pem4f.oem4f (.data:xdc_runtime_Startup_Module__state__V)
                  20017564    00000008     rtos_pem4f.oem4f (.data:xdc_runtime_System_Module_State_0_atexitHandlers__A)
                  2001756c    00000008     rtos_pem4f.oem4f (.data:xdc_runtime_System_Module__state__V)
                  20017574    00000004     buttons.obj (.data)
                  20017578    00000004     rtsv7M4_T_le_v4SPD16_eabi.lib : errno.c.obj (.data)
                  2001757c    00000004                                   : stkdepth_vars.c.obj (.data)
                  20017580    00000004     rtos_pem4f.oem4f (.data:ti_sysbios_family_arm_m3_Hwi_Module_State_0_excContext__A)
                  20017584    00000004     rtos_pem4f.oem4f (.data:ti_sysbios_family_arm_m3_Hwi_Module_State_0_excStack__A)
                  20017588    00000004     rtos_pem4f.oem4f (.data:ti_sysbios_knl_Task_Module_State_0_idleTask__A)
                  2001758c    00000004     rtos_pem4f.oem4f (.data:xdc_runtime_Memory_Module__state__V)
                  20017590    00000002     rtos_pem4f.oem4f (.data:ti_sysbios_family_arm_m3_Hwi_Module_State_0_excActive__A)
                  20017592    00000002     rtos_pem4f.oem4f (.data:xdc_runtime_Error_Module__state__V)
                  20017594    00000001     sampling.obj (.data)

.stack     0    20017598    00000800     UNINITIALIZED
                  20017598    00000800     --HOLE--

.bootVecs 
*          0    00000000    00000008     DSECT
                  00000000    00000008     boot.aem4f : boot.oem4f (.bootVecs)

.vecs      0    20000000    00000360     UNINITIALIZED
                  20000000    00000360     rtos_pem4f.oem4f (.vecs)

[...]
0000d720  freq_task                                                            
0000d724  Timer0AHwi                                                           
0000d728  PWMHwi                                                               
0000d72c  gateHwi1                                                             
0000d7a8  g_sCrystalfontz128x128                                               
0000d7d0  ti_sysbios_heaps_HeapMem_Module__FXNS__C                             
0000d7f8  xdc_runtime_Startup_sfxnTab__A                                       
0000d820  ti_sysbios_gates_GateHwi_Module__FXNS__C                             
0000d844  ti_sysbios_gates_GateMutex_Module__FXNS__C                           
0000d868  ti_sysbios_heaps_HeapMem_Object__PARAMS__C                           
0000d88c  ti_sysbios_knl_Semaphore_Object__PARAMS__C                           
0000d8b0  ti_sysbios_gates_GateHwi_Object__DESC__C                             
0000d8d0  ti_sysbios_gates_GateMutex_Object__DESC__C                           
0000d8f0  ti_sysbios_heaps_HeapMem_Object__DESC__C                             
0000d910  ti_sysbios_knl_Queue_Object__DESC__C                                 
0000d930  ti_sysbios_knl_Semaphore_Object__DESC__C                             
0000d950  ti_sysbios_gates_GateHwi_Object__PARAMS__C                           
0000d968  ti_sysbios_gates_GateMutex_Object__PARAMS__C                         
0000d980  ti_sysbios_knl_Queue_Object__PARAMS__C                               
0000d998  xdc_runtime_Startup_firstFxns__A                                     
0000d9b0  xdc_runtime_Startup_sfxnRts__A                                       
0000d9c4  g_psDefaultCodePointMapTable                                         
0000d9dc  ti_sysbios_family_arm_m3_Hwi_excHookFuncs__A                         
0000d9e4  ti_sysbios_knl_Idle_funcList__C                                      
0000d9ec  xdc_runtime_Startup_firstFxns__C                                     
0000d9f4  xdc_runtime_Startup_lastFxns__C                                      
0000da10  ti_catalog_arm_cortexm4_tiva_ce_Boot_Module__diagsEnabled__C         
0000da14  ti_catalog_arm_cortexm4_tiva_ce_Boot_Module__diagsIncluded__C        
0000da18  ti_catalog_arm_cortexm4_tiva_ce_Boot_Module__diagsMask__C            
0000da1c  ti_sysbios_family_arm_lm4_Timer_enableFunc__C                        
0000da20  ti_sysbios_family_arm_lm4_Timer_numTimerDevices__C                   
0000da24  ti_sysbios_family_arm_lm4_Timer_startupNeeded__C                     
0000da28  ti_sysbios_family_arm_lm4_TimestampProvider_Module__diagsEnabled__C  
0000da2c  ti_sysbios_family_arm_lm4_TimestampProvider_Module__diagsIncluded__C 
0000da30  ti_sysbios_family_arm_lm4_TimestampProvider_Module__diagsMask__C     
0000da34  ti_sysbios_family_arm_m3_Hwi_E_NMI__C                                
0000da38  ti_sysbios_family_arm_m3_Hwi_E_busFault__C                           
0000da3c  ti_sysbios_family_arm_m3_Hwi_E_debugMon__C                           
0000da40  ti_sysbios_family_arm_m3_Hwi_E_hardFault__C                          
0000da44  ti_sysbios_family_arm_m3_Hwi_E_memFault__C                           
0000da48  ti_sysbios_family_arm_m3_Hwi_E_noIsr__C                              
0000da4c  ti_sysbios_family_arm_m3_Hwi_E_reserved__C                           
0000da50  ti_sysbios_family_arm_m3_Hwi_E_svCall__C                             
0000da54  ti_sysbios_family_arm_m3_Hwi_E_usageFault__C                         
0000da58  ti_sysbios_family_arm_m3_Hwi_NUM_INTERRUPTS__C                       
0000da5c  ti_sysbios_family_arm_m3_Hwi_Object__count__C                        
0000da60  ti_sysbios_family_arm_m3_Hwi_ccr__C                                  
0000da64  ti_sysbios_family_arm_m3_Hwi_excHandlerFunc__C                       
0000da68  ti_sysbios_family_arm_m3_Hwi_excHookFuncs__C                         
0000da6c  ti_sysbios_family_arm_m3_Hwi_nullIsrFunc__C                          
0000da70  ti_sysbios_family_arm_m3_Hwi_priGroup__C                             
0000da74  ti_sysbios_gates_GateMutex_A_badContext__C                           
0000da78  ti_sysbios_gates_GateMutex_Instance_State_sem__O                     
0000da7c  ti_sysbios_gates_GateMutex_Module__diagsEnabled__C                   
0000da80  ti_sysbios_gates_GateMutex_Module__diagsIncluded__C                  
0000da84  ti_sysbios_gates_GateMutex_Module__diagsMask__C                      
0000da88  ti_sysbios_hal_Hwi_E_stackOverflow__C                                
0000da8c  ti_sysbios_heaps_HeapMem_A_align__C                                  
0000da90  ti_sysbios_heaps_HeapMem_A_heapSize__C                               
0000da94  ti_sysbios_heaps_HeapMem_A_invalidFree__C                            
0000da98  ti_sysbios_heaps_HeapMem_A_zeroBlock__C                              
0000da9c  ti_sysbios_heaps_HeapMem_E_memory__C                                 
0000daa0  ti_sysbios_heaps_HeapMem_Module__diagsEnabled__C                     
0000daa4  ti_sysbios_heaps_HeapMem_Module__diagsIncluded__C                    
0000daa8  ti_sysbios_heaps_HeapMem_Module__diagsMask__C                        
0000daac  ti_sysbios_heaps_HeapMem_Module__gateObj__C                          
0000dab0  ti_sysbios_heaps_HeapMem_Object__count__C                            
0000dab4  ti_sysbios_heaps_HeapMem_reqAlign__C                                 
0000dab8  ti_sysbios_knl_Clock_Module_State_clockQ__O                          
0000dabc  ti_sysbios_knl_Idle_funcList__A                                      
0000dac0  ti_sysbios_knl_Mailbox_Instance_State_dataQue__O                     
0000dac4  ti_sysbios_knl_Mailbox_Instance_State_dataSem__O                     
0000dac8  ti_sysbios_knl_Mailbox_Instance_State_freeQue__O                     
0000dacc  ti_sysbios_knl_Mailbox_Instance_State_freeSem__O                     
0000dad0  ti_sysbios_knl_Mailbox_Object__count__C                              
0000dad4  ti_sysbios_knl_Mailbox_maxTypeAlign__C                               
0000dad8  ti_sysbios_knl_Semaphore_A_badContext__C                             
0000dadc  ti_sysbios_knl_Semaphore_A_noEvents__C                               
0000dae0  ti_sysbios_knl_Semaphore_A_overflow__C                               
0000dae4  ti_sysbios_knl_Semaphore_A_pendTaskDisabled__C                       
0000dae8  ti_sysbios_knl_Semaphore_Instance_State_pendQ__O                     
0000daec  ti_sysbios_knl_Semaphore_Module__diagsEnabled__C                     
0000daf0  ti_sysbios_knl_Semaphore_Module__diagsIncluded__C                    
0000daf4  ti_sysbios_knl_Semaphore_Module__diagsMask__C                        
0000daf8  ti_sysbios_knl_Swi_Object__count__C                                  
0000dafc  ti_sysbios_knl_Task_E_spOutOfBounds__C                               
0000db00  ti_sysbios_knl_Task_E_stackOverflow__C                               
0000db04  ti_sysbios_knl_Task_Module_State_inactiveQ__O                        
0000db08  ti_sysbios_knl_Task_Object__count__C                                 
0000db0c  ti_sysbios_knl_Task_allBlockedFunc__C                                
0000db10  ti_sysbios_knl_Task_numConstructedTasks__C                           
0000db14  xdc_runtime_Assert_E_assertFailed__C                                 
0000db18  xdc_runtime_Core_A_initializedParams__C                              
0000db1c  xdc_runtime_Core_Module__diagsEnabled__C                             
0000db20  xdc_runtime_Core_Module__diagsIncluded__C                            
0000db24  xdc_runtime_Core_Module__diagsMask__C                                
0000db28  xdc_runtime_Error_E_memory__C                                        
0000db2c  xdc_runtime_Error_Module__diagsEnabled__C                            
0000db30  xdc_runtime_Error_Module__diagsIncluded__C                           
0000db34  xdc_runtime_Error_Module__diagsMask__C                               
0000db38  xdc_runtime_Error_Module__loggerFxn8__C                              
0000db3c  xdc_runtime_Error_Module__loggerObj__C                               
0000db40  xdc_runtime_Error_policyFxn__C                                       
0000db44  xdc_runtime_Error_raiseHook__C                                       
0000db48  xdc_runtime_IGateProvider_Interface__BASE__C                         
0000db4c  xdc_runtime_IHeap_Interface__BASE__C                                 
0000db50  xdc_runtime_IModule_Interface__BASE__C                               
0000db54  xdc_runtime_Log_L_error__C                                           
0000db58  xdc_runtime_Memory_defaultHeapInstance__C                            
0000db5c  xdc_runtime_Startup_execImpl__C                                      
0000db60  xdc_runtime_Startup_maxPasses__C                                     
0000db64  xdc_runtime_Startup_sfxnRts__C                                       
0000db68  xdc_runtime_Startup_sfxnTab__C                                       
0000db6c  xdc_runtime_SysMin_bufSize__C                                        
0000db70  xdc_runtime_SysMin_outputFunc__C                                     
0000db74  xdc_runtime_System_Module__gateObj__C                                
0000db78  xdc_runtime_System_abortFxn__C                                       
0000db7c  xdc_runtime_System_exitFxn__C                                        
0000db80  xdc_runtime_System_extendFxn__C                                      
0000db84  xdc_runtime_System_maxAtexitHandlers__C                              
0000db88  xdc_runtime_Text_charTab__C                                          
0000db8c  xdc_runtime_Text_nameEmpty__C                                        
0000db90  xdc_runtime_Text_nameStatic__C                                       
0000db94  xdc_runtime_Text_nameUnknown__C                                      
0000db98  xdc_runtime_Text_nodeTab__C                                          
0000db9c  xdc_runtime_Text_visitRopeFxn__C                                     
0000dba0  ti_sysbios_family_arm_lm4_TimestampProvider_Module__id__C            
0000dba2  ti_sysbios_family_arm_lm4_TimestampProvider_useClockTimer__C         
0000dba4  ti_sysbios_family_arm_m3_Hwi_Module__id__C                           
0000dba6  ti_sysbios_gates_GateMutex_Module__id__C                             
0000dba8  ti_sysbios_hal_Hwi_Module__id__C                                     
0000dbaa  ti_sysbios_heaps_HeapMem_Module__id__C                               
0000dbac  ti_sysbios_knl_Semaphore_Module__id__C                               
0000dbae  ti_sysbios_knl_Task_Module__id__C                                    
0000dbb0  xdc_runtime_Core_Module__id__C                                       
0000dbb2  xdc_runtime_Error_Module__loggerDefined__C                           
0000dbb4  xdc_runtime_Error_maxDepth__C                                        
0000dbb6  xdc_runtime_Memory_Module__id__C                                     
0000dbb8  xdc_runtime_SysMin_flushAtExit__C                                    
0000dbba  xdc_runtime_Text_charCnt__C                                          
0000dbbc  xdc_runtime_Text_isLoaded__C                                         
0000dbbe  xdc_runtime_Text_registryModsLastId__C                               
0000dbc0  xdc_runtime_Text_unnamedModsLastId__C                                
0000dbc8  __TI_static_base__                                                   
0000deb8  __TI_Handler_Table_Base                                              
0000dec4  __TI_Handler_Table_Limit                                             
0000ded8  __TI_CINIT_Base                                                      
0000def0  __TI_CINIT_Limit                                                     
20000000  ti_sysbios_family_arm_m3_Hwi_ramVectors                              
20000400  ti_sysbios_knl_Task_Instance_State_0_stack__A                        
20001400  ti_sysbios_knl_Task_Instance_State_1_stack__A                        
20002400  ti_sysbios_knl_Task_Instance_State_2_stack__A                        
20002c00  ti_sysbios_knl_Task_Instance_State_3_stack__A                        
20003400  ti_sysbios_knl_Task_Instance_State_4_stack__A                        
20003600  ti_sysbios_knl_Task_Instance_State_5_stack__A                        
20003e00  ti_sysbios_knl_Task_Instance_State_6_stack__A                        
2000c108  gADCBuffer                                                           
2000db0c  cfg                                                                  
2000db10  ti_sysbios_knl_Mailbox_Instance_State_0_allocBuf__A                  
2000dbf8  parmbuf                                                              
2000dc00  gDMAControlTable                                                     
2000e000  ti_sysbios_heaps_HeapMem_Instance_State_0_buf__A                     
2000e400  ti_sysbios_family_arm_m3_Hwi_dispatchTable                           
2000e760  __CIOBUF_                                                            
2000e980  xdc_runtime_SysMin_Module_State_0_outbuf__A                          
2000ea00  gADCSamplingRate                                                     
2000ea08  x                                                                    
2000ea0c  Lcd_ScreenHeigth                                                     
2000ea0e  Lcd_ScreenWidth                                                      
2000ea10  Lcd_TouchTrim                                                        
2000ea12  Lcd_FlagRead                                                         
2000ea13  Lcd_FontSolid                                                        
2000ea14  Lcd_Orientation                                                      
2000ea15  Lcd_PenSolid                                                         
2000ea18  Lcd_buffer                                                           
20016a18  gPWMWaveformTable                                                    
20016e18  ti_sysbios_knl_Task_Object__table__V                                 
2001702c  ti_sysbios_knl_Swi_Module_State_0_readyQ__A                          
200170ac  ti_sysbios_knl_Task_Module_State_0_readyQ__A                         
2001712c  ti_sysbios_knl_Semaphore_Object__table__V                            
20017190  ti_sysbios_family_arm_m3_Hwi_Object__table__V                        
200171f0  ti_sysbios_knl_Mailbox_Object__table__V                              
20017240  ti_sysbios_knl_Task_Module__state__V                                 
20017284  ti_sysbios_family_arm_lm4_Timer_Module_State_0_device__A             
200172c4  ti_sysbios_family_arm_lm4_Timer_Object__table__V                     
20017304  ti_sysbios_knl_Clock_Object__table__V                                
20017344  ti_sysbios_gates_GateMutex_Object__table__V                          
2001737c  ti_sysbios_family_arm_m3_Hwi_Module__state__V                        
200173b0  ti_sysbios_knl_Swi_Object__table__V                                  
200173e0  ti_sysbios_knl_Clock_Module__state__V                                
20017430  ti_sysbios_BIOS_Module__state__V                                     
20017454  gSystemClock                                                         
20017458  cpu_unloaded                                                         
2001745c  cpu_loaded                                                           
20017460  vscale_index                                                         
20017464  trigger_slope                                                        
20017468  fft_mode                                                             
2001746c  fScale                                                               
20017470  buffer_size                                                          
20017474  ti_sysbios_family_arm_lm4_Timer_Module_State_0_handles__A            
20017494  ti_sysbios_knl_Swi_Module__state__V                                  
200174b0  ti_sysbios_heaps_HeapMem_Object__table__V                            
200174c8  Vscale                                                               
200174d8  period                                                               
200174dc  last_count                                                           
200174e0  acc_interval                                                         
200174e4  total_period                                                         
200174e8  ti_sysbios_family_arm_lm4_Timer_Module__state__V                     
200174f4  ti_sysbios_gates_GateHwi_Object__table__V                            
20017500  xdc_runtime_SysMin_Module__state__V                                  
2001750c  _lock                                                                
20017510  _unlock                                                              
20017514  gJoystick                                                            
2001751c  gPhase                                                               
20017520  gPhaseIncrement                                                      
20017524  ti_sysbios_family_arm_lm4_TimestampProvider_Module__state__V         
2001752c  ti_sysbios_gates_GateHwi_Module__root__V                             
20017534  ti_sysbios_gates_GateMutex_Module__root__V                           
2001753c  ti_sysbios_heaps_HeapMem_Module__root__V                             
20017544  ti_sysbios_knl_Queue_Module__root__V                                 
2001754c  ti_sysbios_knl_Semaphore_Module__root__V                             
20017554  xdc_runtime_Registry_Module__state__V                                
2001755c  xdc_runtime_Startup_Module__state__V                                 
20017564  xdc_runtime_System_Module_State_0_atexitHandlers__A                  
2001756c  xdc_runtime_System_Module__state__V                                  
20017574  gButtons                                                             
20017578  errno                                                                
2001757c  main_func_sp                                                         
20017580  ti_sysbios_family_arm_m3_Hwi_Module_State_0_excContext__A            
20017584  ti_sysbios_family_arm_m3_Hwi_Module_State_0_excStack__A              
20017588  ti_sysbios_knl_Task_Module_State_0_idleTask__A                       
2001758c  xdc_runtime_Memory_Module__state__V                                  
20017590  ti_sysbios_family_arm_m3_Hwi_Module_State_0_excActive__A             
20017592  xdc_runtime_Error_Module__state__V                                   
20017594  gDMAPrimary                                                          
20017598  __stack                                                              
20017d98  __STACK_END                                                          
e000e000  ti_sysbios_family_arm_m3_Hwi_nvic                                    
ffffffff  __TI_pprof_out_hndl                                                  
ffffffff  __TI_prof_data_size                                                  
ffffffff  __TI_prof_data_start                                                 
ffffffff  __binit__                                                            
ffffffff  __c_args__                                                           
ffffffff  binit                                                                
UNDEFED   SHT$$INIT_ARRAY$$Base                                                
UNDEFED   SHT$$INIT_ARRAY$$Limit                                               

[732 symbols]
