******************************************************************************
                  TI ARM Linker PC v18.12.2                    
******************************************************************************
>> Linked Wed Oct 23 10:43:52 2019

OUTPUT FILE NAME:   <ece3849_lab0_starter.out>
ENTRY POINT SYMBOL: "_c_int00_noargs"  address: 00003569


MEMORY CONFIGURATION

         name            origin    length      used     unused   attr    fill
----------------------  --------  ---------  --------  --------  ----  --------
  FLASH                 00000000   00100000  0000423c  000fbdc4  R  X
  SRAM                  20000000   00040000  00008872  0003778e  RW X


SEGMENT ALLOCATION MAP

run origin  load origin   length   init length attrs members
----------  ----------- ---------- ----------- ----- -------
00000000    00000000    00004240   00004240    r-x
  00000000    00000000    00000208   00000208    r-- .intvecs
  00000208    00000208    000037a0   000037a0    r-x .text
  000039a8    000039a8    0000085c   0000085c    r-- .const
  00004208    00004208    00000038   00000038    r-- .cinit
20000000    20000000    00008876   00000000    rw-
  20000000    20000000    0000803c   00000000    rw- .data
  20008040    20008040    00000800   00000000    rw- .stack
  20008840    20008840    00000036   00000000    rw- .bss


SECTION ALLOCATION MAP

 output                                  attributes/
section   page    origin      length       input sections
--------  ----  ----------  ----------   ----------------
.intvecs   0    00000000    00000208     
                  00000000    00000208     tm4c1294ncpdt_startup_ccs.obj (.intvecs)

.text      0    00000208    000037a0     
                  00000208    00000a4e     rtsv7M4_T_le_v4SPD16_eabi.lib : _printfi.c.obj (.text:__TI_printfi)
                  00000c56    00000002                                   : div0.asm.obj (.text)
                  00000c58    0000046a     buttons.obj (.text)
                  000010c2    00000006     driverlib.lib : gpio.obj (.text:GPIOPinRead)
                  000010c8    000003f0     Crystalfontz128x128_ST7735.obj (.text)
                  000014b8    00000270     rtsv7M4_T_le_v4SPD16_eabi.lib : _printfi.c.obj (.text:_pconv_a)
                  00001728    00000256     grlib.lib : string.obj (.text:GrFontGlyphRender)
                  0000197e    00000002     --HOLE-- [fill = 0]
                  00001980    00000204     driverlib.lib : sysctl.obj (.text:SysCtlClockFreqSet)
                  00001b84    000001d0     rtsv7M4_T_le_v4SPD16_eabi.lib : _printfi.c.obj (.text:_pconv_g)
                  00001d54    000001b6                                   : fd_add_t2.asm.obj (.text)
                  00001f0a    00000006     driverlib.lib : gpio.obj (.text:GPIOPinWrite)
                  00001f10    0000019a     main.obj (.text)
                  000020aa    00000006     grlib.lib : string.obj (.text:GrContextFontSet)
                  000020b0    0000017e     HAL_EK_TM4C1294XL_Crystalfontz128x128_ST7735.obj (.text)
                  0000222e    00000002     --HOLE-- [fill = 0]
                  00002230    0000013c     rtsv7M4_T_le_v4SPD16_eabi.lib : _printfi.c.obj (.text:_pconv_e)
                  0000236c    00000136                                   : fd_div_t2.asm.obj (.text)
                  000024a2    00000130     driverlib.lib : gpio.obj (.text:GPIOPadConfigSet)
                  000025d2    00000002     --HOLE-- [fill = 0]
                  000025d4    00000124     rtsv7M4_T_le_v4SPD16_eabi.lib : _printfi.c.obj (.text:fcvt)
                  000026f8    00000110                                   : s_scalbn.c.obj (.text:scalbn)
                  00002808    000000fc                                   : fd_mul_t2.asm.obj (.text)
                  00002904    000000c4     grlib.lib : string.obj (.text:GrDefaultStringRenderer)
                  000029c8    000000b1     rtsv7M4_T_le_v4SPD16_eabi.lib : _printfi.c.obj (.text:_ltostr)
                  00002a79    00000001     --HOLE-- [fill = 0]
                  00002a7a    0000009c                                   : memcpy_t2.asm.obj (.text)
                  00002b16    00000096                                   : ull_div_t2.asm.obj (.text)
                  00002bac    00000086     grlib.lib : rectangle.obj (.text:GrRectFill)
                  00002c32    00000086     rtsv7M4_T_le_v4SPD16_eabi.lib : fd_cmp_t2.asm.obj (.text:__aeabi_cdcmple)
                  00002cb8    00000086                                   : fd_cmp_t2.asm.obj (.text:__aeabi_cdrcmple)
                  00002d3e    0000007a     driverlib.lib : adc.obj (.text:ADCSequenceStepConfigure)
                  00002db8    0000007a     rtsv7M4_T_le_v4SPD16_eabi.lib : memset_t2.asm.obj (.text)
                  00002e32    0000006e                                   : _printfi.c.obj (.text:_mcpy)
                  00002ea0    00000068     grlib.lib : context.obj (.text:GrContextInit)
                  00002f08    00000068     driverlib.lib : interrupt.obj (.text:IntEnable)
                  00002f70    00000068     rtsv7M4_T_le_v4SPD16_eabi.lib : copy_decompress_lzss.c.obj (.text:decompress:lzss:__TI_decompress_lzss)
                  00002fd8    00000064                                   : s_frexp.c.obj (.text:frexp)
                  0000303c    00000060     driverlib.lib : timer.obj (.text:TimerConfigure)
                  0000309c    0000005a     grlib.lib : string.obj (.text:FontWideGlyphDataGet)
                  000030f6    00000056     rtsv7M4_T_le_v4SPD16_eabi.lib : _printfi.c.obj (.text:_pconv_f)
                  0000314c    00000054                                   : ltoa.c.obj (.text:ltoa)
                  000031a0    00000052                                   : _printfi.c.obj (.text:_ecpy)
                  000031f2    00000002     --HOLE-- [fill = 0]
                  000031f4    0000004c                                   : atoi.c.obj (.text:atoi)
                  00003240    0000004c                                   : snprintf.c.obj (.text:snprintf)
                  0000328c    0000004a     grlib.lib : string.obj (.text:UpdateContextCharMapping)
                  000032d6    00000002     --HOLE-- [fill = 0]
                  000032d8    0000004a     sysctl_pll.obj (.text)
                  00003322    00000002     --HOLE-- [fill = 0]
                  00003324    00000048     driverlib.lib : gpio.obj (.text:GPIOPinConfigure)
                  0000336c    00000048                   : sysctl.obj (.text:_SysCtlFrequencyGet)
                  000033b4    00000048     rtsv7M4_T_le_v4SPD16_eabi.lib : fd_toi_t2.asm.obj (.text)
                  000033fc    00000044                                   : autoinit.c.obj (.text:__TI_auto_init_nobinit_nopinit:__TI_auto_init_nobinit_nopinit)
                  00003440    0000003e     driverlib.lib : adc.obj (.text:ADCSequenceConfigure)
                  0000347e    0000003e     rtsv7M4_T_le_v4SPD16_eabi.lib : _printfi.c.obj (.text:_fcpy)
                  000034bc    0000003c     driverlib.lib : ssi.obj (.text:SSIConfigSetExpClk)
                  000034f8    0000003a     grlib.lib : string.obj (.text:FontGlyphDataGet)
                  00003532    00000002     --HOLE-- [fill = 0]
                  00003534    00000034     driverlib.lib : sysctl.obj (.text:SysCtlPeripheralEnable)
                  00003568    00000034     rtsv7M4_T_le_v4SPD16_eabi.lib : boot_cortex_m.c.obj (.text:_c_int00_noargs:_c_int00_noargs)
                  0000359c    00000030                                   : snprintf.c.obj (.text:_outs)
                  000035cc    0000002e     driverlib.lib : adc.obj (.text:ADCIntStatus)
                  000035fa    0000002e     grlib.lib : string.obj (.text:GrStringNextCharGet)
                  00003628    0000002e     rtsv7M4_T_le_v4SPD16_eabi.lib : i_tofd_t2.asm.obj (.text)
                  00003656    0000002a     driverlib.lib : gpio.obj (.text:GPIODirModeSet)
                  00003680    00000026     grlib.lib : string.obj (.text:GrFontInfoGet)
                  000036a6    00000002     --HOLE-- [fill = 0]
                  000036a8    00000024     driverlib.lib : interrupt.obj (.text:IntPrioritySet)
                  000036cc    00000022     grlib.lib : string.obj (.text:GrFontGlyphDataGet)
                  000036ee    0000001e     driverlib.lib : adc.obj (.text:ADCSequenceDataGet)
                  0000370c    0000001e     grlib.lib : string.obj (.text:GrFontCodepageGet)
                  0000372a    00000002     --HOLE-- [fill = 0]
                  0000372c    0000001c     driverlib.lib : sysctl.obj (.text:_SysCtlMemTimingGet)
                  00003748    0000001c     rtsv7M4_T_le_v4SPD16_eabi.lib : copy_zero_init.c.obj (.text:decompress:ZI:__TI_zero_init_nomemset:__TI_zero_init_nomemset)
                  00003764    0000001c                                   : memccpy.c.obj (.text:memccpy)
                  00003780    0000001a                                   : s_copysign.c.obj (.text:copysign)
                  0000379a    00000006     driverlib.lib : sysctl.obj (.text:SysCtlDelay)
                  000037a0    0000001a     tm4c1294ncpdt_startup_ccs.obj (.text)
                  000037ba    00000018     driverlib.lib : adc.obj (.text:ADCClockConfigSet)
                  000037d2    00000018                   : adc.obj (.text:ADCProcessorTrigger)
                  000037ea    00000018                   : gpio.obj (.text:GPIOPinTypeGPIOOutput)
                  00003802    00000018     rtsv7M4_T_le_v4SPD16_eabi.lib : snprintf.c.obj (.text:_outc)
                  0000381a    00000016     grlib.lib : string.obj (.text:GrStringDraw)
                  00003830    00000016     rtsv7M4_T_le_v4SPD16_eabi.lib : strchr.c.obj (.text:strchr)
                  00003846    00000002     --HOLE-- [fill = 0]
                  00003848    00000014     driverlib.lib : timer.obj (.text:TimerDisable)
                  0000385c    00000014     rtsv7M4_T_le_v4SPD16_eabi.lib : strlen.c.obj (.text:strlen)
                  00003870    00000012     driverlib.lib : gpio.obj (.text:GPIOPinTypeADC)
                  00003882    00000012                   : gpio.obj (.text:GPIOPinTypeGPIOInput)
                  00003894    00000012                   : gpio.obj (.text:GPIOPinTypeSSI)
                  000038a6    00000012                   : timer.obj (.text:TimerLoadSet)
                  000038b8    00000012     rtsv7M4_T_le_v4SPD16_eabi.lib : wcslen.c.obj (.text:wcslen)
                  000038ca    00000002     --HOLE-- [fill = 0]
                  000038cc    00000010     driverlib.lib : fpu.obj (.text:FPUEnable)
                  000038dc    00000010                   : fpu.obj (.text:FPULazyStackingEnable)
                  000038ec    00000010                   : interrupt.obj (.text:IntMasterDisable)
                  000038fc    00000010                   : interrupt.obj (.text:IntMasterEnable)
                  0000390c    0000000e                   : adc.obj (.text:ADCSequenceDisable)
                  0000391a    0000000e                   : adc.obj (.text:ADCSequenceEnable)
                  00003928    0000000e                   : timer.obj (.text:TimerEnable)
                  00003936    0000000e     rtsv7M4_T_le_v4SPD16_eabi.lib : copy_decompress_none.c.obj (.text:decompress:none:__TI_decompress_none)
                  00003944    0000000c     driverlib.lib : cpu.obj (.text:CPUcpsid)
                  00003950    0000000c                   : cpu.obj (.text:CPUcpsie)
                  0000395c    0000000a                   : adc.obj (.text:ADCIntClear)
                  00003966    0000000a                   : ssi.obj (.text:SSIDataPut)
                  00003970    0000000a                   : ssi.obj (.text:SSIEnable)
                  0000397a    00000008     grlib.lib : charmap.obj (.text:GrMapISO8859_1_Unicode)
                  00003982    00000008     driverlib.lib : ssi.obj (.text:SSIBusy)
                  0000398a    00000008                   : timer.obj (.text:TimerIntEnable)
                  00003992    00000002     --HOLE-- [fill = 0]
                  00003994    00000008     rtsv7M4_T_le_v4SPD16_eabi.lib : errno.c.obj (.text:__aeabi_errno_addr)
                  0000399c    00000004     driverlib.lib : timer.obj (.text:TimerIntClear)
                  000039a0    00000004     rtsv7M4_T_le_v4SPD16_eabi.lib : pre_init.c.obj (.text:_system_pre_init)
                  000039a4    00000004                                   : exit.c.obj (.text:abort:abort)

.const     0    000039a8    0000085c     
                  000039a8    000002f8     grlib.lib : fontfixed6x8.obj (.const:.string:g_pui8FontFixed6x8Data)
                  00003ca0    00000120     driverlib.lib : sysctl.obj (.const:g_pppui32XTALtoVCO)
                  00003dc0    00000101     rtsv7M4_T_le_v4SPD16_eabi.lib : ctype.c.obj (.const:.string:_ctypes_)
                  00003ec1    00000003     --HOLE-- [fill = 0]
                  00003ec4    000000c8     grlib.lib : fontfixed6x8.obj (.const:g_sFontFixed6x8)
                  00003f8c    0000009c     driverlib.lib : interrupt.obj (.const:g_pui32Regs)
                  00004028    00000090                   : gpio.obj (.const:g_pui32GPIOBaseAddrs)
                  000040b8    00000070                   : interrupt.obj (.const)
                  00004128    0000006c                   : sysctl.obj (.const:g_pui32Xtals)
                  00004194    00000030                   : sysctl.obj (.const:g_sXTALtoMEMTIM)
                  000041c4    00000028     Crystalfontz128x128_ST7735.obj (.const:g_sCrystalfontz128x128)
                  000041ec    00000010     grlib.lib : context.obj (.const)
                  000041fc    00000008     driverlib.lib : sysctl.obj (.const)

.cinit     0    00004208    00000038     
                  00004208    00000014     (.cinit..data.load) [load image, compression = lzss]
                  0000421c    0000000c     (__TI_handler_table)
                  00004228    00000008     (.cinit..bss.load) [load image, compression = zero_init]
                  00004230    00000010     (__TI_cinit_table)

.init_array 
*          0    00000000    00000000     UNINITIALIZED

.data      0    20000000    0000803c     UNINITIALIZED
                  20000000    00008000     Crystalfontz128x128_ST7735.obj (.data:Lcd_buffer)
                  20008000    00000024     buttons.obj (.data:count$2)
                  20008024    00000008     buttons.obj (.data:gJoystick)
                  2000802c    00000006     buttons.obj (.data)
                  20008032    00000002     --HOLE--
                  20008034    00000004     main.obj (.data)
                  20008038    00000004     rtsv7M4_T_le_v4SPD16_eabi.lib : errno.c.obj (.data)

.bss       0    20008840    00000036     UNINITIALIZED
                  20008840    00000014     buttons.obj (.bss:state$1)
                  20008854    0000000c     (.common:bit)
                  20008860    00000004     (.common:gADCSamplingRate)
                  20008864    00000004     (.common:gSystemClock)
                  20008868    00000004     (.common:g_psGrLibDefaults)
                  2000886c    00000002     (.common:Lcd_ScreenHeigth)
                  2000886e    00000002     (.common:Lcd_ScreenWidth)
                  20008870    00000002     (.common:Lcd_TouchTrim)
                  20008872    00000001     (.common:Lcd_FlagRead)
                  20008873    00000001     (.common:Lcd_FontSolid)
                  20008874    00000001     (.common:Lcd_Orientation)
                  20008875    00000001     (.common:Lcd_PenSolid)

.stack     0    20008040    00000800     UNINITIALIZED
                  20008040    00000004     rtsv7M4_T_le_v4SPD16_eabi.lib : boot_cortex_m.c.obj (.stack)
                  20008044    000007fc     --HOLE--

MODULE SUMMARY

       Module                                             code    ro data   rw data
       ------                                             ----    -------   -------
    .\
       Crystalfontz128x128_ST7735.obj                     1008    40        32778  
       buttons.obj                                        1130    0         74     
       tm4c1294ncpdt_startup_ccs.obj                      26      520       0      
       main.obj                                           410     0         20     
       HAL_EK_TM4C1294XL_Crystalfontz128x128_ST7735.obj   382     0         0      
       sysctl_pll.obj                                     74      0         0      
    +--+--------------------------------------------------+-------+---------+---------+
       Total:                                             3030    560       32872  
                                                                                   
    C:/ti/tirtos_tivac_2_16_00_08/products/TivaWare_C_Series-2.1.1.71b/driverlib/ccs/Debug/driverlib.lib
       sysctl.obj                                         674     452       0      
       gpio.obj                                           508     144       0      
       interrupt.obj                                      172     268       0      
       adc.obj                                            346     0         0      
       timer.obj                                          160     0         0      
       ssi.obj                                            88      0         0      
       fpu.obj                                            32      0         0      
       cpu.obj                                            24      0         0      
    +--+--------------------------------------------------+-------+---------+---------+
       Total:                                             2004    864       0      
                                                                                   
    C:/ti/tirtos_tivac_2_16_00_08/products/TivaWare_C_Series-2.1.1.71b/grlib/ccs/Debug/grlib.lib
       string.obj                                         1192    0         0      
       fontfixed6x8.obj                                   0       960       0      
       rectangle.obj                                      134     0         0      
       context.obj                                        104     16        4      
       charmap.obj                                        8       0         0      
    +--+--------------------------------------------------+-------+---------+---------+
       Total:                                             1438    976       4      
                                                                                   
    C:\ti\ccs910\ccs\tools\compiler\ti-cgt-arm_18.12.2.LTS\lib\rtsv7M4_T_le_v4SPD16_eabi.lib
       _printfi.c.obj                                     4851    0         0      
       fd_add_t2.asm.obj                                  438     0         0      
       fd_div_t2.asm.obj                                  310     0         0      
       s_scalbn.c.obj                                     272     0         0      
       fd_cmp_t2.asm.obj                                  268     0         0      
       ctype.c.obj                                        0       257       0      
       fd_mul_t2.asm.obj                                  252     0         0      
       memcpy_t2.asm.obj                                  156     0         0      
       ull_div_t2.asm.obj                                 150     0         0      
       snprintf.c.obj                                     148     0         0      
       memset_t2.asm.obj                                  122     0         0      
       copy_decompress_lzss.c.obj                         104     0         0      
       s_frexp.c.obj                                      100     0         0      
       ltoa.c.obj                                         84      0         0      
       atoi.c.obj                                         76      0         0      
       fd_toi_t2.asm.obj                                  72      0         0      
       autoinit.c.obj                                     68      0         0      
       boot_cortex_m.c.obj                                52      0         0      
       i_tofd_t2.asm.obj                                  46      0         0      
       copy_zero_init.c.obj                               28      0         0      
       memccpy.c.obj                                      28      0         0      
       s_copysign.c.obj                                   26      0         0      
       strchr.c.obj                                       22      0         0      
       strlen.c.obj                                       20      0         0      
       wcslen.c.obj                                       18      0         0      
       copy_decompress_none.c.obj                         14      0         0      
       errno.c.obj                                        8       0         4      
       exit.c.obj                                         4       0         0      
       pre_init.c.obj                                     4       0         0      
       div0.asm.obj                                       2       0         0      
    +--+--------------------------------------------------+-------+---------+---------+
       Total:                                             7743    257       4      
                                                                                   
       Stack:                                             0       0         2048   
       Linker Generated:                                  0       56        0      
    +--+--------------------------------------------------+-------+---------+---------+
       Grand Total:                                       14215   2713      34928  


LINKER GENERATED COPY TABLES

__TI_cinit_table @ 00004230 records: 2, size/record: 8, table size: 16
	.data: load addr=00004208, load size=00000014 bytes, run addr=20000000, run size=0000803c bytes, compression=lzss
	.bss: load addr=00004228, load size=00000008 bytes, run addr=20008840, run size=00000036 bytes, compression=zero_init


LINKER GENERATED HANDLER TABLE

__TI_handler_table @ 0000421c records: 3, size/record: 4, table size: 12
	index: 0, handler: __TI_decompress_lzss
	index: 1, handler: __TI_decompress_none
	index: 2, handler: __TI_zero_init


GLOBAL SYMBOLS: SORTED ALPHABETICALLY BY Name 

address   name                              
-------   ----                              
000037bb  ADCClockConfigSet                 
0000395d  ADCIntClear                       
000035cd  ADCIntStatus                      
000037d3  ADCProcessorTrigger               
00003441  ADCSequenceConfigure              
000036ef  ADCSequenceDataGet                
0000390d  ADCSequenceDisable                
0000391b  ADCSequenceEnable                 
00002d3f  ADCSequenceStepConfigure          
00000f69  ButtonAutoRepeat                  
00000ef9  ButtonDebounce                    
00000fe9  ButtonISR                         
00000d39  ButtonInit                        
00000c59  ButtonReadJoystick                
000039a5  C$$EXIT                           
00003945  CPUcpsid                          
00003951  CPUcpsie                          
000013f1  Crystalfontz128x128_Init          
00001111  Crystalfontz128x128_SetDrawFrame  
000010c9  Crystalfontz128x128_SetOrientation
000038cd  FPUEnable                         
000038dd  FPULazyStackingEnable             
00003657  GPIODirModeSet                    
000024a3  GPIOPadConfigSet                  
00003325  GPIOPinConfigure                  
000010c3  GPIOPinRead                       
00003871  GPIOPinTypeADC                    
00003883  GPIOPinTypeGPIOInput              
000037eb  GPIOPinTypeGPIOOutput             
00003895  GPIOPinTypeSSI                    
00001f0b  GPIOPinWrite                      
000020ab  GrContextFontSet                  
00002ea1  GrContextInit                     
00002905  GrDefaultStringRenderer           
0000370d  GrFontCodepageGet                 
000036cd  GrFontGlyphDataGet                
00001729  GrFontGlyphRender                 
00003681  GrFontInfoGet                     
0000397b  GrMapISO8859_1_Unicode            
00002bad  GrRectFill                        
0000381b  GrStringDraw                      
000035fb  GrStringNextCharGet               
000021a1  HAL_LCD_PortInit                  
00002111  HAL_LCD_SpiInit                   
000020c1  HAL_LCD_writeCommand              
000020b1  HAL_LCD_writeData                 
00002f09  IntEnable                         
000038ed  IntMasterDisable                  
000038fd  IntMasterEnable                   
000036a9  IntPrioritySet                    
20008872  Lcd_FlagRead                      
20008873  Lcd_FontSolid                     
20008874  Lcd_Orientation                   
20008875  Lcd_PenSolid                      
2000886c  Lcd_ScreenHeigth                  
2000886e  Lcd_ScreenWidth                   
20008870  Lcd_TouchTrim                     
20000000  Lcd_buffer                        
000037a1  ResetISR                          
00003983  SSIBusy                           
000034bd  SSIConfigSetExpClk                
00003967  SSIDataPut                        
00003971  SSIEnable                         
00001981  SysCtlClockFreqSet                
0000379b  SysCtlDelay                       
000032d9  SysCtlFrequencyGet                
00003535  SysCtlPeripheralEnable            
0000303d  TimerConfigure                    
00003849  TimerDisable                      
00003929  TimerEnable                       
0000399d  TimerIntClear                     
0000398b  TimerIntEnable                    
000038a7  TimerLoadSet                      
20008840  __STACK_END                       
00000800  __STACK_SIZE                      
20008240  __STACK_TOP                       
00004230  __TI_CINIT_Base                   
00004240  __TI_CINIT_Limit                  
0000421c  __TI_Handler_Table_Base           
00004228  __TI_Handler_Table_Limit          
000033fd  __TI_auto_init_nobinit_nopinit    
00002f71  __TI_decompress_lzss              
00003937  __TI_decompress_none              
ffffffff  __TI_pprof_out_hndl               
00000209  __TI_printfi                      
ffffffff  __TI_prof_data_size               
ffffffff  __TI_prof_data_start              
00000000  __TI_static_base__                
00003749  __TI_zero_init_nomemset           
00002c33  __aeabi_cdcmpeq                   
00002c33  __aeabi_cdcmple                   
00002cb9  __aeabi_cdrcmple                  
000033b5  __aeabi_d2iz                      
00001d5f  __aeabi_dadd                      
0000236d  __aeabi_ddiv                      
00002809  __aeabi_dmul                      
00001d55  __aeabi_dsub                      
00003995  __aeabi_errno_addr                
00003629  __aeabi_i2d                       
00000c57  __aeabi_idiv0                     
00000c57  __aeabi_ldiv0                     
00002db9  __aeabi_memclr                    
00002db9  __aeabi_memclr4                   
00002db9  __aeabi_memclr8                   
00002a7b  __aeabi_memcpy                    
00002a7b  __aeabi_memcpy4                   
00002a7b  __aeabi_memcpy8                   
00002dbb  __aeabi_memset                    
00002dbb  __aeabi_memset4                   
00002dbb  __aeabi_memset8                   
00002b17  __aeabi_uldivmod                  
ffffffff  __binit__                         
ffffffff  __c_args__                        
UNDEFED   __mpu_init                        
20008040  __stack                           
00003569  _c_int00_noargs                   
00003dc0  _ctypes_                          
UNDEFED   _system_post_cinit                
000039a1  _system_pre_init                  
000039a5  abort                             
000031f5  atoi                              
ffffffff  binit                             
20008854  bit                               
00003781  copysign                          
00003781  copysignl                         
20008038  errno                             
00002fd9  frexp                             
00002fd9  frexpl                            
20008860  gADCSamplingRate                  
2000802c  gButtons                          
20008024  gJoystick                         
20008864  gSystemClock                      
20008034  gTime                             
00000000  g_pfnVectors                      
000041ec  g_psDefaultCodePointMapTable      
000041c4  g_sCrystalfontz128x128            
00003ec4  g_sFontFixed6x8                   
000026f9  ldexp                             
000026f9  ldexpl                            
0000314d  ltoa                              
00001f39  main                              
00003765  memccpy                           
00002a7b  memcpy                            
00002dc1  memset                            
000026f9  scalbn                            
000026f9  scalbnl                           
00003241  snprintf                          
00003831  strchr                            
0000385d  strlen                            
00001f11  toBit                             
000038b9  wcslen                            


GLOBAL SYMBOLS: SORTED BY Symbol Address 

address   name                              
-------   ----                              
00000000  __TI_static_base__                
00000000  g_pfnVectors                      
00000209  __TI_printfi                      
00000800  __STACK_SIZE                      
00000c57  __aeabi_idiv0                     
00000c57  __aeabi_ldiv0                     
00000c59  ButtonReadJoystick                
00000d39  ButtonInit                        
00000ef9  ButtonDebounce                    
00000f69  ButtonAutoRepeat                  
00000fe9  ButtonISR                         
000010c3  GPIOPinRead                       
000010c9  Crystalfontz128x128_SetOrientation
00001111  Crystalfontz128x128_SetDrawFrame  
000013f1  Crystalfontz128x128_Init          
00001729  GrFontGlyphRender                 
00001981  SysCtlClockFreqSet                
00001d55  __aeabi_dsub                      
00001d5f  __aeabi_dadd                      
00001f0b  GPIOPinWrite                      
00001f11  toBit                             
00001f39  main                              
000020ab  GrContextFontSet                  
000020b1  HAL_LCD_writeData                 
000020c1  HAL_LCD_writeCommand              
00002111  HAL_LCD_SpiInit                   
000021a1  HAL_LCD_PortInit                  
0000236d  __aeabi_ddiv                      
000024a3  GPIOPadConfigSet                  
000026f9  ldexp                             
000026f9  ldexpl                            
000026f9  scalbn                            
000026f9  scalbnl                           
00002809  __aeabi_dmul                      
00002905  GrDefaultStringRenderer           
00002a7b  __aeabi_memcpy                    
00002a7b  __aeabi_memcpy4                   
00002a7b  __aeabi_memcpy8                   
00002a7b  memcpy                            
00002b17  __aeabi_uldivmod                  
00002bad  GrRectFill                        
00002c33  __aeabi_cdcmpeq                   
00002c33  __aeabi_cdcmple                   
00002cb9  __aeabi_cdrcmple                  
00002d3f  ADCSequenceStepConfigure          
00002db9  __aeabi_memclr                    
00002db9  __aeabi_memclr4                   
00002db9  __aeabi_memclr8                   
00002dbb  __aeabi_memset                    
00002dbb  __aeabi_memset4                   
00002dbb  __aeabi_memset8                   
00002dc1  memset                            
00002ea1  GrContextInit                     
00002f09  IntEnable                         
00002f71  __TI_decompress_lzss              
00002fd9  frexp                             
00002fd9  frexpl                            
0000303d  TimerConfigure                    
0000314d  ltoa                              
000031f5  atoi                              
00003241  snprintf                          
000032d9  SysCtlFrequencyGet                
00003325  GPIOPinConfigure                  
000033b5  __aeabi_d2iz                      
000033fd  __TI_auto_init_nobinit_nopinit    
00003441  ADCSequenceConfigure              
000034bd  SSIConfigSetExpClk                
00003535  SysCtlPeripheralEnable            
00003569  _c_int00_noargs                   
000035cd  ADCIntStatus                      
000035fb  GrStringNextCharGet               
00003629  __aeabi_i2d                       
00003657  GPIODirModeSet                    
00003681  GrFontInfoGet                     
000036a9  IntPrioritySet                    
000036cd  GrFontGlyphDataGet                
000036ef  ADCSequenceDataGet                
0000370d  GrFontCodepageGet                 
00003749  __TI_zero_init_nomemset           
00003765  memccpy                           
00003781  copysign                          
00003781  copysignl                         
0000379b  SysCtlDelay                       
000037a1  ResetISR                          
000037bb  ADCClockConfigSet                 
000037d3  ADCProcessorTrigger               
000037eb  GPIOPinTypeGPIOOutput             
0000381b  GrStringDraw                      
00003831  strchr                            
00003849  TimerDisable                      
0000385d  strlen                            
00003871  GPIOPinTypeADC                    
00003883  GPIOPinTypeGPIOInput              
00003895  GPIOPinTypeSSI                    
000038a7  TimerLoadSet                      
000038b9  wcslen                            
000038cd  FPUEnable                         
000038dd  FPULazyStackingEnable             
000038ed  IntMasterDisable                  
000038fd  IntMasterEnable                   
0000390d  ADCSequenceDisable                
0000391b  ADCSequenceEnable                 
00003929  TimerEnable                       
00003937  __TI_decompress_none              
00003945  CPUcpsid                          
00003951  CPUcpsie                          
0000395d  ADCIntClear                       
00003967  SSIDataPut                        
00003971  SSIEnable                         
0000397b  GrMapISO8859_1_Unicode            
00003983  SSIBusy                           
0000398b  TimerIntEnable                    
00003995  __aeabi_errno_addr                
0000399d  TimerIntClear                     
000039a1  _system_pre_init                  
000039a5  C$$EXIT                           
000039a5  abort                             
00003dc0  _ctypes_                          
00003ec4  g_sFontFixed6x8                   
000041c4  g_sCrystalfontz128x128            
000041ec  g_psDefaultCodePointMapTable      
0000421c  __TI_Handler_Table_Base           
00004228  __TI_Handler_Table_Limit          
00004230  __TI_CINIT_Base                   
00004240  __TI_CINIT_Limit                  
20000000  Lcd_buffer                        
20008024  gJoystick                         
2000802c  gButtons                          
20008034  gTime                             
20008038  errno                             
20008040  __stack                           
20008240  __STACK_TOP                       
20008840  __STACK_END                       
20008854  bit                               
20008860  gADCSamplingRate                  
20008864  gSystemClock                      
2000886c  Lcd_ScreenHeigth                  
2000886e  Lcd_ScreenWidth                   
20008870  Lcd_TouchTrim                     
20008872  Lcd_FlagRead                      
20008873  Lcd_FontSolid                     
20008874  Lcd_Orientation                   
20008875  Lcd_PenSolid                      
ffffffff  __TI_pprof_out_hndl               
ffffffff  __TI_prof_data_size               
ffffffff  __TI_prof_data_start              
ffffffff  __binit__                         
ffffffff  __c_args__                        
ffffffff  binit                             
UNDEFED   __mpu_init                        
UNDEFED   _system_post_cinit                

[151 symbols]
