<?xml version="1.0" encoding="ISO-8859-1" ?>
<link_info>
   <banner>TI ARM Linker PC v18.12.2.LTS</banner>
   <copyright>Copyright (c) 1996-2018 Texas Instruments Incorporated</copyright>
   <link_time>0x5db06728</link_time>
   <link_errors>0x0</link_errors>
   <output_file>ece3849_lab0_starter.out</output_file>
   <entry_point>
      <name>_c_int00_noargs</name>
      <address>0x3569</address>
   </entry_point>
   <input_file_list>
      <input_file id="fl-2">
         <path>.\</path>
         <kind>object</kind>
         <file>Crystalfontz128x128_ST7735.obj</file>
         <name>Crystalfontz128x128_ST7735.obj</name>
      </input_file>
      <input_file id="fl-3">
         <path>.\</path>
         <kind>object</kind>
         <file>HAL_EK_TM4C1294XL_Crystalfontz128x128_ST7735.obj</file>
         <name>HAL_EK_TM4C1294XL_Crystalfontz128x128_ST7735.obj</name>
      </input_file>
      <input_file id="fl-4">
         <path>.\</path>
         <kind>object</kind>
         <file>buttons.obj</file>
         <name>buttons.obj</name>
      </input_file>
      <input_file id="fl-5">
         <path>.\</path>
         <kind>object</kind>
         <file>main.obj</file>
         <name>main.obj</name>
      </input_file>
      <input_file id="fl-6">
         <path>.\</path>
         <kind>object</kind>
         <file>sysctl_pll.obj</file>
         <name>sysctl_pll.obj</name>
      </input_file>
      <input_file id="fl-7">
         <path>.\</path>
         <kind>object</kind>
         <file>tm4c1294ncpdt_startup_ccs.obj</file>
         <name>tm4c1294ncpdt_startup_ccs.obj</name>
      </input_file>
      <input_file id="fl-d">
         <kind>object</kind>
         <file>&lt;internal&gt;</file>
         <name>&lt;internal&gt;</name>
      </input_file>
      <input_file id="fl-c3">
         <path>C:\ti\ccs910\ccs\tools\compiler\ti-cgt-arm_18.12.2.LTS\lib\</path>
         <kind>archive</kind>
         <file>rtsv7M4_T_le_v4SPD16_eabi.lib</file>
         <name>snprintf.c.obj</name>
      </input_file>
      <input_file id="fl-c4">
         <path>C:\ti\ccs910\ccs\tools\compiler\ti-cgt-arm_18.12.2.LTS\lib\</path>
         <kind>archive</kind>
         <file>rtsv7M4_T_le_v4SPD16_eabi.lib</file>
         <name>memcpy_t2.asm.obj</name>
      </input_file>
      <input_file id="fl-c5">
         <path>C:\ti\ccs910\ccs\tools\compiler\ti-cgt-arm_18.12.2.LTS\lib\</path>
         <kind>archive</kind>
         <file>rtsv7M4_T_le_v4SPD16_eabi.lib</file>
         <name>copy_zero_init.c.obj</name>
      </input_file>
      <input_file id="fl-c6">
         <path>C:\ti\ccs910\ccs\tools\compiler\ti-cgt-arm_18.12.2.LTS\lib\</path>
         <kind>archive</kind>
         <file>rtsv7M4_T_le_v4SPD16_eabi.lib</file>
         <name>copy_decompress_none.c.obj</name>
      </input_file>
      <input_file id="fl-c7">
         <path>C:\ti\ccs910\ccs\tools\compiler\ti-cgt-arm_18.12.2.LTS\lib\</path>
         <kind>archive</kind>
         <file>rtsv7M4_T_le_v4SPD16_eabi.lib</file>
         <name>copy_decompress_lzss.c.obj</name>
      </input_file>
      <input_file id="fl-c8">
         <path>C:\ti\ccs910\ccs\tools\compiler\ti-cgt-arm_18.12.2.LTS\lib\</path>
         <kind>archive</kind>
         <file>rtsv7M4_T_le_v4SPD16_eabi.lib</file>
         <name>boot_cortex_m.c.obj</name>
      </input_file>
      <input_file id="fl-c9">
         <path>C:\ti\ccs910\ccs\tools\compiler\ti-cgt-arm_18.12.2.LTS\lib\</path>
         <kind>archive</kind>
         <file>rtsv7M4_T_le_v4SPD16_eabi.lib</file>
         <name>_printfi.c.obj</name>
      </input_file>
      <input_file id="fl-ca">
         <path>C:\ti\ccs910\ccs\tools\compiler\ti-cgt-arm_18.12.2.LTS\lib\</path>
         <kind>archive</kind>
         <file>rtsv7M4_T_le_v4SPD16_eabi.lib</file>
         <name>s_frexp.c.obj</name>
      </input_file>
      <input_file id="fl-cb">
         <path>C:\ti\ccs910\ccs\tools\compiler\ti-cgt-arm_18.12.2.LTS\lib\</path>
         <kind>archive</kind>
         <file>rtsv7M4_T_le_v4SPD16_eabi.lib</file>
         <name>s_scalbn.c.obj</name>
      </input_file>
      <input_file id="fl-cc">
         <path>C:\ti\ccs910\ccs\tools\compiler\ti-cgt-arm_18.12.2.LTS\lib\</path>
         <kind>archive</kind>
         <file>rtsv7M4_T_le_v4SPD16_eabi.lib</file>
         <name>ull_div_t2.asm.obj</name>
      </input_file>
      <input_file id="fl-cd">
         <path>C:\ti\ccs910\ccs\tools\compiler\ti-cgt-arm_18.12.2.LTS\lib\</path>
         <kind>archive</kind>
         <file>rtsv7M4_T_le_v4SPD16_eabi.lib</file>
         <name>memset_t2.asm.obj</name>
      </input_file>
      <input_file id="fl-ce">
         <path>C:\ti\ccs910\ccs\tools\compiler\ti-cgt-arm_18.12.2.LTS\lib\</path>
         <kind>archive</kind>
         <file>rtsv7M4_T_le_v4SPD16_eabi.lib</file>
         <name>fd_add_t2.asm.obj</name>
      </input_file>
      <input_file id="fl-cf">
         <path>C:\ti\ccs910\ccs\tools\compiler\ti-cgt-arm_18.12.2.LTS\lib\</path>
         <kind>archive</kind>
         <file>rtsv7M4_T_le_v4SPD16_eabi.lib</file>
         <name>fd_cmp_t2.asm.obj</name>
      </input_file>
      <input_file id="fl-d0">
         <path>C:\ti\ccs910\ccs\tools\compiler\ti-cgt-arm_18.12.2.LTS\lib\</path>
         <kind>archive</kind>
         <file>rtsv7M4_T_le_v4SPD16_eabi.lib</file>
         <name>fd_div_t2.asm.obj</name>
      </input_file>
      <input_file id="fl-d1">
         <path>C:\ti\ccs910\ccs\tools\compiler\ti-cgt-arm_18.12.2.LTS\lib\</path>
         <kind>archive</kind>
         <file>rtsv7M4_T_le_v4SPD16_eabi.lib</file>
         <name>fd_mul_t2.asm.obj</name>
      </input_file>
      <input_file id="fl-d2">
         <path>C:\ti\ccs910\ccs\tools\compiler\ti-cgt-arm_18.12.2.LTS\lib\</path>
         <kind>archive</kind>
         <file>rtsv7M4_T_le_v4SPD16_eabi.lib</file>
         <name>fd_toi_t2.asm.obj</name>
      </input_file>
      <input_file id="fl-d3">
         <path>C:\ti\ccs910\ccs\tools\compiler\ti-cgt-arm_18.12.2.LTS\lib\</path>
         <kind>archive</kind>
         <file>rtsv7M4_T_le_v4SPD16_eabi.lib</file>
         <name>i_tofd_t2.asm.obj</name>
      </input_file>
      <input_file id="fl-d4">
         <path>C:\ti\ccs910\ccs\tools\compiler\ti-cgt-arm_18.12.2.LTS\lib\</path>
         <kind>archive</kind>
         <file>rtsv7M4_T_le_v4SPD16_eabi.lib</file>
         <name>autoinit.c.obj</name>
      </input_file>
      <input_file id="fl-d5">
         <path>C:\ti\ccs910\ccs\tools\compiler\ti-cgt-arm_18.12.2.LTS\lib\</path>
         <kind>archive</kind>
         <file>rtsv7M4_T_le_v4SPD16_eabi.lib</file>
         <name>pre_init.c.obj</name>
      </input_file>
      <input_file id="fl-d6">
         <path>C:\ti\ccs910\ccs\tools\compiler\ti-cgt-arm_18.12.2.LTS\lib\</path>
         <kind>archive</kind>
         <file>rtsv7M4_T_le_v4SPD16_eabi.lib</file>
         <name>cpy_tbl.c.obj</name>
      </input_file>
      <input_file id="fl-d7">
         <path>C:\ti\ccs910\ccs\tools\compiler\ti-cgt-arm_18.12.2.LTS\lib\</path>
         <kind>archive</kind>
         <file>rtsv7M4_T_le_v4SPD16_eabi.lib</file>
         <name>exit.c.obj</name>
      </input_file>
      <input_file id="fl-d8">
         <path>C:\ti\ccs910\ccs\tools\compiler\ti-cgt-arm_18.12.2.LTS\lib\</path>
         <kind>archive</kind>
         <file>rtsv7M4_T_le_v4SPD16_eabi.lib</file>
         <name>_lock.c.obj</name>
      </input_file>
      <input_file id="fl-d9">
         <path>C:\ti\ccs910\ccs\tools\compiler\ti-cgt-arm_18.12.2.LTS\lib\</path>
         <kind>archive</kind>
         <file>rtsv7M4_T_le_v4SPD16_eabi.lib</file>
         <name>args_main.c.obj</name>
      </input_file>
      <input_file id="fl-da">
         <path>C:\ti\ccs910\ccs\tools\compiler\ti-cgt-arm_18.12.2.LTS\lib\</path>
         <kind>archive</kind>
         <file>rtsv7M4_T_le_v4SPD16_eabi.lib</file>
         <name>atoi.c.obj</name>
      </input_file>
      <input_file id="fl-db">
         <path>C:\ti\ccs910\ccs\tools\compiler\ti-cgt-arm_18.12.2.LTS\lib\</path>
         <kind>archive</kind>
         <file>rtsv7M4_T_le_v4SPD16_eabi.lib</file>
         <name>ctype.c.obj</name>
      </input_file>
      <input_file id="fl-dc">
         <path>C:\ti\ccs910\ccs\tools\compiler\ti-cgt-arm_18.12.2.LTS\lib\</path>
         <kind>archive</kind>
         <file>rtsv7M4_T_le_v4SPD16_eabi.lib</file>
         <name>ltoa.c.obj</name>
      </input_file>
      <input_file id="fl-dd">
         <path>C:\ti\ccs910\ccs\tools\compiler\ti-cgt-arm_18.12.2.LTS\lib\</path>
         <kind>archive</kind>
         <file>rtsv7M4_T_le_v4SPD16_eabi.lib</file>
         <name>memccpy.c.obj</name>
      </input_file>
      <input_file id="fl-de">
         <path>C:\ti\ccs910\ccs\tools\compiler\ti-cgt-arm_18.12.2.LTS\lib\</path>
         <kind>archive</kind>
         <file>rtsv7M4_T_le_v4SPD16_eabi.lib</file>
         <name>strchr.c.obj</name>
      </input_file>
      <input_file id="fl-df">
         <path>C:\ti\ccs910\ccs\tools\compiler\ti-cgt-arm_18.12.2.LTS\lib\</path>
         <kind>archive</kind>
         <file>rtsv7M4_T_le_v4SPD16_eabi.lib</file>
         <name>strlen.c.obj</name>
      </input_file>
      <input_file id="fl-e0">
         <path>C:\ti\ccs910\ccs\tools\compiler\ti-cgt-arm_18.12.2.LTS\lib\</path>
         <kind>archive</kind>
         <file>rtsv7M4_T_le_v4SPD16_eabi.lib</file>
         <name>errno.c.obj</name>
      </input_file>
      <input_file id="fl-e1">
         <path>C:\ti\ccs910\ccs\tools\compiler\ti-cgt-arm_18.12.2.LTS\lib\</path>
         <kind>archive</kind>
         <file>rtsv7M4_T_le_v4SPD16_eabi.lib</file>
         <name>wcslen.c.obj</name>
      </input_file>
      <input_file id="fl-e2">
         <path>C:\ti\ccs910\ccs\tools\compiler\ti-cgt-arm_18.12.2.LTS\lib\</path>
         <kind>archive</kind>
         <file>rtsv7M4_T_le_v4SPD16_eabi.lib</file>
         <name>s_copysign.c.obj</name>
      </input_file>
      <input_file id="fl-e3">
         <path>C:\ti\ccs910\ccs\tools\compiler\ti-cgt-arm_18.12.2.LTS\lib\</path>
         <kind>archive</kind>
         <file>rtsv7M4_T_le_v4SPD16_eabi.lib</file>
         <name>div0.asm.obj</name>
      </input_file>
      <input_file id="fl-e4">
         <path>C:\ti\tirtos_tivac_2_16_00_08\products\TivaWare_C_Series-2.1.1.71b\grlib\ccs\Debug\</path>
         <kind>archive</kind>
         <file>grlib.lib</file>
         <name>context.obj</name>
      </input_file>
      <input_file id="fl-e5">
         <path>C:\ti\tirtos_tivac_2_16_00_08\products\TivaWare_C_Series-2.1.1.71b\grlib\ccs\Debug\</path>
         <kind>archive</kind>
         <file>grlib.lib</file>
         <name>rectangle.obj</name>
      </input_file>
      <input_file id="fl-e6">
         <path>C:\ti\tirtos_tivac_2_16_00_08\products\TivaWare_C_Series-2.1.1.71b\grlib\ccs\Debug\</path>
         <kind>archive</kind>
         <file>grlib.lib</file>
         <name>string.obj</name>
      </input_file>
      <input_file id="fl-e7">
         <path>C:\ti\tirtos_tivac_2_16_00_08\products\TivaWare_C_Series-2.1.1.71b\grlib\ccs\Debug\</path>
         <kind>archive</kind>
         <file>grlib.lib</file>
         <name>fontfixed6x8.obj</name>
      </input_file>
      <input_file id="fl-e8">
         <path>C:\ti\tirtos_tivac_2_16_00_08\products\TivaWare_C_Series-2.1.1.71b\grlib\ccs\Debug\</path>
         <kind>archive</kind>
         <file>grlib.lib</file>
         <name>charmap.obj</name>
      </input_file>
      <input_file id="fl-e9">
         <path>C:\ti\tirtos_tivac_2_16_00_08\products\TivaWare_C_Series-2.1.1.71b\grlib\ccs\Debug\</path>
         <kind>archive</kind>
         <file>grlib.lib</file>
         <name>line.obj</name>
      </input_file>
      <input_file id="fl-ea">
         <path>C:\ti\tirtos_tivac_2_16_00_08\products\TivaWare_C_Series-2.1.1.71b\driverlib\ccs\Debug\</path>
         <kind>archive</kind>
         <file>driverlib.lib</file>
         <name>adc.obj</name>
      </input_file>
      <input_file id="fl-eb">
         <path>C:\ti\tirtos_tivac_2_16_00_08\products\TivaWare_C_Series-2.1.1.71b\driverlib\ccs\Debug\</path>
         <kind>archive</kind>
         <file>driverlib.lib</file>
         <name>fpu.obj</name>
      </input_file>
      <input_file id="fl-ec">
         <path>C:\ti\tirtos_tivac_2_16_00_08\products\TivaWare_C_Series-2.1.1.71b\driverlib\ccs\Debug\</path>
         <kind>archive</kind>
         <file>driverlib.lib</file>
         <name>gpio.obj</name>
      </input_file>
      <input_file id="fl-ed">
         <path>C:\ti\tirtos_tivac_2_16_00_08\products\TivaWare_C_Series-2.1.1.71b\driverlib\ccs\Debug\</path>
         <kind>archive</kind>
         <file>driverlib.lib</file>
         <name>interrupt.obj</name>
      </input_file>
      <input_file id="fl-ee">
         <path>C:\ti\tirtos_tivac_2_16_00_08\products\TivaWare_C_Series-2.1.1.71b\driverlib\ccs\Debug\</path>
         <kind>archive</kind>
         <file>driverlib.lib</file>
         <name>ssi.obj</name>
      </input_file>
      <input_file id="fl-ef">
         <path>C:\ti\tirtos_tivac_2_16_00_08\products\TivaWare_C_Series-2.1.1.71b\driverlib\ccs\Debug\</path>
         <kind>archive</kind>
         <file>driverlib.lib</file>
         <name>sysctl.obj</name>
      </input_file>
      <input_file id="fl-f0">
         <path>C:\ti\tirtos_tivac_2_16_00_08\products\TivaWare_C_Series-2.1.1.71b\driverlib\ccs\Debug\</path>
         <kind>archive</kind>
         <file>driverlib.lib</file>
         <name>timer.obj</name>
      </input_file>
      <input_file id="fl-f1">
         <path>C:\ti\tirtos_tivac_2_16_00_08\products\TivaWare_C_Series-2.1.1.71b\driverlib\ccs\Debug\</path>
         <kind>archive</kind>
         <file>driverlib.lib</file>
         <name>cpu.obj</name>
      </input_file>
   </input_file_list>
   <object_component_list>
      <object_component id="oc-f">
         <name>.intvecs</name>
         <load_address>0x0</load_address>
         <run_address>0x0</run_address>
         <size>0x208</size>
         <input_file_ref idref="fl-7"/>
      </object_component>
      <object_component id="oc-2aa">
         <name>.text:__TI_printfi</name>
         <load_address>0x208</load_address>
         <run_address>0x208</run_address>
         <size>0xa4e</size>
         <input_file_ref idref="fl-c9"/>
      </object_component>
      <object_component id="oc-48e">
         <name>.text</name>
         <load_address>0xc56</load_address>
         <run_address>0xc56</run_address>
         <size>0x2</size>
         <input_file_ref idref="fl-e3"/>
      </object_component>
      <object_component id="oc-2a">
         <name>.text</name>
         <load_address>0xc58</load_address>
         <run_address>0xc58</run_address>
         <size>0x46a</size>
         <input_file_ref idref="fl-4"/>
      </object_component>
      <object_component id="oc-103">
         <name>.text:GPIOPinRead</name>
         <load_address>0x10c2</load_address>
         <run_address>0x10c2</run_address>
         <size>0x6</size>
         <input_file_ref idref="fl-ec"/>
      </object_component>
      <object_component id="oc-1c7">
         <name>.text</name>
         <load_address>0x10c8</load_address>
         <run_address>0x10c8</run_address>
         <size>0x3f0</size>
         <input_file_ref idref="fl-2"/>
      </object_component>
      <object_component id="oc-38a">
         <name>.text:_pconv_a</name>
         <load_address>0x14b8</load_address>
         <run_address>0x14b8</run_address>
         <size>0x270</size>
         <input_file_ref idref="fl-c9"/>
      </object_component>
      <object_component id="oc-340">
         <name>.text:GrFontGlyphRender</name>
         <load_address>0x1728</load_address>
         <run_address>0x1728</run_address>
         <size>0x256</size>
         <input_file_ref idref="fl-e6"/>
      </object_component>
      <object_component id="oc-1c1">
         <name>.text:SysCtlClockFreqSet</name>
         <load_address>0x1980</load_address>
         <run_address>0x1980</run_address>
         <size>0x204</size>
         <input_file_ref idref="fl-ef"/>
      </object_component>
      <object_component id="oc-378">
         <name>.text:_pconv_g</name>
         <load_address>0x1b84</load_address>
         <run_address>0x1b84</run_address>
         <size>0x1d0</size>
         <input_file_ref idref="fl-c9"/>
      </object_component>
      <object_component id="oc-423">
         <name>.text</name>
         <load_address>0x1d54</load_address>
         <run_address>0x1d54</run_address>
         <size>0x1b6</size>
         <input_file_ref idref="fl-ce"/>
      </object_component>
      <object_component id="oc-306">
         <name>.text:GPIOPinWrite</name>
         <load_address>0x1f0a</load_address>
         <run_address>0x1f0a</run_address>
         <size>0x6</size>
         <input_file_ref idref="fl-ec"/>
      </object_component>
      <object_component id="oc-13f">
         <name>.text</name>
         <load_address>0x1f10</load_address>
         <run_address>0x1f10</run_address>
         <size>0x19a</size>
         <input_file_ref idref="fl-5"/>
      </object_component>
      <object_component id="oc-1d9">
         <name>.text:GrContextFontSet</name>
         <load_address>0x20aa</load_address>
         <run_address>0x20aa</run_address>
         <size>0x6</size>
         <input_file_ref idref="fl-e6"/>
      </object_component>
      <object_component id="oc-26d">
         <name>.text</name>
         <load_address>0x20b0</load_address>
         <run_address>0x20b0</run_address>
         <size>0x17e</size>
         <input_file_ref idref="fl-3"/>
      </object_component>
      <object_component id="oc-384">
         <name>.text:_pconv_e</name>
         <load_address>0x2230</load_address>
         <run_address>0x2230</run_address>
         <size>0x13c</size>
         <input_file_ref idref="fl-c9"/>
      </object_component>
      <object_component id="oc-409">
         <name>.text</name>
         <load_address>0x236c</load_address>
         <run_address>0x236c</run_address>
         <size>0x136</size>
         <input_file_ref idref="fl-d0"/>
      </object_component>
      <object_component id="oc-c8">
         <name>.text:GPIOPadConfigSet</name>
         <load_address>0x24a2</load_address>
         <run_address>0x24a2</run_address>
         <size>0x130</size>
         <input_file_ref idref="fl-ec"/>
      </object_component>
      <object_component id="oc-435">
         <name>.text:fcvt</name>
         <load_address>0x25d4</load_address>
         <run_address>0x25d4</run_address>
         <size>0x124</size>
         <input_file_ref idref="fl-c9"/>
      </object_component>
      <object_component id="oc-449">
         <name>.text:scalbn</name>
         <load_address>0x26f8</load_address>
         <run_address>0x26f8</run_address>
         <size>0x110</size>
         <input_file_ref idref="fl-cb"/>
      </object_component>
      <object_component id="oc-404">
         <name>.text</name>
         <load_address>0x2808</load_address>
         <run_address>0x2808</run_address>
         <size>0xfc</size>
         <input_file_ref idref="fl-d1"/>
      </object_component>
      <object_component id="oc-280">
         <name>.text:GrDefaultStringRenderer</name>
         <load_address>0x2904</load_address>
         <run_address>0x2904</run_address>
         <size>0xc4</size>
         <input_file_ref idref="fl-e6"/>
      </object_component>
      <object_component id="oc-36d">
         <name>.text:_ltostr</name>
         <load_address>0x29c8</load_address>
         <run_address>0x29c8</run_address>
         <size>0xb1</size>
         <input_file_ref idref="fl-c9"/>
      </object_component>
      <object_component id="oc-3e">
         <name>.text</name>
         <load_address>0x2a7a</load_address>
         <run_address>0x2a7a</run_address>
         <size>0x9c</size>
         <input_file_ref idref="fl-c4"/>
      </object_component>
      <object_component id="oc-3fd">
         <name>.text</name>
         <load_address>0x2b16</load_address>
         <run_address>0x2b16</run_address>
         <size>0x96</size>
         <input_file_ref idref="fl-cc"/>
      </object_component>
      <object_component id="oc-1e6">
         <name>.text:GrRectFill</name>
         <load_address>0x2bac</load_address>
         <run_address>0x2bac</run_address>
         <size>0x86</size>
         <input_file_ref idref="fl-e5"/>
      </object_component>
      <object_component id="oc-373">
         <name>.text:__aeabi_cdcmple</name>
         <load_address>0x2c32</load_address>
         <run_address>0x2c32</run_address>
         <size>0x86</size>
         <input_file_ref idref="fl-cf"/>
      </object_component>
      <object_component id="oc-40e">
         <name>.text:__aeabi_cdrcmple</name>
         <load_address>0x2cb8</load_address>
         <run_address>0x2cb8</run_address>
         <size>0x86</size>
         <input_file_ref idref="fl-cf"/>
      </object_component>
      <object_component id="oc-ef">
         <name>.text:ADCSequenceStepConfigure</name>
         <load_address>0x2d3e</load_address>
         <run_address>0x2d3e</run_address>
         <size>0x7a</size>
         <input_file_ref idref="fl-ea"/>
      </object_component>
      <object_component id="oc-133">
         <name>.text</name>
         <load_address>0x2db8</load_address>
         <run_address>0x2db8</run_address>
         <size>0x7a</size>
         <input_file_ref idref="fl-cd"/>
      </object_component>
      <object_component id="oc-42e">
         <name>.text:_mcpy</name>
         <load_address>0x2e32</load_address>
         <run_address>0x2e32</run_address>
         <size>0x6e</size>
         <input_file_ref idref="fl-c9"/>
      </object_component>
      <object_component id="oc-1d0">
         <name>.text:GrContextInit</name>
         <load_address>0x2ea0</load_address>
         <run_address>0x2ea0</run_address>
         <size>0x68</size>
         <input_file_ref idref="fl-e4"/>
      </object_component>
      <object_component id="oc-bc">
         <name>.text:IntEnable</name>
         <load_address>0x2f08</load_address>
         <run_address>0x2f08</run_address>
         <size>0x68</size>
         <input_file_ref idref="fl-ed"/>
      </object_component>
      <object_component id="oc-12">
         <name>.text:decompress:lzss:__TI_decompress_lzss</name>
         <load_address>0x2f70</load_address>
         <run_address>0x2f70</run_address>
         <size>0x68</size>
         <input_file_ref idref="fl-c7"/>
      </object_component>
      <object_component id="oc-443">
         <name>.text:frexp</name>
         <load_address>0x2fd8</load_address>
         <run_address>0x2fd8</run_address>
         <size>0x64</size>
         <input_file_ref idref="fl-ca"/>
      </object_component>
      <object_component id="oc-9b">
         <name>.text:TimerConfigure</name>
         <load_address>0x303c</load_address>
         <run_address>0x303c</run_address>
         <size>0x60</size>
         <input_file_ref idref="fl-f0"/>
      </object_component>
      <object_component id="oc-3e5">
         <name>.text:FontWideGlyphDataGet</name>
         <load_address>0x309c</load_address>
         <run_address>0x309c</run_address>
         <size>0x5a</size>
         <input_file_ref idref="fl-e6"/>
      </object_component>
      <object_component id="oc-37e">
         <name>.text:_pconv_f</name>
         <load_address>0x30f6</load_address>
         <run_address>0x30f6</run_address>
         <size>0x56</size>
         <input_file_ref idref="fl-c9"/>
      </object_component>
      <object_component id="oc-418">
         <name>.text:ltoa</name>
         <load_address>0x314c</load_address>
         <run_address>0x314c</run_address>
         <size>0x54</size>
         <input_file_ref idref="fl-dc"/>
      </object_component>
      <object_component id="oc-428">
         <name>.text:_ecpy</name>
         <load_address>0x31a0</load_address>
         <run_address>0x31a0</run_address>
         <size>0x52</size>
         <input_file_ref idref="fl-c9"/>
      </object_component>
      <object_component id="oc-367">
         <name>.text:atoi</name>
         <load_address>0x31f4</load_address>
         <run_address>0x31f4</run_address>
         <size>0x4c</size>
         <input_file_ref idref="fl-da"/>
      </object_component>
      <object_component id="oc-1ec">
         <name>.text:snprintf</name>
         <load_address>0x3240</load_address>
         <run_address>0x3240</run_address>
         <size>0x4c</size>
         <input_file_ref idref="fl-c3"/>
      </object_component>
      <object_component id="oc-293">
         <name>.text:UpdateContextCharMapping</name>
         <load_address>0x328c</load_address>
         <run_address>0x328c</run_address>
         <size>0x4a</size>
         <input_file_ref idref="fl-e6"/>
      </object_component>
      <object_component id="oc-d4">
         <name>.text</name>
         <load_address>0x32d8</load_address>
         <run_address>0x32d8</run_address>
         <size>0x4a</size>
         <input_file_ref idref="fl-6"/>
      </object_component>
      <object_component id="oc-31e">
         <name>.text:GPIOPinConfigure</name>
         <load_address>0x3324</load_address>
         <run_address>0x3324</run_address>
         <size>0x48</size>
         <input_file_ref idref="fl-ec"/>
      </object_component>
      <object_component id="oc-25c">
         <name>.text:_SysCtlFrequencyGet</name>
         <load_address>0x336c</load_address>
         <run_address>0x336c</run_address>
         <size>0x48</size>
         <input_file_ref idref="fl-ef"/>
      </object_component>
      <object_component id="oc-413">
         <name>.text</name>
         <load_address>0x33b4</load_address>
         <run_address>0x33b4</run_address>
         <size>0x48</size>
         <input_file_ref idref="fl-d2"/>
      </object_component>
      <object_component id="oc-205">
         <name>.text:__TI_auto_init_nobinit_nopinit:__TI_auto_init_nobinit_nopinit</name>
         <load_address>0x33fc</load_address>
         <run_address>0x33fc</run_address>
         <size>0x44</size>
         <input_file_ref idref="fl-d4"/>
      </object_component>
      <object_component id="oc-e9">
         <name>.text:ADCSequenceConfigure</name>
         <load_address>0x3440</load_address>
         <run_address>0x3440</run_address>
         <size>0x3e</size>
         <input_file_ref idref="fl-ea"/>
      </object_component>
      <object_component id="oc-43b">
         <name>.text:_fcpy</name>
         <load_address>0x347e</load_address>
         <run_address>0x347e</run_address>
         <size>0x3e</size>
         <input_file_ref idref="fl-c9"/>
      </object_component>
      <object_component id="oc-30c">
         <name>.text:SSIConfigSetExpClk</name>
         <load_address>0x34bc</load_address>
         <run_address>0x34bc</run_address>
         <size>0x3c</size>
         <input_file_ref idref="fl-ee"/>
      </object_component>
      <object_component id="oc-3eb">
         <name>.text:FontGlyphDataGet</name>
         <load_address>0x34f8</load_address>
         <run_address>0x34f8</run_address>
         <size>0x3a</size>
         <input_file_ref idref="fl-e6"/>
      </object_component>
      <object_component id="oc-8f">
         <name>.text:SysCtlPeripheralEnable</name>
         <load_address>0x3534</load_address>
         <run_address>0x3534</run_address>
         <size>0x34</size>
         <input_file_ref idref="fl-ef"/>
      </object_component>
      <object_component id="oc-5c">
         <name>.text:_c_int00_noargs:_c_int00_noargs</name>
         <load_address>0x3568</load_address>
         <run_address>0x3568</run_address>
         <size>0x34</size>
         <input_file_ref idref="fl-c8"/>
      </object_component>
      <object_component id="oc-2b0">
         <name>.text:_outs</name>
         <load_address>0x359c</load_address>
         <run_address>0x359c</run_address>
         <size>0x30</size>
         <input_file_ref idref="fl-c3"/>
      </object_component>
      <object_component id="oc-77">
         <name>.text:ADCIntStatus</name>
         <load_address>0x35cc</load_address>
         <run_address>0x35cc</run_address>
         <size>0x2e</size>
         <input_file_ref idref="fl-ea"/>
      </object_component>
      <object_component id="oc-334">
         <name>.text:GrStringNextCharGet</name>
         <load_address>0x35fa</load_address>
         <run_address>0x35fa</run_address>
         <size>0x2e</size>
         <input_file_ref idref="fl-e6"/>
      </object_component>
      <object_component id="oc-41e">
         <name>.text</name>
         <load_address>0x3628</load_address>
         <run_address>0x3628</run_address>
         <size>0x2e</size>
         <input_file_ref idref="fl-d3"/>
      </object_component>
      <object_component id="oc-17d">
         <name>.text:GPIODirModeSet</name>
         <load_address>0x3656</load_address>
         <run_address>0x3656</run_address>
         <size>0x2a</size>
         <input_file_ref idref="fl-ec"/>
      </object_component>
      <object_component id="oc-32e">
         <name>.text:GrFontInfoGet</name>
         <load_address>0x3680</load_address>
         <run_address>0x3680</run_address>
         <size>0x26</size>
         <input_file_ref idref="fl-e6"/>
      </object_component>
      <object_component id="oc-b6">
         <name>.text:IntPrioritySet</name>
         <load_address>0x36a8</load_address>
         <run_address>0x36a8</run_address>
         <size>0x24</size>
         <input_file_ref idref="fl-ed"/>
      </object_component>
      <object_component id="oc-33a">
         <name>.text:GrFontGlyphDataGet</name>
         <load_address>0x36cc</load_address>
         <run_address>0x36cc</run_address>
         <size>0x22</size>
         <input_file_ref idref="fl-e6"/>
      </object_component>
      <object_component id="oc-80">
         <name>.text:ADCSequenceDataGet</name>
         <load_address>0x36ee</load_address>
         <run_address>0x36ee</run_address>
         <size>0x1e</size>
         <input_file_ref idref="fl-ea"/>
      </object_component>
      <object_component id="oc-355">
         <name>.text:GrFontCodepageGet</name>
         <load_address>0x370c</load_address>
         <run_address>0x370c</run_address>
         <size>0x1e</size>
         <input_file_ref idref="fl-e6"/>
      </object_component>
      <object_component id="oc-256">
         <name>.text:_SysCtlMemTimingGet</name>
         <load_address>0x372c</load_address>
         <run_address>0x372c</run_address>
         <size>0x1c</size>
         <input_file_ref idref="fl-ef"/>
      </object_component>
      <object_component id="oc-4a">
         <name>.text:decompress:ZI:__TI_zero_init_nomemset:__TI_zero_init_nomemset</name>
         <load_address>0x3748</load_address>
         <run_address>0x3748</run_address>
         <size>0x1c</size>
         <input_file_ref idref="fl-c5"/>
      </object_component>
      <object_component id="oc-390">
         <name>.text:memccpy</name>
         <load_address>0x3764</load_address>
         <run_address>0x3764</run_address>
         <size>0x1c</size>
         <input_file_ref idref="fl-dd"/>
      </object_component>
      <object_component id="oc-4a7">
         <name>.text:copysign</name>
         <load_address>0x3780</load_address>
         <run_address>0x3780</run_address>
         <size>0x1a</size>
         <input_file_ref idref="fl-e2"/>
      </object_component>
      <object_component id="oc-276">
         <name>.text:SysCtlDelay</name>
         <load_address>0x379a</load_address>
         <run_address>0x379a</run_address>
         <size>0x6</size>
         <input_file_ref idref="fl-ef"/>
      </object_component>
      <object_component id="oc-24">
         <name>.text</name>
         <load_address>0x37a0</load_address>
         <run_address>0x37a0</run_address>
         <size>0x1a</size>
         <input_file_ref idref="fl-7"/>
      </object_component>
      <object_component id="oc-dd">
         <name>.text:ADCClockConfigSet</name>
         <load_address>0x37ba</load_address>
         <run_address>0x37ba</run_address>
         <size>0x18</size>
         <input_file_ref idref="fl-ea"/>
      </object_component>
      <object_component id="oc-71">
         <name>.text:ADCProcessorTrigger</name>
         <load_address>0x37d2</load_address>
         <run_address>0x37d2</run_address>
         <size>0x18</size>
         <input_file_ref idref="fl-ea"/>
      </object_component>
      <object_component id="oc-324">
         <name>.text:GPIOPinTypeGPIOOutput</name>
         <load_address>0x37ea</load_address>
         <run_address>0x37ea</run_address>
         <size>0x18</size>
         <input_file_ref idref="fl-ec"/>
      </object_component>
      <object_component id="oc-2b6">
         <name>.text:_outc</name>
         <load_address>0x3802</load_address>
         <run_address>0x3802</run_address>
         <size>0x18</size>
         <input_file_ref idref="fl-c3"/>
      </object_component>
      <object_component id="oc-1f2">
         <name>.text:GrStringDraw</name>
         <load_address>0x381a</load_address>
         <run_address>0x381a</run_address>
         <size>0x16</size>
         <input_file_ref idref="fl-e6"/>
      </object_component>
      <object_component id="oc-44f">
         <name>.text:strchr</name>
         <load_address>0x3830</load_address>
         <run_address>0x3830</run_address>
         <size>0x16</size>
         <input_file_ref idref="fl-de"/>
      </object_component>
      <object_component id="oc-95">
         <name>.text:TimerDisable</name>
         <load_address>0x3848</load_address>
         <run_address>0x3848</run_address>
         <size>0x14</size>
         <input_file_ref idref="fl-f0"/>
      </object_component>
      <object_component id="oc-361">
         <name>.text:strlen</name>
         <load_address>0x385c</load_address>
         <run_address>0x385c</run_address>
         <size>0x14</size>
         <input_file_ref idref="fl-df"/>
      </object_component>
      <object_component id="oc-ce">
         <name>.text:GPIOPinTypeADC</name>
         <load_address>0x3870</load_address>
         <run_address>0x3870</run_address>
         <size>0x12</size>
         <input_file_ref idref="fl-ec"/>
      </object_component>
      <object_component id="oc-c2">
         <name>.text:GPIOPinTypeGPIOInput</name>
         <load_address>0x3882</load_address>
         <run_address>0x3882</run_address>
         <size>0x12</size>
         <input_file_ref idref="fl-ec"/>
      </object_component>
      <object_component id="oc-318">
         <name>.text:GPIOPinTypeSSI</name>
         <load_address>0x3894</load_address>
         <run_address>0x3894</run_address>
         <size>0x12</size>
         <input_file_ref idref="fl-ec"/>
      </object_component>
      <object_component id="oc-a4">
         <name>.text:TimerLoadSet</name>
         <load_address>0x38a6</load_address>
         <run_address>0x38a6</run_address>
         <size>0x12</size>
         <input_file_ref idref="fl-f0"/>
      </object_component>
      <object_component id="oc-396">
         <name>.text:wcslen</name>
         <load_address>0x38b8</load_address>
         <run_address>0x38b8</run_address>
         <size>0x12</size>
         <input_file_ref idref="fl-e1"/>
      </object_component>
      <object_component id="oc-1b5">
         <name>.text:FPUEnable</name>
         <load_address>0x38cc</load_address>
         <run_address>0x38cc</run_address>
         <size>0x10</size>
         <input_file_ref idref="fl-eb"/>
      </object_component>
      <object_component id="oc-1bb">
         <name>.text:FPULazyStackingEnable</name>
         <load_address>0x38dc</load_address>
         <run_address>0x38dc</run_address>
         <size>0x10</size>
         <input_file_ref idref="fl-eb"/>
      </object_component>
      <object_component id="oc-1af">
         <name>.text:IntMasterDisable</name>
         <load_address>0x38ec</load_address>
         <run_address>0x38ec</run_address>
         <size>0x10</size>
         <input_file_ref idref="fl-ed"/>
      </object_component>
      <object_component id="oc-1df">
         <name>.text:IntMasterEnable</name>
         <load_address>0x38fc</load_address>
         <run_address>0x38fc</run_address>
         <size>0x10</size>
         <input_file_ref idref="fl-ed"/>
      </object_component>
      <object_component id="oc-e3">
         <name>.text:ADCSequenceDisable</name>
         <load_address>0x390c</load_address>
         <run_address>0x390c</run_address>
         <size>0xe</size>
         <input_file_ref idref="fl-ea"/>
      </object_component>
      <object_component id="oc-f5">
         <name>.text:ADCSequenceEnable</name>
         <load_address>0x391a</load_address>
         <run_address>0x391a</run_address>
         <size>0xe</size>
         <input_file_ref idref="fl-ea"/>
      </object_component>
      <object_component id="oc-b0">
         <name>.text:TimerEnable</name>
         <load_address>0x3928</load_address>
         <run_address>0x3928</run_address>
         <size>0xe</size>
         <input_file_ref idref="fl-f0"/>
      </object_component>
      <object_component id="oc-18">
         <name>.text:decompress:none:__TI_decompress_none</name>
         <load_address>0x3936</load_address>
         <run_address>0x3936</run_address>
         <size>0xe</size>
         <input_file_ref idref="fl-c6"/>
      </object_component>
      <object_component id="oc-24d">
         <name>.text:CPUcpsid</name>
         <load_address>0x3944</load_address>
         <run_address>0x3944</run_address>
         <size>0xc</size>
         <input_file_ref idref="fl-f1"/>
      </object_component>
      <object_component id="oc-29c">
         <name>.text:CPUcpsie</name>
         <load_address>0x3950</load_address>
         <run_address>0x3950</run_address>
         <size>0xc</size>
         <input_file_ref idref="fl-f1"/>
      </object_component>
      <object_component id="oc-86">
         <name>.text:ADCIntClear</name>
         <load_address>0x395c</load_address>
         <run_address>0x395c</run_address>
         <size>0xa</size>
         <input_file_ref idref="fl-ea"/>
      </object_component>
      <object_component id="oc-2fa">
         <name>.text:SSIDataPut</name>
         <load_address>0x3966</load_address>
         <run_address>0x3966</run_address>
         <size>0xa</size>
         <input_file_ref idref="fl-ee"/>
      </object_component>
      <object_component id="oc-312">
         <name>.text:SSIEnable</name>
         <load_address>0x3970</load_address>
         <run_address>0x3970</run_address>
         <size>0xa</size>
         <input_file_ref idref="fl-ee"/>
      </object_component>
      <object_component id="oc-347">
         <name>.text:GrMapISO8859_1_Unicode</name>
         <load_address>0x397a</load_address>
         <run_address>0x397a</run_address>
         <size>0x8</size>
         <input_file_ref idref="fl-e8"/>
      </object_component>
      <object_component id="oc-300">
         <name>.text:SSIBusy</name>
         <load_address>0x3982</load_address>
         <run_address>0x3982</run_address>
         <size>0x8</size>
         <input_file_ref idref="fl-ee"/>
      </object_component>
      <object_component id="oc-aa">
         <name>.text:TimerIntEnable</name>
         <load_address>0x398a</load_address>
         <run_address>0x398a</run_address>
         <size>0x8</size>
         <input_file_ref idref="fl-f0"/>
      </object_component>
      <object_component id="oc-39c">
         <name>.text:__aeabi_errno_addr</name>
         <load_address>0x3994</load_address>
         <run_address>0x3994</run_address>
         <size>0x8</size>
         <input_file_ref idref="fl-e0"/>
      </object_component>
      <object_component id="oc-fd">
         <name>.text:TimerIntClear</name>
         <load_address>0x399c</load_address>
         <run_address>0x399c</run_address>
         <size>0x4</size>
         <input_file_ref idref="fl-f0"/>
      </object_component>
      <object_component id="oc-139">
         <name>.text:_system_pre_init</name>
         <load_address>0x39a0</load_address>
         <run_address>0x39a0</run_address>
         <size>0x4</size>
         <input_file_ref idref="fl-d5"/>
      </object_component>
      <object_component id="oc-1f9">
         <name>.text:abort:abort</name>
         <load_address>0x39a4</load_address>
         <run_address>0x39a4</run_address>
         <size>0x4</size>
         <input_file_ref idref="fl-d7"/>
      </object_component>
      <object_component id="oc-28d">
         <name>.const:.string:g_pui8FontFixed6x8Data</name>
         <load_address>0x39a8</load_address>
         <run_address>0x39a8</run_address>
         <size>0x2f8</size>
         <input_file_ref idref="fl-e7"/>
      </object_component>
      <object_component id="oc-265">
         <name>.const:g_pppui32XTALtoVCO</name>
         <load_address>0x3ca0</load_address>
         <run_address>0x3ca0</run_address>
         <size>0x120</size>
         <input_file_ref idref="fl-ef"/>
      </object_component>
      <object_component id="oc-3f8">
         <name>.const:.string:_ctypes_</name>
         <load_address>0x3dc0</load_address>
         <run_address>0x3dc0</run_address>
         <size>0x101</size>
         <input_file_ref idref="fl-db"/>
      </object_component>
      <object_component id="oc-1d6">
         <name>.const:g_sFontFixed6x8</name>
         <load_address>0x3ec4</load_address>
         <run_address>0x3ec4</run_address>
         <size>0xc8</size>
         <input_file_ref idref="fl-e7"/>
      </object_component>
      <object_component id="oc-174">
         <name>.const:g_pui32Regs</name>
         <load_address>0x3f8c</load_address>
         <run_address>0x3f8c</run_address>
         <size>0x9c</size>
         <input_file_ref idref="fl-ed"/>
      </object_component>
      <object_component id="oc-3dc">
         <name>.const:g_pui32GPIOBaseAddrs</name>
         <load_address>0x4028</load_address>
         <run_address>0x4028</run_address>
         <size>0x90</size>
         <input_file_ref idref="fl-ec"/>
      </object_component>
      <object_component id="oc-179">
         <name>.const</name>
         <load_address>0x40b8</load_address>
         <run_address>0x40b8</run_address>
         <size>0x70</size>
         <input_file_ref idref="fl-ed"/>
      </object_component>
      <object_component id="oc-262">
         <name>.const:g_pui32Xtals</name>
         <load_address>0x4128</load_address>
         <run_address>0x4128</run_address>
         <size>0x6c</size>
         <input_file_ref idref="fl-ef"/>
      </object_component>
      <object_component id="oc-2ef">
         <name>.const:g_sXTALtoMEMTIM</name>
         <load_address>0x4194</load_address>
         <run_address>0x4194</run_address>
         <size>0x30</size>
         <input_file_ref idref="fl-ef"/>
      </object_component>
      <object_component id="oc-1cd">
         <name>.const:g_sCrystalfontz128x128</name>
         <load_address>0x41c4</load_address>
         <run_address>0x41c4</run_address>
         <size>0x28</size>
         <input_file_ref idref="fl-2"/>
      </object_component>
      <object_component id="oc-286">
         <name>.const</name>
         <load_address>0x41ec</load_address>
         <run_address>0x41ec</run_address>
         <size>0x10</size>
         <input_file_ref idref="fl-e4"/>
      </object_component>
      <object_component id="oc-268">
         <name>.const</name>
         <load_address>0x41fc</load_address>
         <run_address>0x41fc</run_address>
         <size>0x8</size>
         <input_file_ref idref="fl-ef"/>
      </object_component>
      <object_component id="oc-4fd">
         <name>.cinit..data.load</name>
         <load_address>0x4208</load_address>
         <run_address>0x4208</run_address>
         <size>0x14</size>
      </object_component>
      <object_component id="oc-4fb">
         <name>__TI_handler_table</name>
         <load_address>0x421c</load_address>
         <run_address>0x421c</run_address>
         <size>0xc</size>
      </object_component>
      <object_component id="oc-4fe">
         <name>.cinit..bss.load</name>
         <load_address>0x4228</load_address>
         <run_address>0x4228</run_address>
         <size>0x8</size>
      </object_component>
      <object_component id="oc-4fc">
         <name>__TI_cinit_table</name>
         <load_address>0x4230</load_address>
         <run_address>0x4230</run_address>
         <size>0x10</size>
      </object_component>
      <object_component id="oc-273">
         <name>.data:Lcd_buffer</name>
         <load_address>0x20000000</load_address>
         <run_address>0x20000000</run_address>
         <size>0x8000</size>
         <input_file_ref idref="fl-2"/>
      </object_component>
      <object_component id="oc-8c">
         <name>.data</name>
         <load_address>0x2000802c</load_address>
         <run_address>0x2000802c</run_address>
         <size>0x6</size>
         <input_file_ref idref="fl-4"/>
      </object_component>
      <object_component id="oc-7d">
         <name>.data:gJoystick</name>
         <load_address>0x20008024</load_address>
         <run_address>0x20008024</run_address>
         <size>0x8</size>
         <input_file_ref idref="fl-4"/>
      </object_component>
      <object_component id="oc-fc">
         <name>.data:count$2</name>
         <load_address>0x20008000</load_address>
         <run_address>0x20008000</run_address>
         <size>0x24</size>
         <input_file_ref idref="fl-4"/>
      </object_component>
      <object_component id="oc-109">
         <name>.data</name>
         <load_address>0x20008034</load_address>
         <run_address>0x20008034</run_address>
         <size>0x4</size>
         <input_file_ref idref="fl-5"/>
      </object_component>
      <object_component id="oc-45f">
         <name>.data</name>
         <load_address>0x20008038</load_address>
         <run_address>0x20008038</run_address>
         <size>0x4</size>
         <input_file_ref idref="fl-e0"/>
      </object_component>
      <object_component id="oc-fb">
         <name>.bss:state$1</name>
         <uninitialized>true</uninitialized>
         <run_address>0x20008840</run_address>
         <size>0x14</size>
         <input_file_ref idref="fl-4"/>
      </object_component>
      <object_component id="oc-26c">
         <name>.common:Lcd_Orientation</name>
         <uninitialized>true</uninitialized>
         <run_address>0x20008874</run_address>
         <size>0x1</size>
      </object_component>
      <object_component id="oc-278">
         <name>.common:Lcd_ScreenWidth</name>
         <uninitialized>true</uninitialized>
         <run_address>0x2000886e</run_address>
         <size>0x2</size>
      </object_component>
      <object_component id="oc-277">
         <name>.common:Lcd_ScreenHeigth</name>
         <uninitialized>true</uninitialized>
         <run_address>0x2000886c</run_address>
         <size>0x2</size>
      </object_component>
      <object_component id="oc-279">
         <name>.common:Lcd_PenSolid</name>
         <uninitialized>true</uninitialized>
         <run_address>0x20008875</run_address>
         <size>0x1</size>
      </object_component>
      <object_component id="oc-27a">
         <name>.common:Lcd_FontSolid</name>
         <uninitialized>true</uninitialized>
         <run_address>0x20008873</run_address>
         <size>0x1</size>
      </object_component>
      <object_component id="oc-27b">
         <name>.common:Lcd_FlagRead</name>
         <uninitialized>true</uninitialized>
         <run_address>0x20008872</run_address>
         <size>0x1</size>
      </object_component>
      <object_component id="oc-27c">
         <name>.common:Lcd_TouchTrim</name>
         <uninitialized>true</uninitialized>
         <run_address>0x20008870</run_address>
         <size>0x2</size>
      </object_component>
      <object_component id="oc-da">
         <name>.common:gADCSamplingRate</name>
         <uninitialized>true</uninitialized>
         <run_address>0x20008860</run_address>
         <size>0x4</size>
      </object_component>
      <object_component id="oc-a1">
         <name>.common:gSystemClock</name>
         <uninitialized>true</uninitialized>
         <run_address>0x20008864</run_address>
         <size>0x4</size>
      </object_component>
      <object_component id="oc-1e5">
         <name>.common:bit</name>
         <uninitialized>true</uninitialized>
         <run_address>0x20008854</run_address>
         <size>0xc</size>
      </object_component>
      <object_component id="oc-289">
         <name>.common:g_psGrLibDefaults</name>
         <uninitialized>true</uninitialized>
         <run_address>0x20008868</run_address>
         <size>0x4</size>
      </object_component>
      <object_component id="oc-21">
         <name>.stack</name>
         <uninitialized>true</uninitialized>
         <run_address>0x20008040</run_address>
         <size>0x4</size>
         <input_file_ref idref="fl-c8"/>
      </object_component>
      <object_component id="oc-4ff">
         <name>.stack</name>
         <uninitialized>true</uninitialized>
         <run_address>0x20008040</run_address>
         <size>0x0</size>
      </object_component>
      <object_component id="oc-19d">
         <name>.debug_info</name>
         <load_address>0x0</load_address>
         <run_address>0x0</run_address>
         <size>0x6e8</size>
         <input_file_ref idref="fl-2"/>
      </object_component>
      <object_component id="oc-274">
         <name>.debug_info</name>
         <load_address>0x6e8</load_address>
         <run_address>0x6e8</run_address>
         <size>0xee</size>
         <input_file_ref idref="fl-2"/>
      </object_component>
      <object_component id="oc-1ce">
         <name>.debug_info</name>
         <load_address>0x7d6</load_address>
         <run_address>0x7d6</run_address>
         <size>0x107</size>
         <input_file_ref idref="fl-2"/>
      </object_component>
      <object_component id="oc-1c9">
         <name>.debug_info</name>
         <load_address>0x8dd</load_address>
         <run_address>0x8dd</run_address>
         <size>0x10e3</size>
         <input_file_ref idref="fl-2"/>
      </object_component>
      <object_component id="oc-167">
         <name>.debug_info</name>
         <load_address>0x19c0</load_address>
         <run_address>0x19c0</run_address>
         <size>0x6bd</size>
         <input_file_ref idref="fl-2"/>
      </object_component>
      <object_component id="oc-119">
         <name>.debug_info</name>
         <load_address>0x207d</load_address>
         <run_address>0x207d</run_address>
         <size>0x26b</size>
         <input_file_ref idref="fl-2"/>
      </object_component>
      <object_component id="oc-112">
         <name>.debug_info</name>
         <load_address>0x22e8</load_address>
         <run_address>0x22e8</run_address>
         <size>0x8b</size>
         <input_file_ref idref="fl-2"/>
      </object_component>
      <object_component id="oc-198">
         <name>.debug_info</name>
         <load_address>0x2373</load_address>
         <run_address>0x2373</run_address>
         <size>0x297</size>
         <input_file_ref idref="fl-2"/>
      </object_component>
      <object_component id="oc-188">
         <name>.debug_info</name>
         <load_address>0x260a</load_address>
         <run_address>0x260a</run_address>
         <size>0xef</size>
         <input_file_ref idref="fl-2"/>
      </object_component>
      <object_component id="oc-10d">
         <name>.debug_info</name>
         <load_address>0x26f9</load_address>
         <run_address>0x26f9</run_address>
         <size>0xbb</size>
         <input_file_ref idref="fl-2"/>
      </object_component>
      <object_component id="oc-32b">
         <name>.debug_info</name>
         <load_address>0x27b4</load_address>
         <run_address>0x27b4</run_address>
         <size>0x6a8</size>
         <input_file_ref idref="fl-3"/>
      </object_component>
      <object_component id="oc-26e">
         <name>.debug_info</name>
         <load_address>0x2e5c</load_address>
         <run_address>0x2e5c</run_address>
         <size>0x608</size>
         <input_file_ref idref="fl-3"/>
      </object_component>
      <object_component id="oc-db">
         <name>.debug_info</name>
         <load_address>0x3464</load_address>
         <run_address>0x3464</run_address>
         <size>0x81f</size>
         <input_file_ref idref="fl-4"/>
      </object_component>
      <object_component id="oc-8d">
         <name>.debug_info</name>
         <load_address>0x3c83</load_address>
         <run_address>0x3c83</run_address>
         <size>0xd7</size>
         <input_file_ref idref="fl-4"/>
      </object_component>
      <object_component id="oc-7e">
         <name>.debug_info</name>
         <load_address>0x3d5a</load_address>
         <run_address>0x3d5a</run_address>
         <size>0xd9</size>
         <input_file_ref idref="fl-4"/>
      </object_component>
      <object_component id="oc-2c">
         <name>.debug_info</name>
         <load_address>0x3e33</load_address>
         <run_address>0x3e33</run_address>
         <size>0x7c4</size>
         <input_file_ref idref="fl-4"/>
      </object_component>
      <object_component id="oc-a2">
         <name>.debug_info</name>
         <load_address>0x45f7</load_address>
         <run_address>0x45f7</run_address>
         <size>0x829</size>
         <input_file_ref idref="fl-5"/>
      </object_component>
      <object_component id="oc-10a">
         <name>.debug_info</name>
         <load_address>0x4e20</load_address>
         <run_address>0x4e20</run_address>
         <size>0xce</size>
         <input_file_ref idref="fl-5"/>
      </object_component>
      <object_component id="oc-142">
         <name>.debug_info</name>
         <load_address>0x4eee</load_address>
         <run_address>0x4eee</run_address>
         <size>0x357</size>
         <input_file_ref idref="fl-5"/>
      </object_component>
      <object_component id="oc-16c">
         <name>.debug_info</name>
         <load_address>0x5245</load_address>
         <run_address>0x5245</run_address>
         <size>0xcc</size>
         <input_file_ref idref="fl-5"/>
      </object_component>
      <object_component id="oc-2c8">
         <name>.debug_info</name>
         <load_address>0x5311</load_address>
         <run_address>0x5311</run_address>
         <size>0x2c</size>
         <input_file_ref idref="fl-5"/>
      </object_component>
      <object_component id="oc-d7">
         <name>.debug_info</name>
         <load_address>0x533d</load_address>
         <run_address>0x533d</run_address>
         <size>0x1b2</size>
         <input_file_ref idref="fl-6"/>
      </object_component>
      <object_component id="oc-39">
         <name>.debug_info</name>
         <load_address>0x54ef</load_address>
         <run_address>0x54ef</run_address>
         <size>0x84</size>
         <input_file_ref idref="fl-6"/>
      </object_component>
      <object_component id="oc-32">
         <name>.debug_info</name>
         <load_address>0x5573</load_address>
         <run_address>0x5573</run_address>
         <size>0x2cc</size>
         <input_file_ref idref="fl-7"/>
      </object_component>
      <object_component id="oc-10">
         <name>.debug_info</name>
         <load_address>0x583f</load_address>
         <run_address>0x583f</run_address>
         <size>0xf1</size>
         <input_file_ref idref="fl-7"/>
      </object_component>
      <object_component id="oc-28">
         <name>.debug_info</name>
         <load_address>0x5930</load_address>
         <run_address>0x5930</run_address>
         <size>0x270</size>
         <input_file_ref idref="fl-7"/>
      </object_component>
      <object_component id="oc-2bd">
         <name>.debug_info</name>
         <load_address>0x5ba0</load_address>
         <run_address>0x5ba0</run_address>
         <size>0x33b</size>
         <input_file_ref idref="fl-c3"/>
      </object_component>
      <object_component id="oc-1ef">
         <name>.debug_info</name>
         <load_address>0x5edb</load_address>
         <run_address>0x5edb</run_address>
         <size>0x1ef</size>
         <input_file_ref idref="fl-c3"/>
      </object_component>
      <object_component id="oc-2b3">
         <name>.debug_info</name>
         <load_address>0x60ca</load_address>
         <run_address>0x60ca</run_address>
         <size>0x1c4</size>
         <input_file_ref idref="fl-c3"/>
      </object_component>
      <object_component id="oc-2b8">
         <name>.debug_info</name>
         <load_address>0x628e</load_address>
         <run_address>0x628e</run_address>
         <size>0x177</size>
         <input_file_ref idref="fl-c3"/>
      </object_component>
      <object_component id="oc-2be">
         <name>.debug_info</name>
         <load_address>0x6405</load_address>
         <run_address>0x6405</run_address>
         <size>0x2c</size>
         <input_file_ref idref="fl-c3"/>
      </object_component>
      <object_component id="oc-2c3">
         <name>.debug_info</name>
         <load_address>0x6431</load_address>
         <run_address>0x6431</run_address>
         <size>0x69</size>
         <input_file_ref idref="fl-c3"/>
      </object_component>
      <object_component id="oc-3f">
         <name>.debug_info</name>
         <load_address>0x649a</load_address>
         <run_address>0x649a</run_address>
         <size>0x11a</size>
         <input_file_ref idref="fl-c4"/>
      </object_component>
      <object_component id="oc-132">
         <name>.debug_info</name>
         <load_address>0x65b4</load_address>
         <run_address>0x65b4</run_address>
         <size>0x2d5</size>
         <input_file_ref idref="fl-c5"/>
      </object_component>
      <object_component id="oc-4b">
         <name>.debug_info</name>
         <load_address>0x6889</load_address>
         <run_address>0x6889</run_address>
         <size>0x1d3</size>
         <input_file_ref idref="fl-c5"/>
      </object_component>
      <object_component id="oc-12d">
         <name>.debug_info</name>
         <load_address>0x6a5c</load_address>
         <run_address>0x6a5c</run_address>
         <size>0x46</size>
         <input_file_ref idref="fl-c5"/>
      </object_component>
      <object_component id="oc-1a6">
         <name>.debug_info</name>
         <load_address>0x6aa2</load_address>
         <run_address>0x6aa2</run_address>
         <size>0x2c</size>
         <input_file_ref idref="fl-c5"/>
      </object_component>
      <object_component id="oc-49">
         <name>.debug_info</name>
         <load_address>0x6ace</load_address>
         <run_address>0x6ace</run_address>
         <size>0x2a9</size>
         <input_file_ref idref="fl-c6"/>
      </object_component>
      <object_component id="oc-19">
         <name>.debug_info</name>
         <load_address>0x6d77</load_address>
         <run_address>0x6d77</run_address>
         <size>0x1eb</size>
         <input_file_ref idref="fl-c6"/>
      </object_component>
      <object_component id="oc-44">
         <name>.debug_info</name>
         <load_address>0x6f62</load_address>
         <run_address>0x6f62</run_address>
         <size>0x46</size>
         <input_file_ref idref="fl-c6"/>
      </object_component>
      <object_component id="oc-125">
         <name>.debug_info</name>
         <load_address>0x6fa8</load_address>
         <run_address>0x6fa8</run_address>
         <size>0x2c</size>
         <input_file_ref idref="fl-c6"/>
      </object_component>
      <object_component id="oc-123">
         <name>.debug_info</name>
         <load_address>0x6fd4</load_address>
         <run_address>0x6fd4</run_address>
         <size>0x29f</size>
         <input_file_ref idref="fl-c7"/>
      </object_component>
      <object_component id="oc-14">
         <name>.debug_info</name>
         <load_address>0x7273</load_address>
         <run_address>0x7273</run_address>
         <size>0x251</size>
         <input_file_ref idref="fl-c7"/>
      </object_component>
      <object_component id="oc-34">
         <name>.debug_info</name>
         <load_address>0x74c4</load_address>
         <run_address>0x74c4</run_address>
         <size>0x60</size>
         <input_file_ref idref="fl-c7"/>
      </object_component>
      <object_component id="oc-19f">
         <name>.debug_info</name>
         <load_address>0x7524</load_address>
         <run_address>0x7524</run_address>
         <size>0x46</size>
         <input_file_ref idref="fl-c7"/>
      </object_component>
      <object_component id="oc-11e">
         <name>.debug_info</name>
         <load_address>0x756a</load_address>
         <run_address>0x756a</run_address>
         <size>0x39</size>
         <input_file_ref idref="fl-c7"/>
      </object_component>
      <object_component id="oc-22">
         <name>.debug_info</name>
         <load_address>0x75a3</load_address>
         <run_address>0x75a3</run_address>
         <size>0x10c</size>
         <input_file_ref idref="fl-c8"/>
      </object_component>
      <object_component id="oc-5f">
         <name>.debug_info</name>
         <load_address>0x76af</load_address>
         <run_address>0x76af</run_address>
         <size>0x1aa</size>
         <input_file_ref idref="fl-c8"/>
      </object_component>
      <object_component id="oc-3a3">
         <name>.debug_info</name>
         <load_address>0x7859</load_address>
         <run_address>0x7859</run_address>
         <size>0x57c</size>
         <input_file_ref idref="fl-c9"/>
      </object_component>
      <object_component id="oc-370">
         <name>.debug_info</name>
         <load_address>0x7dd5</load_address>
         <run_address>0x7dd5</run_address>
         <size>0x21f</size>
         <input_file_ref idref="fl-c9"/>
      </object_component>
      <object_component id="oc-42b">
         <name>.debug_info</name>
         <load_address>0x7ff4</load_address>
         <run_address>0x7ff4</run_address>
         <size>0x1b4</size>
         <input_file_ref idref="fl-c9"/>
      </object_component>
      <object_component id="oc-431">
         <name>.debug_info</name>
         <load_address>0x81a8</load_address>
         <run_address>0x81a8</run_address>
         <size>0x21c</size>
         <input_file_ref idref="fl-c9"/>
      </object_component>
      <object_component id="oc-37b">
         <name>.debug_info</name>
         <load_address>0x83c4</load_address>
         <run_address>0x83c4</run_address>
         <size>0x3bc</size>
         <input_file_ref idref="fl-c9"/>
      </object_component>
      <object_component id="oc-438">
         <name>.debug_info</name>
         <load_address>0x8780</load_address>
         <run_address>0x8780</run_address>
         <size>0x306</size>
         <input_file_ref idref="fl-c9"/>
      </object_component>
      <object_component id="oc-43e">
         <name>.debug_info</name>
         <load_address>0x8a86</load_address>
         <run_address>0x8a86</run_address>
         <size>0x216</size>
         <input_file_ref idref="fl-c9"/>
      </object_component>
      <object_component id="oc-381">
         <name>.debug_info</name>
         <load_address>0x8c9c</load_address>
         <run_address>0x8c9c</run_address>
         <size>0x216</size>
         <input_file_ref idref="fl-c9"/>
      </object_component>
      <object_component id="oc-387">
         <name>.debug_info</name>
         <load_address>0x8eb2</load_address>
         <run_address>0x8eb2</run_address>
         <size>0x305</size>
         <input_file_ref idref="fl-c9"/>
      </object_component>
      <object_component id="oc-38d">
         <name>.debug_info</name>
         <load_address>0x91b7</load_address>
         <run_address>0x91b7</run_address>
         <size>0x4b1</size>
         <input_file_ref idref="fl-c9"/>
      </object_component>
      <object_component id="oc-2ad">
         <name>.debug_info</name>
         <load_address>0x9668</load_address>
         <run_address>0x9668</run_address>
         <size>0x5f5</size>
         <input_file_ref idref="fl-c9"/>
      </object_component>
      <object_component id="oc-3a4">
         <name>.debug_info</name>
         <load_address>0x9c5d</load_address>
         <run_address>0x9c5d</run_address>
         <size>0x86</size>
         <input_file_ref idref="fl-c9"/>
      </object_component>
      <object_component id="oc-466">
         <name>.debug_info</name>
         <load_address>0x9ce3</load_address>
         <run_address>0x9ce3</run_address>
         <size>0x39</size>
         <input_file_ref idref="fl-c9"/>
      </object_component>
      <object_component id="oc-4be">
         <name>.debug_info</name>
         <load_address>0x9d1c</load_address>
         <run_address>0x9d1c</run_address>
         <size>0xb6</size>
         <input_file_ref idref="fl-c9"/>
      </object_component>
      <object_component id="oc-46b">
         <name>.debug_info</name>
         <load_address>0x9dd2</load_address>
         <run_address>0x9dd2</run_address>
         <size>0x46</size>
         <input_file_ref idref="fl-c9"/>
      </object_component>
      <object_component id="oc-3a9">
         <name>.debug_info</name>
         <load_address>0x9e18</load_address>
         <run_address>0x9e18</run_address>
         <size>0x46</size>
         <input_file_ref idref="fl-c9"/>
      </object_component>
      <object_component id="oc-4a1">
         <name>.debug_info</name>
         <load_address>0x9e5e</load_address>
         <run_address>0x9e5e</run_address>
         <size>0x29b</size>
         <input_file_ref idref="fl-ca"/>
      </object_component>
      <object_component id="oc-444">
         <name>.debug_info</name>
         <load_address>0xa0f9</load_address>
         <run_address>0xa0f9</run_address>
         <size>0x196</size>
         <input_file_ref idref="fl-ca"/>
      </object_component>
      <object_component id="oc-4ca">
         <name>.debug_info</name>
         <load_address>0xa28f</load_address>
         <run_address>0xa28f</run_address>
         <size>0x39</size>
         <input_file_ref idref="fl-ca"/>
      </object_component>
      <object_component id="oc-4a2">
         <name>.debug_info</name>
         <load_address>0xa2c8</load_address>
         <run_address>0xa2c8</run_address>
         <size>0x2c</size>
         <input_file_ref idref="fl-ca"/>
      </object_component>
      <object_component id="oc-4ae">
         <name>.debug_info</name>
         <load_address>0xa2f4</load_address>
         <run_address>0xa2f4</run_address>
         <size>0x2fe</size>
         <input_file_ref idref="fl-cb"/>
      </object_component>
      <object_component id="oc-44b">
         <name>.debug_info</name>
         <load_address>0xa5f2</load_address>
         <run_address>0xa5f2</run_address>
         <size>0x226</size>
         <input_file_ref idref="fl-cb"/>
      </object_component>
      <object_component id="oc-400">
         <name>.debug_info</name>
         <load_address>0xa818</load_address>
         <run_address>0xa818</run_address>
         <size>0x135</size>
         <input_file_ref idref="fl-cc"/>
      </object_component>
      <object_component id="oc-135">
         <name>.debug_info</name>
         <load_address>0xa94d</load_address>
         <run_address>0xa94d</run_address>
         <size>0x148</size>
         <input_file_ref idref="fl-cd"/>
      </object_component>
      <object_component id="oc-426">
         <name>.debug_info</name>
         <load_address>0xaa95</load_address>
         <run_address>0xaa95</run_address>
         <size>0x14d</size>
         <input_file_ref idref="fl-ce"/>
      </object_component>
      <object_component id="oc-374">
         <name>.debug_info</name>
         <load_address>0xabe2</load_address>
         <run_address>0xabe2</run_address>
         <size>0x129</size>
         <input_file_ref idref="fl-cf"/>
      </object_component>
      <object_component id="oc-40f">
         <name>.debug_info</name>
         <load_address>0xad0b</load_address>
         <run_address>0xad0b</run_address>
         <size>0x12b</size>
         <input_file_ref idref="fl-cf"/>
      </object_component>
      <object_component id="oc-40a">
         <name>.debug_info</name>
         <load_address>0xae36</load_address>
         <run_address>0xae36</run_address>
         <size>0x13b</size>
         <input_file_ref idref="fl-d0"/>
      </object_component>
      <object_component id="oc-407">
         <name>.debug_info</name>
         <load_address>0xaf71</load_address>
         <run_address>0xaf71</run_address>
         <size>0x13b</size>
         <input_file_ref idref="fl-d1"/>
      </object_component>
      <object_component id="oc-416">
         <name>.debug_info</name>
         <load_address>0xb0ac</load_address>
         <run_address>0xb0ac</run_address>
         <size>0x12f</size>
         <input_file_ref idref="fl-d2"/>
      </object_component>
      <object_component id="oc-421">
         <name>.debug_info</name>
         <load_address>0xb1db</load_address>
         <run_address>0xb1db</run_address>
         <size>0x12d</size>
         <input_file_ref idref="fl-d3"/>
      </object_component>
      <object_component id="oc-2d9">
         <name>.debug_info</name>
         <load_address>0xb308</load_address>
         <run_address>0xb308</run_address>
         <size>0x4b4</size>
         <input_file_ref idref="fl-d4"/>
      </object_component>
      <object_component id="oc-209">
         <name>.debug_info</name>
         <load_address>0xb7bc</load_address>
         <run_address>0xb7bc</run_address>
         <size>0x1a7</size>
         <input_file_ref idref="fl-d4"/>
      </object_component>
      <object_component id="oc-3c2">
         <name>.debug_info</name>
         <load_address>0xb963</load_address>
         <run_address>0xb963</run_address>
         <size>0x39</size>
         <input_file_ref idref="fl-d4"/>
      </object_component>
      <object_component id="oc-473">
         <name>.debug_info</name>
         <load_address>0xb99c</load_address>
         <run_address>0xb99c</run_address>
         <size>0x39</size>
         <input_file_ref idref="fl-d4"/>
      </object_component>
      <object_component id="oc-3c7">
         <name>.debug_info</name>
         <load_address>0xb9d5</load_address>
         <run_address>0xb9d5</run_address>
         <size>0x39</size>
         <input_file_ref idref="fl-d4"/>
      </object_component>
      <object_component id="oc-3cc">
         <name>.debug_info</name>
         <load_address>0xba0e</load_address>
         <run_address>0xba0e</run_address>
         <size>0xcd</size>
         <input_file_ref idref="fl-d4"/>
      </object_component>
      <object_component id="oc-13b">
         <name>.debug_info</name>
         <load_address>0xbadb</load_address>
         <run_address>0xbadb</run_address>
         <size>0x154</size>
         <input_file_ref idref="fl-d5"/>
      </object_component>
      <object_component id="oc-1fb">
         <name>.debug_info</name>
         <load_address>0xbc2f</load_address>
         <run_address>0xbc2f</run_address>
         <size>0x123</size>
         <input_file_ref idref="fl-d7"/>
      </object_component>
      <object_component id="oc-3fc">
         <name>.debug_info</name>
         <load_address>0xbd52</load_address>
         <run_address>0xbd52</run_address>
         <size>0x2ba</size>
         <input_file_ref idref="fl-da"/>
      </object_component>
      <object_component id="oc-369">
         <name>.debug_info</name>
         <load_address>0xc00c</load_address>
         <run_address>0xc00c</run_address>
         <size>0x17d</size>
         <input_file_ref idref="fl-da"/>
      </object_component>
      <object_component id="oc-48b">
         <name>.debug_info</name>
         <load_address>0xc189</load_address>
         <run_address>0xc189</run_address>
         <size>0xfa</size>
         <input_file_ref idref="fl-db"/>
      </object_component>
      <object_component id="oc-3f9">
         <name>.debug_info</name>
         <load_address>0xc283</load_address>
         <run_address>0xc283</run_address>
         <size>0x106</size>
         <input_file_ref idref="fl-db"/>
      </object_component>
      <object_component id="oc-499">
         <name>.debug_info</name>
         <load_address>0xc389</load_address>
         <run_address>0xc389</run_address>
         <size>0x29c</size>
         <input_file_ref idref="fl-dc"/>
      </object_component>
      <object_component id="oc-419">
         <name>.debug_info</name>
         <load_address>0xc625</load_address>
         <run_address>0xc625</run_address>
         <size>0x1ce</size>
         <input_file_ref idref="fl-dc"/>
      </object_component>
      <object_component id="oc-457">
         <name>.debug_info</name>
         <load_address>0xc7f3</load_address>
         <run_address>0xc7f3</run_address>
         <size>0x297</size>
         <input_file_ref idref="fl-dd"/>
      </object_component>
      <object_component id="oc-392">
         <name>.debug_info</name>
         <load_address>0xca8a</load_address>
         <run_address>0xca8a</run_address>
         <size>0x1b7</size>
         <input_file_ref idref="fl-dd"/>
      </object_component>
      <object_component id="oc-4b0">
         <name>.debug_info</name>
         <load_address>0xcc41</load_address>
         <run_address>0xcc41</run_address>
         <size>0x29b</size>
         <input_file_ref idref="fl-de"/>
      </object_component>
      <object_component id="oc-452">
         <name>.debug_info</name>
         <load_address>0xcedc</load_address>
         <run_address>0xcedc</run_address>
         <size>0x263</size>
         <input_file_ref idref="fl-de"/>
      </object_component>
      <object_component id="oc-3f7">
         <name>.debug_info</name>
         <load_address>0xd13f</load_address>
         <run_address>0xd13f</run_address>
         <size>0x290</size>
         <input_file_ref idref="fl-df"/>
      </object_component>
      <object_component id="oc-362">
         <name>.debug_info</name>
         <load_address>0xd3cf</load_address>
         <run_address>0xd3cf</run_address>
         <size>0x246</size>
         <input_file_ref idref="fl-df"/>
      </object_component>
      <object_component id="oc-463">
         <name>.debug_info</name>
         <load_address>0xd615</load_address>
         <run_address>0xd615</run_address>
         <size>0x28a</size>
         <input_file_ref idref="fl-e0"/>
      </object_component>
      <object_component id="oc-460">
         <name>.debug_info</name>
         <load_address>0xd89f</load_address>
         <run_address>0xd89f</run_address>
         <size>0x10f</size>
         <input_file_ref idref="fl-e0"/>
      </object_component>
      <object_component id="oc-3a0">
         <name>.debug_info</name>
         <load_address>0xd9ae</load_address>
         <run_address>0xd9ae</run_address>
         <size>0x14f</size>
         <input_file_ref idref="fl-e0"/>
      </object_component>
      <object_component id="oc-45e">
         <name>.debug_info</name>
         <load_address>0xdafd</load_address>
         <run_address>0xdafd</run_address>
         <size>0x290</size>
         <input_file_ref idref="fl-e1"/>
      </object_component>
      <object_component id="oc-398">
         <name>.debug_info</name>
         <load_address>0xdd8d</load_address>
         <run_address>0xdd8d</run_address>
         <size>0x15b</size>
         <input_file_ref idref="fl-e1"/>
      </object_component>
      <object_component id="oc-4b3">
         <name>.debug_info</name>
         <load_address>0xdee8</load_address>
         <run_address>0xdee8</run_address>
         <size>0x46</size>
         <input_file_ref idref="fl-e1"/>
      </object_component>
      <object_component id="oc-459">
         <name>.debug_info</name>
         <load_address>0xdf2e</load_address>
         <run_address>0xdf2e</run_address>
         <size>0x39</size>
         <input_file_ref idref="fl-e1"/>
      </object_component>
      <object_component id="oc-4aa">
         <name>.debug_info</name>
         <load_address>0xdf67</load_address>
         <run_address>0xdf67</run_address>
         <size>0x162</size>
         <input_file_ref idref="fl-e2"/>
      </object_component>
      <object_component id="oc-491">
         <name>.debug_info</name>
         <load_address>0xe0c9</load_address>
         <run_address>0xe0c9</run_address>
         <size>0x116</size>
         <input_file_ref idref="fl-e3"/>
      </object_component>
      <object_component id="oc-28a">
         <name>.debug_info</name>
         <load_address>0xe1df</load_address>
         <run_address>0xe1df</run_address>
         <size>0x464</size>
         <input_file_ref idref="fl-e4"/>
      </object_component>
      <object_component id="oc-287">
         <name>.debug_info</name>
         <load_address>0xe643</load_address>
         <run_address>0xe643</run_address>
         <size>0x167</size>
         <input_file_ref idref="fl-e4"/>
      </object_component>
      <object_component id="oc-1d1">
         <name>.debug_info</name>
         <load_address>0xe7aa</load_address>
         <run_address>0xe7aa</run_address>
         <size>0x27d</size>
         <input_file_ref idref="fl-e4"/>
      </object_component>
      <object_component id="oc-2a5">
         <name>.debug_info</name>
         <load_address>0xea27</load_address>
         <run_address>0xea27</run_address>
         <size>0x6bd</size>
         <input_file_ref idref="fl-e4"/>
      </object_component>
      <object_component id="oc-152">
         <name>.debug_info</name>
         <load_address>0xf0e4</load_address>
         <run_address>0xf0e4</run_address>
         <size>0x18b</size>
         <input_file_ref idref="fl-e4"/>
      </object_component>
      <object_component id="oc-2a4">
         <name>.debug_info</name>
[...]
      </symbol>
      <symbol id="sm-ad">
         <name>HAL_LCD_PortInit</name>
         <value>0x21a1</value>
         <object_component_ref idref="oc-26d"/>
      </symbol>
      <symbol id="sm-ae">
         <name>HAL_LCD_writeCommand</name>
         <value>0x20c1</value>
         <object_component_ref idref="oc-26d"/>
      </symbol>
      <symbol id="sm-e5">
         <name>gADCSamplingRate</name>
         <value>0x20008860</value>
      </symbol>
      <symbol id="sm-e6">
         <name>ButtonDebounce</name>
         <value>0xef9</value>
         <object_component_ref idref="oc-2a"/>
      </symbol>
      <symbol id="sm-e7">
         <name>ButtonReadJoystick</name>
         <value>0xc59</value>
         <object_component_ref idref="oc-2a"/>
      </symbol>
      <symbol id="sm-e8">
         <name>ButtonAutoRepeat</name>
         <value>0xf69</value>
         <object_component_ref idref="oc-2a"/>
      </symbol>
      <symbol id="sm-e9">
         <name>gButtons</name>
         <value>0x2000802c</value>
         <object_component_ref idref="oc-8c"/>
      </symbol>
      <symbol id="sm-ea">
         <name>ButtonISR</name>
         <value>0xfe9</value>
         <object_component_ref idref="oc-2a"/>
      </symbol>
      <symbol id="sm-eb">
         <name>ButtonInit</name>
         <value>0xd39</value>
         <object_component_ref idref="oc-2a"/>
      </symbol>
      <symbol id="sm-ec">
         <name>gJoystick</name>
         <value>0x20008024</value>
         <object_component_ref idref="oc-7d"/>
      </symbol>
      <symbol id="sm-111">
         <name>gSystemClock</name>
         <value>0x20008864</value>
      </symbol>
      <symbol id="sm-112">
         <name>bit</name>
         <value>0x20008854</value>
      </symbol>
      <symbol id="sm-113">
         <name>toBit</name>
         <value>0x1f11</value>
         <object_component_ref idref="oc-13f"/>
      </symbol>
      <symbol id="sm-114">
         <name>gTime</name>
         <value>0x20008034</value>
         <object_component_ref idref="oc-109"/>
      </symbol>
      <symbol id="sm-115">
         <name>main</name>
         <value>0x1f39</value>
         <object_component_ref idref="oc-13f"/>
      </symbol>
      <symbol id="sm-124">
         <name>SysCtlFrequencyGet</name>
         <value>0x32d9</value>
         <object_component_ref idref="oc-d4"/>
      </symbol>
      <symbol id="sm-140">
         <name>ResetISR</name>
         <value>0x37a1</value>
         <object_component_ref idref="oc-24"/>
      </symbol>
      <symbol id="sm-141">
         <name>g_pfnVectors</name>
         <value>0x0</value>
         <object_component_ref idref="oc-f"/>
      </symbol>
      <symbol id="sm-170">
         <name>snprintf</name>
         <value>0x3241</value>
         <object_component_ref idref="oc-1ec"/>
      </symbol>
      <symbol id="sm-18b">
         <name>memcpy</name>
         <value>0x2a7b</value>
         <object_component_ref idref="oc-3e"/>
      </symbol>
      <symbol id="sm-18c">
         <name>__aeabi_memcpy</name>
         <value>0x2a7b</value>
         <object_component_ref idref="oc-3e"/>
      </symbol>
      <symbol id="sm-18d">
         <name>__aeabi_memcpy8</name>
         <value>0x2a7b</value>
         <object_component_ref idref="oc-3e"/>
      </symbol>
      <symbol id="sm-18e">
         <name>__aeabi_memcpy4</name>
         <value>0x2a7b</value>
         <object_component_ref idref="oc-3e"/>
      </symbol>
      <symbol id="sm-1a7">
         <name>__TI_zero_init_nomemset</name>
         <value>0x3749</value>
         <object_component_ref idref="oc-4a"/>
      </symbol>
      <symbol id="sm-1be">
         <name>__TI_decompress_none</name>
         <value>0x3937</value>
         <object_component_ref idref="oc-18"/>
      </symbol>
      <symbol id="sm-1e1">
         <name>__TI_decompress_lzss</name>
         <value>0x2f71</value>
         <object_component_ref idref="oc-12"/>
      </symbol>
      <symbol id="sm-1f4">
         <name>__stack</name>
         <value>0x20008040</value>
         <object_component_ref idref="oc-21"/>
      </symbol>
      <symbol id="sm-1f5">
         <name>_c_int00_noargs</name>
         <value>0x3569</value>
         <object_component_ref idref="oc-5c"/>
      </symbol>
      <symbol id="sm-35a">
         <name>__TI_printfi</name>
         <value>0x209</value>
         <object_component_ref idref="oc-2aa"/>
      </symbol>
      <symbol id="sm-37a">
         <name>frexpl</name>
         <value>0x2fd9</value>
         <object_component_ref idref="oc-443"/>
      </symbol>
      <symbol id="sm-37b">
         <name>frexp</name>
         <value>0x2fd9</value>
         <object_component_ref idref="oc-443"/>
      </symbol>
      <symbol id="sm-398">
         <name>scalbn</name>
         <value>0x26f9</value>
         <object_component_ref idref="oc-449"/>
      </symbol>
      <symbol id="sm-399">
         <name>scalbnl</name>
         <value>0x26f9</value>
         <object_component_ref idref="oc-449"/>
      </symbol>
      <symbol id="sm-39a">
         <name>ldexpl</name>
         <value>0x26f9</value>
         <object_component_ref idref="oc-449"/>
      </symbol>
      <symbol id="sm-39b">
         <name>ldexp</name>
         <value>0x26f9</value>
         <object_component_ref idref="oc-449"/>
      </symbol>
      <symbol id="sm-3a8">
         <name>__aeabi_uldivmod</name>
         <value>0x2b17</value>
         <object_component_ref idref="oc-3fd"/>
      </symbol>
      <symbol id="sm-3b7">
         <name>__aeabi_memset</name>
         <value>0x2dbb</value>
         <object_component_ref idref="oc-133"/>
      </symbol>
      <symbol id="sm-3b8">
         <name>memset</name>
         <value>0x2dc1</value>
         <object_component_ref idref="oc-133"/>
      </symbol>
      <symbol id="sm-3b9">
         <name>__aeabi_memset8</name>
         <value>0x2dbb</value>
         <object_component_ref idref="oc-133"/>
      </symbol>
      <symbol id="sm-3ba">
         <name>__aeabi_memset4</name>
         <value>0x2dbb</value>
         <object_component_ref idref="oc-133"/>
      </symbol>
      <symbol id="sm-3bb">
         <name>__aeabi_memclr8</name>
         <value>0x2db9</value>
         <object_component_ref idref="oc-133"/>
      </symbol>
      <symbol id="sm-3bc">
         <name>__aeabi_memclr4</name>
         <value>0x2db9</value>
         <object_component_ref idref="oc-133"/>
      </symbol>
      <symbol id="sm-3bd">
         <name>__aeabi_memclr</name>
         <value>0x2db9</value>
         <object_component_ref idref="oc-133"/>
      </symbol>
      <symbol id="sm-3d4">
         <name>__aeabi_dsub</name>
         <value>0x1d55</value>
         <object_component_ref idref="oc-423"/>
      </symbol>
      <symbol id="sm-3d5">
         <name>__aeabi_dadd</name>
         <value>0x1d5f</value>
         <object_component_ref idref="oc-423"/>
      </symbol>
      <symbol id="sm-3f7">
         <name>__aeabi_cdcmpeq</name>
         <value>0x2c33</value>
         <object_component_ref idref="oc-373"/>
      </symbol>
      <symbol id="sm-3f8">
         <name>__aeabi_cdcmple</name>
         <value>0x2c33</value>
         <object_component_ref idref="oc-373"/>
      </symbol>
      <symbol id="sm-3f9">
         <name>__aeabi_cdrcmple</name>
         <value>0x2cb9</value>
         <object_component_ref idref="oc-40e"/>
      </symbol>
      <symbol id="sm-40d">
         <name>__aeabi_ddiv</name>
         <value>0x236d</value>
         <object_component_ref idref="oc-409"/>
      </symbol>
      <symbol id="sm-418">
         <name>__aeabi_dmul</name>
         <value>0x2809</value>
         <object_component_ref idref="oc-404"/>
      </symbol>
      <symbol id="sm-422">
         <name>__aeabi_d2iz</name>
         <value>0x33b5</value>
         <object_component_ref idref="oc-413"/>
      </symbol>
      <symbol id="sm-42c">
         <name>__aeabi_i2d</name>
         <value>0x3629</value>
         <object_component_ref idref="oc-41e"/>
      </symbol>
      <symbol id="sm-454">
         <name>__TI_auto_init_nobinit_nopinit</name>
         <value>0x33fd</value>
         <object_component_ref idref="oc-205"/>
      </symbol>
      <symbol id="sm-45e">
         <name>_system_pre_init</name>
         <value>0x39a1</value>
         <object_component_ref idref="oc-139"/>
      </symbol>
      <symbol id="sm-46a">
         <name>C$$EXIT</name>
         <value>0x39a5</value>
         <object_component_ref idref="oc-1f9"/>
      </symbol>
      <symbol id="sm-46b">
         <name>abort</name>
         <value>0x39a5</value>
         <object_component_ref idref="oc-1f9"/>
      </symbol>
      <symbol id="sm-483">
         <name>atoi</name>
         <value>0x31f5</value>
         <object_component_ref idref="oc-367"/>
      </symbol>
      <symbol id="sm-48e">
         <name>_ctypes_</name>
         <value>0x3dc0</value>
         <object_component_ref idref="oc-3f8"/>
      </symbol>
      <symbol id="sm-49d">
         <name>ltoa</name>
         <value>0x314d</value>
         <object_component_ref idref="oc-418"/>
      </symbol>
      <symbol id="sm-4ad">
         <name>memccpy</name>
         <value>0x3765</value>
         <object_component_ref idref="oc-390"/>
      </symbol>
      <symbol id="sm-4bd">
         <name>strchr</name>
         <value>0x3831</value>
         <object_component_ref idref="oc-44f"/>
      </symbol>
      <symbol id="sm-4cb">
         <name>strlen</name>
         <value>0x385d</value>
         <object_component_ref idref="oc-361"/>
      </symbol>
      <symbol id="sm-4e1">
         <name>__aeabi_errno_addr</name>
         <value>0x3995</value>
         <object_component_ref idref="oc-39c"/>
      </symbol>
      <symbol id="sm-4e2">
         <name>errno</name>
         <value>0x20008038</value>
         <object_component_ref idref="oc-45f"/>
      </symbol>
      <symbol id="sm-4fb">
         <name>wcslen</name>
         <value>0x38b9</value>
         <object_component_ref idref="oc-396"/>
      </symbol>
      <symbol id="sm-505">
         <name>copysign</name>
         <value>0x3781</value>
         <object_component_ref idref="oc-4a7"/>
      </symbol>
      <symbol id="sm-506">
         <name>copysignl</name>
         <value>0x3781</value>
         <object_component_ref idref="oc-4a7"/>
      </symbol>
      <symbol id="sm-510">
         <name>__aeabi_idiv0</name>
         <value>0xc57</value>
         <object_component_ref idref="oc-48e"/>
      </symbol>
      <symbol id="sm-511">
         <name>__aeabi_ldiv0</name>
         <value>0xc57</value>
         <object_component_ref idref="oc-48e"/>
      </symbol>
      <symbol id="sm-536">
         <name>GrContextInit</name>
         <value>0x2ea1</value>
         <object_component_ref idref="oc-1d0"/>
      </symbol>
      <symbol id="sm-537">
         <name>g_psDefaultCodePointMapTable</name>
         <value>0x41ec</value>
         <object_component_ref idref="oc-286"/>
      </symbol>
      <symbol id="sm-545">
         <name>GrRectFill</name>
         <value>0x2bad</value>
         <object_component_ref idref="oc-1e6"/>
      </symbol>
      <symbol id="sm-5d4">
         <name>GrFontInfoGet</name>
         <value>0x3681</value>
         <object_component_ref idref="oc-32e"/>
      </symbol>
      <symbol id="sm-5d5">
         <name>GrDefaultStringRenderer</name>
         <value>0x2905</value>
         <object_component_ref idref="oc-280"/>
      </symbol>
      <symbol id="sm-5d6">
         <name>GrFontGlyphRender</name>
         <value>0x1729</value>
         <object_component_ref idref="oc-340"/>
      </symbol>
      <symbol id="sm-5d7">
         <name>GrContextFontSet</name>
         <value>0x20ab</value>
         <object_component_ref idref="oc-1d9"/>
      </symbol>
      <symbol id="sm-5d8">
         <name>GrFontGlyphDataGet</name>
         <value>0x36cd</value>
         <object_component_ref idref="oc-33a"/>
      </symbol>
      <symbol id="sm-5d9">
         <name>GrStringDraw</name>
         <value>0x381b</value>
         <object_component_ref idref="oc-1f2"/>
      </symbol>
      <symbol id="sm-5da">
         <name>GrFontCodepageGet</name>
         <value>0x370d</value>
         <object_component_ref idref="oc-355"/>
      </symbol>
      <symbol id="sm-5db">
         <name>GrStringNextCharGet</name>
         <value>0x35fb</value>
         <object_component_ref idref="oc-334"/>
      </symbol>
      <symbol id="sm-5ed">
         <name>g_sFontFixed6x8</name>
         <value>0x3ec4</value>
         <object_component_ref idref="oc-1d6"/>
      </symbol>
      <symbol id="sm-5fa">
         <name>GrMapISO8859_1_Unicode</name>
         <value>0x397b</value>
         <object_component_ref idref="oc-347"/>
      </symbol>
      <symbol id="sm-650">
         <name>ADCProcessorTrigger</name>
         <value>0x37d3</value>
         <object_component_ref idref="oc-71"/>
      </symbol>
      <symbol id="sm-651">
         <name>ADCSequenceEnable</name>
         <value>0x391b</value>
         <object_component_ref idref="oc-f5"/>
      </symbol>
      <symbol id="sm-652">
         <name>ADCSequenceConfigure</name>
         <value>0x3441</value>
         <object_component_ref idref="oc-e9"/>
      </symbol>
      <symbol id="sm-653">
         <name>ADCSequenceStepConfigure</name>
         <value>0x2d3f</value>
         <object_component_ref idref="oc-ef"/>
      </symbol>
      <symbol id="sm-654">
         <name>ADCIntClear</name>
         <value>0x395d</value>
         <object_component_ref idref="oc-86"/>
      </symbol>
      <symbol id="sm-655">
         <name>ADCIntStatus</name>
         <value>0x35cd</value>
         <object_component_ref idref="oc-77"/>
      </symbol>
      <symbol id="sm-656">
         <name>ADCSequenceDisable</name>
         <value>0x390d</value>
         <object_component_ref idref="oc-e3"/>
      </symbol>
      <symbol id="sm-657">
         <name>ADCClockConfigSet</name>
         <value>0x37bb</value>
         <object_component_ref idref="oc-dd"/>
      </symbol>
      <symbol id="sm-658">
         <name>ADCSequenceDataGet</name>
         <value>0x36ef</value>
         <object_component_ref idref="oc-80"/>
      </symbol>
      <symbol id="sm-66e">
         <name>FPULazyStackingEnable</name>
         <value>0x38dd</value>
         <object_component_ref idref="oc-1bb"/>
      </symbol>
      <symbol id="sm-66f">
         <name>FPUEnable</name>
         <value>0x38cd</value>
         <object_component_ref idref="oc-1b5"/>
      </symbol>
      <symbol id="sm-6c9">
         <name>GPIOPinConfigure</name>
         <value>0x3325</value>
         <object_component_ref idref="oc-31e"/>
      </symbol>
      <symbol id="sm-6ca">
         <name>GPIOPinTypeADC</name>
         <value>0x3871</value>
         <object_component_ref idref="oc-ce"/>
      </symbol>
      <symbol id="sm-6cb">
         <name>GPIOPinTypeGPIOInput</name>
         <value>0x3883</value>
         <object_component_ref idref="oc-c2"/>
      </symbol>
      <symbol id="sm-6cc">
         <name>GPIOPinTypeGPIOOutput</name>
         <value>0x37eb</value>
         <object_component_ref idref="oc-324"/>
      </symbol>
      <symbol id="sm-6cd">
         <name>GPIOPinRead</name>
         <value>0x10c3</value>
         <object_component_ref idref="oc-103"/>
      </symbol>
      <symbol id="sm-6ce">
         <name>GPIODirModeSet</name>
         <value>0x3657</value>
         <object_component_ref idref="oc-17d"/>
      </symbol>
      <symbol id="sm-6cf">
         <name>GPIOPinWrite</name>
         <value>0x1f0b</value>
         <object_component_ref idref="oc-306"/>
      </symbol>
      <symbol id="sm-6d0">
         <name>GPIOPadConfigSet</name>
         <value>0x24a3</value>
         <object_component_ref idref="oc-c8"/>
      </symbol>
      <symbol id="sm-6d1">
         <name>GPIOPinTypeSSI</name>
         <value>0x3895</value>
         <object_component_ref idref="oc-318"/>
      </symbol>
      <symbol id="sm-71b">
         <name>IntPrioritySet</name>
         <value>0x36a9</value>
         <object_component_ref idref="oc-b6"/>
      </symbol>
      <symbol id="sm-71c">
         <name>IntEnable</name>
         <value>0x2f09</value>
         <object_component_ref idref="oc-bc"/>
      </symbol>
      <symbol id="sm-71d">
         <name>IntMasterDisable</name>
         <value>0x38ed</value>
         <object_component_ref idref="oc-1af"/>
      </symbol>
      <symbol id="sm-71e">
         <name>IntMasterEnable</name>
         <value>0x38fd</value>
         <object_component_ref idref="oc-1df"/>
      </symbol>
      <symbol id="sm-745">
         <name>SSIDataPut</name>
         <value>0x3967</value>
         <object_component_ref idref="oc-2fa"/>
      </symbol>
      <symbol id="sm-746">
         <name>SSIConfigSetExpClk</name>
         <value>0x34bd</value>
         <object_component_ref idref="oc-30c"/>
      </symbol>
      <symbol id="sm-747">
         <name>SSIEnable</name>
         <value>0x3971</value>
         <object_component_ref idref="oc-312"/>
      </symbol>
      <symbol id="sm-748">
         <name>SSIBusy</name>
         <value>0x3983</value>
         <object_component_ref idref="oc-300"/>
      </symbol>
      <symbol id="sm-7b8">
         <name>SysCtlDelay</name>
         <value>0x379b</value>
         <object_component_ref idref="oc-276"/>
      </symbol>
      <symbol id="sm-7b9">
         <name>SysCtlPeripheralEnable</name>
         <value>0x3535</value>
         <object_component_ref idref="oc-8f"/>
      </symbol>
      <symbol id="sm-7ba">
         <name>SysCtlClockFreqSet</name>
         <value>0x1981</value>
         <object_component_ref idref="oc-1c1"/>
      </symbol>
      <symbol id="sm-7f8">
         <name>TimerLoadSet</name>
         <value>0x38a7</value>
         <object_component_ref idref="oc-a4"/>
      </symbol>
      <symbol id="sm-7f9">
         <name>TimerDisable</name>
         <value>0x3849</value>
         <object_component_ref idref="oc-95"/>
      </symbol>
      <symbol id="sm-7fa">
         <name>TimerEnable</name>
         <value>0x3929</value>
         <object_component_ref idref="oc-b0"/>
      </symbol>
      <symbol id="sm-7fb">
         <name>TimerIntEnable</name>
         <value>0x398b</value>
         <object_component_ref idref="oc-aa"/>
      </symbol>
      <symbol id="sm-7fc">
         <name>TimerConfigure</name>
         <value>0x303d</value>
         <object_component_ref idref="oc-9b"/>
      </symbol>
      <symbol id="sm-7fd">
         <name>TimerIntClear</name>
         <value>0x399d</value>
         <object_component_ref idref="oc-fd"/>
      </symbol>
      <symbol id="sm-80f">
         <name>CPUcpsie</name>
         <value>0x3951</value>
         <object_component_ref idref="oc-29c"/>
      </symbol>
      <symbol id="sm-810">
         <name>CPUcpsid</name>
         <value>0x3945</value>
         <object_component_ref idref="oc-24d"/>
      </symbol>
      <symbol id="sm-811">
         <name>__TI_static_base__</name>
         <value>0x0</value>
      </symbol>
      <symbol id="sm-814">
         <name>__mpu_init</name>
         <value>0x0</value>
      </symbol>
      <symbol id="sm-815">
         <name>_system_post_cinit</name>
         <value>0x0</value>
      </symbol>
   </symbol_table>
   <title>Link successful</title>
</link_info>
