<?xml version="1.0" encoding="ISO-8859-1" ?>
<link_info>
   <banner>TI ARM Linker PC v18.12.3.LTS</banner>
   <copyright>Copyright (c) 1996-2018 Texas Instruments Incorporated</copyright>
   <link_time>0x5dc2f218</link_time>
   <link_errors>0x0</link_errors>
   <output_file>ece3849_lab1_hqcao_vtle2.out</output_file>
   <entry_point>
      <name>_c_int00_noargs</name>
      <address>0x3d71</address>
   </entry_point>
   <input_file_list>
      <input_file id="fl-2">
         <path>.\</path>
         <kind>object</kind>
         <file>Crystalfontz128x128_ST7735.obj</file>
         <name>Crystalfontz128x128_ST7735.obj</name>
      </input_file>
      <input_file id="fl-3">
         <path>.\</path>
         <kind>object</kind>
         <file>HAL_EK_TM4C1294XL_Crystalfontz128x128_ST7735.obj</file>
         <name>HAL_EK_TM4C1294XL_Crystalfontz128x128_ST7735.obj</name>
      </input_file>
      <input_file id="fl-4">
         <path>.\</path>
         <kind>object</kind>
         <file>buttons.obj</file>
         <name>buttons.obj</name>
      </input_file>
      <input_file id="fl-5">
         <path>.\</path>
         <kind>object</kind>
         <file>main.obj</file>
         <name>main.obj</name>
      </input_file>
      <input_file id="fl-6">
         <path>.\</path>
         <kind>object</kind>
         <file>sampling.obj</file>
         <name>sampling.obj</name>
      </input_file>
      <input_file id="fl-7">
         <path>.\</path>
         <kind>object</kind>
         <file>sysctl_pll.obj</file>
         <name>sysctl_pll.obj</name>
      </input_file>
      <input_file id="fl-8">
         <path>.\</path>
         <kind>object</kind>
         <file>tm4c1294ncpdt_startup_ccs.obj</file>
         <name>tm4c1294ncpdt_startup_ccs.obj</name>
      </input_file>
      <input_file id="fl-e">
         <kind>object</kind>
         <file>&lt;internal&gt;</file>
         <name>&lt;internal&gt;</name>
      </input_file>
      <input_file id="fl-c4">
         <path>C:\ti\ccs920\ccs\tools\compiler\ti-cgt-arm_18.12.3.LTS\lib\</path>
         <kind>archive</kind>
         <file>rtsv7M4_T_le_v4SPD16_eabi.lib</file>
         <name>snprintf.c.obj</name>
      </input_file>
      <input_file id="fl-c5">
         <path>C:\ti\ccs920\ccs\tools\compiler\ti-cgt-arm_18.12.3.LTS\lib\</path>
         <kind>archive</kind>
         <file>rtsv7M4_T_le_v4SPD16_eabi.lib</file>
         <name>s_roundf.c.obj</name>
      </input_file>
      <input_file id="fl-c6">
         <path>C:\ti\ccs920\ccs\tools\compiler\ti-cgt-arm_18.12.3.LTS\lib\</path>
         <kind>archive</kind>
         <file>rtsv7M4_T_le_v4SPD16_eabi.lib</file>
         <name>fs_tod_t2.asm.obj</name>
      </input_file>
      <input_file id="fl-c7">
         <path>C:\ti\ccs920\ccs\tools\compiler\ti-cgt-arm_18.12.3.LTS\lib\</path>
         <kind>archive</kind>
         <file>rtsv7M4_T_le_v4SPD16_eabi.lib</file>
         <name>memcpy_t2.asm.obj</name>
      </input_file>
      <input_file id="fl-c8">
         <path>C:\ti\ccs920\ccs\tools\compiler\ti-cgt-arm_18.12.3.LTS\lib\</path>
         <kind>archive</kind>
         <file>rtsv7M4_T_le_v4SPD16_eabi.lib</file>
         <name>copy_zero_init.c.obj</name>
      </input_file>
      <input_file id="fl-c9">
         <path>C:\ti\ccs920\ccs\tools\compiler\ti-cgt-arm_18.12.3.LTS\lib\</path>
         <kind>archive</kind>
         <file>rtsv7M4_T_le_v4SPD16_eabi.lib</file>
         <name>copy_decompress_none.c.obj</name>
      </input_file>
      <input_file id="fl-ca">
         <path>C:\ti\ccs920\ccs\tools\compiler\ti-cgt-arm_18.12.3.LTS\lib\</path>
         <kind>archive</kind>
         <file>rtsv7M4_T_le_v4SPD16_eabi.lib</file>
         <name>copy_decompress_lzss.c.obj</name>
      </input_file>
      <input_file id="fl-cb">
         <path>C:\ti\ccs920\ccs\tools\compiler\ti-cgt-arm_18.12.3.LTS\lib\</path>
         <kind>archive</kind>
         <file>rtsv7M4_T_le_v4SPD16_eabi.lib</file>
         <name>boot_cortex_m.c.obj</name>
      </input_file>
      <input_file id="fl-cc">
         <path>C:\ti\ccs920\ccs\tools\compiler\ti-cgt-arm_18.12.3.LTS\lib\</path>
         <kind>archive</kind>
         <file>rtsv7M4_T_le_v4SPD16_eabi.lib</file>
         <name>_printfi.c.obj</name>
      </input_file>
      <input_file id="fl-cd">
         <path>C:\ti\ccs920\ccs\tools\compiler\ti-cgt-arm_18.12.3.LTS\lib\</path>
         <kind>archive</kind>
         <file>rtsv7M4_T_le_v4SPD16_eabi.lib</file>
         <name>wcslen.c.obj</name>
      </input_file>
      <input_file id="fl-ce">
         <path>C:\ti\ccs920\ccs\tools\compiler\ti-cgt-arm_18.12.3.LTS\lib\</path>
         <kind>archive</kind>
         <file>rtsv7M4_T_le_v4SPD16_eabi.lib</file>
         <name>s_floorf.c.obj</name>
      </input_file>
      <input_file id="fl-cf">
         <path>C:\ti\ccs920\ccs\tools\compiler\ti-cgt-arm_18.12.3.LTS\lib\</path>
         <kind>archive</kind>
         <file>rtsv7M4_T_le_v4SPD16_eabi.lib</file>
         <name>ull_div_t2.asm.obj</name>
      </input_file>
      <input_file id="fl-d0">
         <path>C:\ti\ccs920\ccs\tools\compiler\ti-cgt-arm_18.12.3.LTS\lib\</path>
         <kind>archive</kind>
         <file>rtsv7M4_T_le_v4SPD16_eabi.lib</file>
         <name>memset_t2.asm.obj</name>
      </input_file>
      <input_file id="fl-d1">
         <path>C:\ti\ccs920\ccs\tools\compiler\ti-cgt-arm_18.12.3.LTS\lib\</path>
         <kind>archive</kind>
         <file>rtsv7M4_T_le_v4SPD16_eabi.lib</file>
         <name>fd_add_t2.asm.obj</name>
      </input_file>
      <input_file id="fl-d2">
         <path>C:\ti\ccs920\ccs\tools\compiler\ti-cgt-arm_18.12.3.LTS\lib\</path>
         <kind>archive</kind>
         <file>rtsv7M4_T_le_v4SPD16_eabi.lib</file>
         <name>fd_cmp_t2.asm.obj</name>
      </input_file>
      <input_file id="fl-d3">
         <path>C:\ti\ccs920\ccs\tools\compiler\ti-cgt-arm_18.12.3.LTS\lib\</path>
         <kind>archive</kind>
         <file>rtsv7M4_T_le_v4SPD16_eabi.lib</file>
         <name>fd_div_t2.asm.obj</name>
      </input_file>
      <input_file id="fl-d4">
         <path>C:\ti\ccs920\ccs\tools\compiler\ti-cgt-arm_18.12.3.LTS\lib\</path>
         <kind>archive</kind>
         <file>rtsv7M4_T_le_v4SPD16_eabi.lib</file>
         <name>fd_mul_t2.asm.obj</name>
      </input_file>
      <input_file id="fl-d5">
         <path>C:\ti\ccs920\ccs\tools\compiler\ti-cgt-arm_18.12.3.LTS\lib\</path>
         <kind>archive</kind>
         <file>rtsv7M4_T_le_v4SPD16_eabi.lib</file>
         <name>fd_toi_t2.asm.obj</name>
      </input_file>
      <input_file id="fl-d6">
         <path>C:\ti\ccs920\ccs\tools\compiler\ti-cgt-arm_18.12.3.LTS\lib\</path>
         <kind>archive</kind>
         <file>rtsv7M4_T_le_v4SPD16_eabi.lib</file>
         <name>i_tofd_t2.asm.obj</name>
      </input_file>
      <input_file id="fl-d7">
         <path>C:\ti\ccs920\ccs\tools\compiler\ti-cgt-arm_18.12.3.LTS\lib\</path>
         <kind>archive</kind>
         <file>rtsv7M4_T_le_v4SPD16_eabi.lib</file>
         <name>autoinit.c.obj</name>
      </input_file>
      <input_file id="fl-d8">
         <path>C:\ti\ccs920\ccs\tools\compiler\ti-cgt-arm_18.12.3.LTS\lib\</path>
         <kind>archive</kind>
         <file>rtsv7M4_T_le_v4SPD16_eabi.lib</file>
         <name>pre_init.c.obj</name>
      </input_file>
      <input_file id="fl-d9">
         <path>C:\ti\ccs920\ccs\tools\compiler\ti-cgt-arm_18.12.3.LTS\lib\</path>
         <kind>archive</kind>
         <file>rtsv7M4_T_le_v4SPD16_eabi.lib</file>
         <name>cpy_tbl.c.obj</name>
      </input_file>
      <input_file id="fl-da">
         <path>C:\ti\ccs920\ccs\tools\compiler\ti-cgt-arm_18.12.3.LTS\lib\</path>
         <kind>archive</kind>
         <file>rtsv7M4_T_le_v4SPD16_eabi.lib</file>
         <name>exit.c.obj</name>
      </input_file>
      <input_file id="fl-db">
         <path>C:\ti\ccs920\ccs\tools\compiler\ti-cgt-arm_18.12.3.LTS\lib\</path>
         <kind>archive</kind>
         <file>rtsv7M4_T_le_v4SPD16_eabi.lib</file>
         <name>_lock.c.obj</name>
      </input_file>
      <input_file id="fl-dc">
         <path>C:\ti\ccs920\ccs\tools\compiler\ti-cgt-arm_18.12.3.LTS\lib\</path>
         <kind>archive</kind>
         <file>rtsv7M4_T_le_v4SPD16_eabi.lib</file>
         <name>args_main.c.obj</name>
      </input_file>
      <input_file id="fl-dd">
         <path>C:\ti\ccs920\ccs\tools\compiler\ti-cgt-arm_18.12.3.LTS\lib\</path>
         <kind>archive</kind>
         <file>rtsv7M4_T_le_v4SPD16_eabi.lib</file>
         <name>atoi.c.obj</name>
      </input_file>
      <input_file id="fl-de">
         <path>C:\ti\ccs920\ccs\tools\compiler\ti-cgt-arm_18.12.3.LTS\lib\</path>
         <kind>archive</kind>
         <file>rtsv7M4_T_le_v4SPD16_eabi.lib</file>
         <name>ctype.c.obj</name>
      </input_file>
      <input_file id="fl-df">
         <path>C:\ti\ccs920\ccs\tools\compiler\ti-cgt-arm_18.12.3.LTS\lib\</path>
         <kind>archive</kind>
         <file>rtsv7M4_T_le_v4SPD16_eabi.lib</file>
         <name>ltoa.c.obj</name>
      </input_file>
      <input_file id="fl-e0">
         <path>C:\ti\ccs920\ccs\tools\compiler\ti-cgt-arm_18.12.3.LTS\lib\</path>
         <kind>archive</kind>
         <file>rtsv7M4_T_le_v4SPD16_eabi.lib</file>
         <name>memccpy.c.obj</name>
      </input_file>
      <input_file id="fl-e1">
         <path>C:\ti\ccs920\ccs\tools\compiler\ti-cgt-arm_18.12.3.LTS\lib\</path>
         <kind>archive</kind>
         <file>rtsv7M4_T_le_v4SPD16_eabi.lib</file>
         <name>strchr.c.obj</name>
      </input_file>
      <input_file id="fl-e2">
         <path>C:\ti\ccs920\ccs\tools\compiler\ti-cgt-arm_18.12.3.LTS\lib\</path>
         <kind>archive</kind>
         <file>rtsv7M4_T_le_v4SPD16_eabi.lib</file>
         <name>strlen.c.obj</name>
      </input_file>
      <input_file id="fl-e3">
         <path>C:\ti\ccs920\ccs\tools\compiler\ti-cgt-arm_18.12.3.LTS\lib\</path>
         <kind>archive</kind>
         <file>rtsv7M4_T_le_v4SPD16_eabi.lib</file>
         <name>errno.c.obj</name>
      </input_file>
      <input_file id="fl-e4">
         <path>C:\ti\ccs920\ccs\tools\compiler\ti-cgt-arm_18.12.3.LTS\lib\</path>
         <kind>archive</kind>
         <file>rtsv7M4_T_le_v4SPD16_eabi.lib</file>
         <name>s_frexp.c.obj</name>
      </input_file>
      <input_file id="fl-e5">
         <path>C:\ti\ccs920\ccs\tools\compiler\ti-cgt-arm_18.12.3.LTS\lib\</path>
         <kind>archive</kind>
         <file>rtsv7M4_T_le_v4SPD16_eabi.lib</file>
         <name>s_scalbn.c.obj</name>
      </input_file>
      <input_file id="fl-e6">
         <path>C:\ti\ccs920\ccs\tools\compiler\ti-cgt-arm_18.12.3.LTS\lib\</path>
         <kind>archive</kind>
         <file>rtsv7M4_T_le_v4SPD16_eabi.lib</file>
         <name>div0.asm.obj</name>
      </input_file>
      <input_file id="fl-e7">
         <path>C:\ti\ccs920\ccs\tools\compiler\ti-cgt-arm_18.12.3.LTS\lib\</path>
         <kind>archive</kind>
         <file>rtsv7M4_T_le_v4SPD16_eabi.lib</file>
         <name>s_copysign.c.obj</name>
      </input_file>
      <input_file id="fl-e8">
         <path>C:\ti\tirtos_tivac_2_16_00_08\products\TivaWare_C_Series-2.1.1.71b\grlib\ccs\Debug\</path>
         <kind>archive</kind>
         <file>grlib.lib</file>
         <name>context.obj</name>
      </input_file>
      <input_file id="fl-e9">
         <path>C:\ti\tirtos_tivac_2_16_00_08\products\TivaWare_C_Series-2.1.1.71b\grlib\ccs\Debug\</path>
         <kind>archive</kind>
         <file>grlib.lib</file>
         <name>line.obj</name>
      </input_file>
      <input_file id="fl-ea">
         <path>C:\ti\tirtos_tivac_2_16_00_08\products\TivaWare_C_Series-2.1.1.71b\grlib\ccs\Debug\</path>
         <kind>archive</kind>
         <file>grlib.lib</file>
         <name>rectangle.obj</name>
      </input_file>
      <input_file id="fl-eb">
         <path>C:\ti\tirtos_tivac_2_16_00_08\products\TivaWare_C_Series-2.1.1.71b\grlib\ccs\Debug\</path>
         <kind>archive</kind>
         <file>grlib.lib</file>
         <name>string.obj</name>
      </input_file>
      <input_file id="fl-ec">
         <path>C:\ti\tirtos_tivac_2_16_00_08\products\TivaWare_C_Series-2.1.1.71b\grlib\ccs\Debug\</path>
         <kind>archive</kind>
         <file>grlib.lib</file>
         <name>fontfixed6x8.obj</name>
      </input_file>
      <input_file id="fl-ed">
         <path>C:\ti\tirtos_tivac_2_16_00_08\products\TivaWare_C_Series-2.1.1.71b\grlib\ccs\Debug\</path>
         <kind>archive</kind>
         <file>grlib.lib</file>
         <name>charmap.obj</name>
      </input_file>
      <input_file id="fl-ee">
         <path>C:\ti\tirtos_tivac_2_16_00_08\products\TivaWare_C_Series-2.1.1.71b\driverlib\ccs\Debug\</path>
         <kind>archive</kind>
         <file>driverlib.lib</file>
         <name>adc.obj</name>
      </input_file>
      <input_file id="fl-ef">
         <path>C:\ti\tirtos_tivac_2_16_00_08\products\TivaWare_C_Series-2.1.1.71b\driverlib\ccs\Debug\</path>
         <kind>archive</kind>
         <file>driverlib.lib</file>
         <name>fpu.obj</name>
      </input_file>
      <input_file id="fl-f0">
         <path>C:\ti\tirtos_tivac_2_16_00_08\products\TivaWare_C_Series-2.1.1.71b\driverlib\ccs\Debug\</path>
         <kind>archive</kind>
         <file>driverlib.lib</file>
         <name>gpio.obj</name>
      </input_file>
      <input_file id="fl-f1">
         <path>C:\ti\tirtos_tivac_2_16_00_08\products\TivaWare_C_Series-2.1.1.71b\driverlib\ccs\Debug\</path>
         <kind>archive</kind>
         <file>driverlib.lib</file>
         <name>interrupt.obj</name>
      </input_file>
      <input_file id="fl-f2">
         <path>C:\ti\tirtos_tivac_2_16_00_08\products\TivaWare_C_Series-2.1.1.71b\driverlib\ccs\Debug\</path>
         <kind>archive</kind>
         <file>driverlib.lib</file>
         <name>ssi.obj</name>
      </input_file>
      <input_file id="fl-f3">
         <path>C:\ti\tirtos_tivac_2_16_00_08\products\TivaWare_C_Series-2.1.1.71b\driverlib\ccs\Debug\</path>
         <kind>archive</kind>
         <file>driverlib.lib</file>
         <name>sysctl.obj</name>
      </input_file>
      <input_file id="fl-f4">
         <path>C:\ti\tirtos_tivac_2_16_00_08\products\TivaWare_C_Series-2.1.1.71b\driverlib\ccs\Debug\</path>
         <kind>archive</kind>
         <file>driverlib.lib</file>
         <name>timer.obj</name>
      </input_file>
      <input_file id="fl-f5">
         <path>C:\ti\tirtos_tivac_2_16_00_08\products\TivaWare_C_Series-2.1.1.71b\driverlib\ccs\Debug\</path>
         <kind>archive</kind>
         <file>driverlib.lib</file>
         <name>cpu.obj</name>
      </input_file>
   </input_file_list>
   <object_component_list>
      <object_component id="oc-f">
         <name>.intvecs</name>
         <load_address>0x0</load_address>
         <run_address>0x0</run_address>
         <size>0x208</size>
         <input_file_ref idref="fl-8"/>
      </object_component>
      <object_component id="oc-310">
         <name>.text:__TI_printfi</name>
         <load_address>0x208</load_address>
         <run_address>0x208</run_address>
         <size>0xa4e</size>
         <input_file_ref idref="fl-cc"/>
      </object_component>
      <object_component id="oc-50f">
         <name>.text</name>
         <load_address>0xc56</load_address>
         <run_address>0xc56</run_address>
         <size>0x2</size>
         <input_file_ref idref="fl-e6"/>
      </object_component>
      <object_component id="oc-10f">
         <name>.text</name>
         <load_address>0xc58</load_address>
         <run_address>0xc58</run_address>
         <size>0x4a3</size>
         <input_file_ref idref="fl-5"/>
      </object_component>
      <object_component id="oc-103">
         <name>.text:TimerIntClear</name>
         <load_address>0x10fc</load_address>
         <run_address>0x10fc</run_address>
         <size>0x4</size>
         <input_file_ref idref="fl-f4"/>
      </object_component>
      <object_component id="oc-2a">
         <name>.text</name>
         <load_address>0x1100</load_address>
         <run_address>0x1100</run_address>
         <size>0x452</size>
         <input_file_ref idref="fl-4"/>
      </object_component>
      <object_component id="oc-109">
         <name>.text:GPIOPinRead</name>
         <load_address>0x1552</load_address>
         <run_address>0x1552</run_address>
         <size>0x6</size>
         <input_file_ref idref="fl-f0"/>
      </object_component>
      <object_component id="oc-1ce">
         <name>.text</name>
         <load_address>0x1558</load_address>
         <run_address>0x1558</run_address>
         <size>0x3f0</size>
         <input_file_ref idref="fl-2"/>
      </object_component>
      <object_component id="oc-403">
         <name>.text:_pconv_a</name>
         <load_address>0x1948</load_address>
         <run_address>0x1948</run_address>
         <size>0x270</size>
         <input_file_ref idref="fl-cc"/>
      </object_component>
      <object_component id="oc-3a7">
         <name>.text:GrFontGlyphRender</name>
         <load_address>0x1bb8</load_address>
         <run_address>0x1bb8</run_address>
         <size>0x256</size>
         <input_file_ref idref="fl-eb"/>
      </object_component>
      <object_component id="oc-1c8">
         <name>.text:SysCtlClockFreqSet</name>
         <load_address>0x1e10</load_address>
         <run_address>0x1e10</run_address>
         <size>0x204</size>
         <input_file_ref idref="fl-f3"/>
      </object_component>
      <object_component id="oc-3f1">
         <name>.text:_pconv_g</name>
         <load_address>0x2014</load_address>
         <run_address>0x2014</run_address>
         <size>0x1d0</size>
         <input_file_ref idref="fl-cc"/>
      </object_component>
      <object_component id="oc-4a4">
         <name>.text</name>
         <load_address>0x21e4</load_address>
         <run_address>0x21e4</run_address>
         <size>0x1b6</size>
         <input_file_ref idref="fl-d1"/>
      </object_component>
      <object_component id="oc-36d">
         <name>.text:GPIOPinWrite</name>
         <load_address>0x239a</load_address>
         <run_address>0x239a</run_address>
         <size>0x6</size>
         <input_file_ref idref="fl-f0"/>
      </object_component>
      <object_component id="oc-2b8">
         <name>.text</name>
         <load_address>0x23a0</load_address>
         <run_address>0x23a0</run_address>
         <size>0x17e</size>
         <input_file_ref idref="fl-3"/>
      </object_component>
      <object_component id="oc-30">
         <name>.text</name>
         <load_address>0x2520</load_address>
         <run_address>0x2520</run_address>
         <size>0x164</size>
         <input_file_ref idref="fl-6"/>
      </object_component>
      <object_component id="oc-3fd">
         <name>.text:_pconv_e</name>
         <load_address>0x2684</load_address>
         <run_address>0x2684</run_address>
         <size>0x13c</size>
         <input_file_ref idref="fl-cc"/>
      </object_component>
      <object_component id="oc-48a">
         <name>.text</name>
         <load_address>0x27c0</load_address>
         <run_address>0x27c0</run_address>
         <size>0x136</size>
         <input_file_ref idref="fl-d3"/>
      </object_component>
      <object_component id="oc-ce">
         <name>.text:GPIOPadConfigSet</name>
         <load_address>0x28f6</load_address>
         <run_address>0x28f6</run_address>
         <size>0x130</size>
         <input_file_ref idref="fl-f0"/>
      </object_component>
      <object_component id="oc-4b6">
         <name>.text:fcvt</name>
         <load_address>0x2a28</load_address>
         <run_address>0x2a28</run_address>
         <size>0x124</size>
         <input_file_ref idref="fl-cc"/>
      </object_component>
      <object_component id="oc-4ca">
         <name>.text:scalbn</name>
         <load_address>0x2b4c</load_address>
         <run_address>0x2b4c</run_address>
         <size>0x110</size>
         <input_file_ref idref="fl-e5"/>
      </object_component>
      <object_component id="oc-20b">
         <name>.text:GrLineDraw</name>
         <load_address>0x2c5c</load_address>
         <run_address>0x2c5c</run_address>
         <size>0x106</size>
         <input_file_ref idref="fl-e9"/>
      </object_component>
      <object_component id="oc-485">
         <name>.text</name>
         <load_address>0x2d62</load_address>
         <run_address>0x2d62</run_address>
         <size>0xfc</size>
         <input_file_ref idref="fl-d4"/>
      </object_component>
      <object_component id="oc-2cb">
         <name>.text:GrDefaultStringRenderer</name>
         <load_address>0x2e5e</load_address>
         <run_address>0x2e5e</run_address>
         <size>0xc4</size>
         <input_file_ref idref="fl-eb"/>
      </object_component>
      <object_component id="oc-304">
         <name>.text:GrLineClip</name>
         <load_address>0x2f22</load_address>
         <run_address>0x2f22</run_address>
         <size>0xc0</size>
         <input_file_ref idref="fl-e9"/>
      </object_component>
      <object_component id="oc-3e6">
         <name>.text:_ltostr</name>
         <load_address>0x2fe4</load_address>
         <run_address>0x2fe4</run_address>
         <size>0xb1</size>
         <input_file_ref idref="fl-cc"/>
      </object_component>
      <object_component id="oc-44">
         <name>.text</name>
         <load_address>0x3096</load_address>
         <run_address>0x3096</run_address>
         <size>0x9c</size>
         <input_file_ref idref="fl-c7"/>
      </object_component>
      <object_component id="oc-47e">
         <name>.text</name>
         <load_address>0x3132</load_address>
         <run_address>0x3132</run_address>
         <size>0x96</size>
         <input_file_ref idref="fl-cf"/>
      </object_component>
      <object_component id="oc-1f0">
         <name>.text:GrRectFill</name>
         <load_address>0x31c8</load_address>
         <run_address>0x31c8</run_address>
         <size>0x86</size>
         <input_file_ref idref="fl-ea"/>
      </object_component>
      <object_component id="oc-3ec">
         <name>.text:__aeabi_cdcmple</name>
         <load_address>0x324e</load_address>
         <run_address>0x324e</run_address>
         <size>0x86</size>
         <input_file_ref idref="fl-d2"/>
      </object_component>
      <object_component id="oc-48f">
         <name>.text:__aeabi_cdrcmple</name>
         <load_address>0x32d4</load_address>
         <run_address>0x32d4</run_address>
         <size>0x86</size>
         <input_file_ref idref="fl-d2"/>
      </object_component>
      <object_component id="oc-2fc">
         <name>.text:floorf</name>
         <load_address>0x335c</load_address>
         <run_address>0x335c</run_address>
         <size>0x80</size>
         <input_file_ref idref="fl-ce"/>
      </object_component>
      <object_component id="oc-f5">
         <name>.text:ADCSequenceStepConfigure</name>
         <load_address>0x33dc</load_address>
         <run_address>0x33dc</run_address>
         <size>0x7a</size>
         <input_file_ref idref="fl-ee"/>
      </object_component>
      <object_component id="oc-14a">
         <name>.text</name>
         <load_address>0x3456</load_address>
         <run_address>0x3456</run_address>
         <size>0x7a</size>
         <input_file_ref idref="fl-d0"/>
      </object_component>
      <object_component id="oc-4af">
         <name>.text:_mcpy</name>
         <load_address>0x34d0</load_address>
         <run_address>0x34d0</run_address>
         <size>0x6e</size>
         <input_file_ref idref="fl-cc"/>
      </object_component>
      <object_component id="oc-205">
         <name>.text:roundf</name>
         <load_address>0x353e</load_address>
         <run_address>0x353e</run_address>
         <size>0x6e</size>
         <input_file_ref idref="fl-c5"/>
      </object_component>
      <object_component id="oc-1d7">
         <name>.text:GrContextInit</name>
         <load_address>0x35ac</load_address>
         <run_address>0x35ac</run_address>
         <size>0x68</size>
         <input_file_ref idref="fl-e8"/>
      </object_component>
      <object_component id="oc-c2">
         <name>.text:IntEnable</name>
         <load_address>0x3614</load_address>
         <run_address>0x3614</run_address>
         <size>0x68</size>
         <input_file_ref idref="fl-f1"/>
      </object_component>
      <object_component id="oc-12">
         <name>.text:decompress:lzss:__TI_decompress_lzss</name>
         <load_address>0x367c</load_address>
         <run_address>0x367c</run_address>
         <size>0x68</size>
         <input_file_ref idref="fl-ca"/>
      </object_component>
      <object_component id="oc-4c4">
         <name>.text:frexp</name>
         <load_address>0x36e4</load_address>
         <run_address>0x36e4</run_address>
         <size>0x64</size>
         <input_file_ref idref="fl-e4"/>
      </object_component>
      <object_component id="oc-a1">
         <name>.text:TimerConfigure</name>
         <load_address>0x3748</load_address>
         <run_address>0x3748</run_address>
         <size>0x60</size>
         <input_file_ref idref="fl-f4"/>
      </object_component>
      <object_component id="oc-45e">
         <name>.text:FontWideGlyphDataGet</name>
         <load_address>0x37a8</load_address>
         <run_address>0x37a8</run_address>
         <size>0x5a</size>
         <input_file_ref idref="fl-eb"/>
      </object_component>
      <object_component id="oc-3f7">
         <name>.text:_pconv_f</name>
         <load_address>0x3802</load_address>
         <run_address>0x3802</run_address>
         <size>0x56</size>
         <input_file_ref idref="fl-cc"/>
      </object_component>
      <object_component id="oc-499">
         <name>.text:ltoa</name>
         <load_address>0x3858</load_address>
         <run_address>0x3858</run_address>
         <size>0x54</size>
         <input_file_ref idref="fl-df"/>
      </object_component>
      <object_component id="oc-4a9">
         <name>.text:_ecpy</name>
         <load_address>0x38ac</load_address>
         <run_address>0x38ac</run_address>
         <size>0x52</size>
         <input_file_ref idref="fl-cc"/>
      </object_component>
      <object_component id="oc-3e0">
         <name>.text:atoi</name>
         <load_address>0x3900</load_address>
         <run_address>0x3900</run_address>
         <size>0x4c</size>
         <input_file_ref idref="fl-dd"/>
      </object_component>
      <object_component id="oc-220">
         <name>.text:snprintf</name>
         <load_address>0x394c</load_address>
         <run_address>0x394c</run_address>
         <size>0x4c</size>
         <input_file_ref idref="fl-c4"/>
      </object_component>
      <object_component id="oc-2de">
         <name>.text:UpdateContextCharMapping</name>
         <load_address>0x3998</load_address>
         <run_address>0x3998</run_address>
         <size>0x4a</size>
         <input_file_ref idref="fl-eb"/>
      </object_component>
      <object_component id="oc-1e0">
         <name>.text:GrContextFontSet</name>
         <load_address>0x39e2</load_address>
         <run_address>0x39e2</run_address>
         <size>0x6</size>
         <input_file_ref idref="fl-eb"/>
      </object_component>
      <object_component id="oc-da">
         <name>.text</name>
         <load_address>0x39e8</load_address>
         <run_address>0x39e8</run_address>
         <size>0x4a</size>
         <input_file_ref idref="fl-7"/>
      </object_component>
      <object_component id="oc-385">
         <name>.text:GPIOPinConfigure</name>
         <load_address>0x3a34</load_address>
         <run_address>0x3a34</run_address>
         <size>0x48</size>
         <input_file_ref idref="fl-f0"/>
      </object_component>
      <object_component id="oc-2a7">
         <name>.text:_SysCtlFrequencyGet</name>
         <load_address>0x3a7c</load_address>
         <run_address>0x3a7c</run_address>
         <size>0x48</size>
         <input_file_ref idref="fl-f3"/>
      </object_component>
      <object_component id="oc-494">
         <name>.text</name>
         <load_address>0x3ac4</load_address>
         <run_address>0x3ac4</run_address>
         <size>0x48</size>
         <input_file_ref idref="fl-d5"/>
      </object_component>
      <object_component id="oc-1fc">
         <name>.text:GrLineDrawH</name>
         <load_address>0x3b0c</load_address>
         <run_address>0x3b0c</run_address>
         <size>0x46</size>
         <input_file_ref idref="fl-e9"/>
      </object_component>
      <object_component id="oc-1f6">
         <name>.text:GrLineDrawV</name>
         <load_address>0x3b52</load_address>
         <run_address>0x3b52</run_address>
         <size>0x46</size>
         <input_file_ref idref="fl-e9"/>
      </object_component>
      <object_component id="oc-24f">
         <name>.text:__TI_auto_init_nobinit_nopinit:__TI_auto_init_nobinit_nopinit</name>
         <load_address>0x3b98</load_address>
         <run_address>0x3b98</run_address>
         <size>0x44</size>
         <input_file_ref idref="fl-d7"/>
      </object_component>
      <object_component id="oc-ef">
         <name>.text:ADCSequenceConfigure</name>
         <load_address>0x3bdc</load_address>
         <run_address>0x3bdc</run_address>
         <size>0x3e</size>
         <input_file_ref idref="fl-ee"/>
      </object_component>
      <object_component id="oc-4bc">
         <name>.text:_fcpy</name>
         <load_address>0x3c1a</load_address>
         <run_address>0x3c1a</run_address>
         <size>0x3e</size>
         <input_file_ref idref="fl-cc"/>
      </object_component>
      <object_component id="oc-373">
         <name>.text:SSIConfigSetExpClk</name>
         <load_address>0x3c58</load_address>
         <run_address>0x3c58</run_address>
         <size>0x3c</size>
         <input_file_ref idref="fl-f2"/>
      </object_component>
      <object_component id="oc-464">
         <name>.text:FontGlyphDataGet</name>
         <load_address>0x3c94</load_address>
         <run_address>0x3c94</run_address>
         <size>0x3a</size>
         <input_file_ref idref="fl-eb"/>
      </object_component>
      <object_component id="oc-21b">
         <name>.text</name>
         <load_address>0x3cce</load_address>
         <run_address>0x3cce</run_address>
         <size>0x38</size>
         <input_file_ref idref="fl-c6"/>
      </object_component>
      <object_component id="oc-3d3">
         <name>.text:GrClipCodeGet</name>
         <load_address>0x3d06</load_address>
         <run_address>0x3d06</run_address>
         <size>0x36</size>
         <input_file_ref idref="fl-e9"/>
      </object_component>
      <object_component id="oc-95">
         <name>.text:SysCtlPeripheralEnable</name>
         <load_address>0x3d3c</load_address>
         <run_address>0x3d3c</run_address>
         <size>0x34</size>
         <input_file_ref idref="fl-f3"/>
      </object_component>
      <object_component id="oc-62">
         <name>.text:_c_int00_noargs:_c_int00_noargs</name>
         <load_address>0x3d70</load_address>
         <run_address>0x3d70</run_address>
         <size>0x34</size>
         <input_file_ref idref="fl-cb"/>
      </object_component>
      <object_component id="oc-316">
         <name>.text:_outs</name>
         <load_address>0x3da4</load_address>
         <run_address>0x3da4</run_address>
         <size>0x30</size>
         <input_file_ref idref="fl-c4"/>
      </object_component>
      <object_component id="oc-7d">
         <name>.text:ADCIntStatus</name>
         <load_address>0x3dd4</load_address>
         <run_address>0x3dd4</run_address>
         <size>0x2e</size>
         <input_file_ref idref="fl-ee"/>
      </object_component>
      <object_component id="oc-39b">
         <name>.text:GrStringNextCharGet</name>
         <load_address>0x3e02</load_address>
         <run_address>0x3e02</run_address>
         <size>0x2e</size>
         <input_file_ref idref="fl-eb"/>
      </object_component>
      <object_component id="oc-49f">
         <name>.text</name>
         <load_address>0x3e30</load_address>
         <run_address>0x3e30</run_address>
         <size>0x2e</size>
         <input_file_ref idref="fl-d6"/>
      </object_component>
      <object_component id="oc-193">
         <name>.text:GPIODirModeSet</name>
         <load_address>0x3e5e</load_address>
         <run_address>0x3e5e</run_address>
         <size>0x2a</size>
         <input_file_ref idref="fl-f0"/>
      </object_component>
      <object_component id="oc-395">
         <name>.text:GrFontInfoGet</name>
         <load_address>0x3e88</load_address>
         <run_address>0x3e88</run_address>
         <size>0x26</size>
         <input_file_ref idref="fl-eb"/>
      </object_component>
      <object_component id="oc-bc">
         <name>.text:IntPrioritySet</name>
         <load_address>0x3eb0</load_address>
         <run_address>0x3eb0</run_address>
         <size>0x24</size>
         <input_file_ref idref="fl-f1"/>
      </object_component>
      <object_component id="oc-3a1">
         <name>.text:GrFontGlyphDataGet</name>
         <load_address>0x3ed4</load_address>
         <run_address>0x3ed4</run_address>
         <size>0x22</size>
         <input_file_ref idref="fl-eb"/>
      </object_component>
      <object_component id="oc-86">
         <name>.text:ADCSequenceDataGet</name>
         <load_address>0x3ef6</load_address>
         <run_address>0x3ef6</run_address>
         <size>0x1e</size>
         <input_file_ref idref="fl-ee"/>
      </object_component>
      <object_component id="oc-3bc">
         <name>.text:GrFontCodepageGet</name>
         <load_address>0x3f14</load_address>
         <run_address>0x3f14</run_address>
         <size>0x1e</size>
         <input_file_ref idref="fl-eb"/>
      </object_component>
      <object_component id="oc-2a1">
         <name>.text:_SysCtlMemTimingGet</name>
         <load_address>0x3f34</load_address>
         <run_address>0x3f34</run_address>
         <size>0x1c</size>
         <input_file_ref idref="fl-f3"/>
      </object_component>
      <object_component id="oc-409">
         <name>.text:memccpy</name>
         <load_address>0x3f50</load_address>
         <run_address>0x3f50</run_address>
         <size>0x1c</size>
         <input_file_ref idref="fl-e0"/>
      </object_component>
      <object_component id="oc-528">
         <name>.text:copysign</name>
         <load_address>0x3f6c</load_address>
         <run_address>0x3f6c</run_address>
         <size>0x1a</size>
         <input_file_ref idref="fl-e7"/>
      </object_component>
      <object_component id="oc-24">
         <name>.text</name>
         <load_address>0x3f88</load_address>
         <run_address>0x3f88</run_address>
         <size>0x1a</size>
         <input_file_ref idref="fl-8"/>
      </object_component>
      <object_component id="oc-e3">
         <name>.text:ADCClockConfigSet</name>
         <load_address>0x3fa2</load_address>
         <run_address>0x3fa2</run_address>
         <size>0x18</size>
         <input_file_ref idref="fl-ee"/>
      </object_component>
      <object_component id="oc-77">
         <name>.text:ADCProcessorTrigger</name>
         <load_address>0x3fba</load_address>
         <run_address>0x3fba</run_address>
         <size>0x18</size>
         <input_file_ref idref="fl-ee"/>
      </object_component>
      <object_component id="oc-38b">
         <name>.text:GPIOPinTypeGPIOOutput</name>
         <load_address>0x3fd2</load_address>
         <run_address>0x3fd2</run_address>
         <size>0x18</size>
         <input_file_ref idref="fl-f0"/>
      </object_component>
      <object_component id="oc-31c">
         <name>.text:_outc</name>
         <load_address>0x3fea</load_address>
         <run_address>0x3fea</run_address>
         <size>0x18</size>
         <input_file_ref idref="fl-c4"/>
      </object_component>
      <object_component id="oc-211">
         <name>.text:GrStringDraw</name>
         <load_address>0x4002</load_address>
         <run_address>0x4002</run_address>
         <size>0x16</size>
         <input_file_ref idref="fl-eb"/>
      </object_component>
      <object_component id="oc-4d0">
         <name>.text:strchr</name>
         <load_address>0x4018</load_address>
         <run_address>0x4018</run_address>
         <size>0x16</size>
         <input_file_ref idref="fl-e1"/>
      </object_component>
      <object_component id="oc-9b">
         <name>.text:TimerDisable</name>
         <load_address>0x4030</load_address>
         <run_address>0x4030</run_address>
         <size>0x14</size>
         <input_file_ref idref="fl-f4"/>
      </object_component>
      <object_component id="oc-3da">
         <name>.text:strlen</name>
         <load_address>0x4044</load_address>
         <run_address>0x4044</run_address>
         <size>0x14</size>
         <input_file_ref idref="fl-e2"/>
      </object_component>
      <object_component id="oc-d4">
         <name>.text:GPIOPinTypeADC</name>
         <load_address>0x4058</load_address>
         <run_address>0x4058</run_address>
         <size>0x12</size>
         <input_file_ref idref="fl-f0"/>
      </object_component>
      <object_component id="oc-c8">
         <name>.text:GPIOPinTypeGPIOInput</name>
         <load_address>0x406a</load_address>
         <run_address>0x406a</run_address>
         <size>0x12</size>
         <input_file_ref idref="fl-f0"/>
      </object_component>
      <object_component id="oc-37f">
         <name>.text:GPIOPinTypeSSI</name>
         <load_address>0x407c</load_address>
         <run_address>0x407c</run_address>
         <size>0x12</size>
         <input_file_ref idref="fl-f0"/>
      </object_component>
      <object_component id="oc-aa">
         <name>.text:TimerLoadSet</name>
         <load_address>0x408e</load_address>
         <run_address>0x408e</run_address>
         <size>0x12</size>
         <input_file_ref idref="fl-f4"/>
      </object_component>
      <object_component id="oc-40f">
         <name>.text:wcslen</name>
         <load_address>0x40a0</load_address>
         <run_address>0x40a0</run_address>
         <size>0x12</size>
         <input_file_ref idref="fl-cd"/>
      </object_component>
      <object_component id="oc-127">
         <name>.text:ADCIntEnable</name>
         <load_address>0x40b2</load_address>
         <run_address>0x40b2</run_address>
         <size>0x10</size>
         <input_file_ref idref="fl-ee"/>
      </object_component>
      <object_component id="oc-1bc">
         <name>.text:FPUEnable</name>
         <load_address>0x40c4</load_address>
         <run_address>0x40c4</run_address>
         <size>0x10</size>
         <input_file_ref idref="fl-ef"/>
      </object_component>
      <object_component id="oc-1c2">
         <name>.text:FPULazyStackingEnable</name>
         <load_address>0x40d4</load_address>
         <run_address>0x40d4</run_address>
         <size>0x10</size>
         <input_file_ref idref="fl-ef"/>
      </object_component>
      <object_component id="oc-1b6">
         <name>.text:IntMasterDisable</name>
         <load_address>0x40e4</load_address>
         <run_address>0x40e4</run_address>
         <size>0x10</size>
         <input_file_ref idref="fl-f1"/>
      </object_component>
      <object_component id="oc-1e7">
         <name>.text:IntMasterEnable</name>
         <load_address>0x40f4</load_address>
         <run_address>0x40f4</run_address>
         <size>0x10</size>
         <input_file_ref idref="fl-f1"/>
      </object_component>
      <object_component id="oc-e9">
         <name>.text:ADCSequenceDisable</name>
         <load_address>0x4104</load_address>
         <run_address>0x4104</run_address>
         <size>0xe</size>
         <input_file_ref idref="fl-ee"/>
      </object_component>
      <object_component id="oc-fb">
         <name>.text:ADCSequenceEnable</name>
         <load_address>0x4112</load_address>
         <run_address>0x4112</run_address>
         <size>0xe</size>
         <input_file_ref idref="fl-ee"/>
      </object_component>
      <object_component id="oc-b6">
         <name>.text:TimerEnable</name>
         <load_address>0x4120</load_address>
         <run_address>0x4120</run_address>
         <size>0xe</size>
         <input_file_ref idref="fl-f4"/>
      </object_component>
      <object_component id="oc-18">
         <name>.text:decompress:none:__TI_decompress_none</name>
         <load_address>0x412e</load_address>
         <run_address>0x412e</run_address>
         <size>0xe</size>
         <input_file_ref idref="fl-c9"/>
      </object_component>
      <object_component id="oc-298">
         <name>.text:CPUcpsid</name>
         <load_address>0x413c</load_address>
         <run_address>0x413c</run_address>
         <size>0xc</size>
         <input_file_ref idref="fl-f5"/>
      </object_component>
      <object_component id="oc-2e7">
         <name>.text:CPUcpsie</name>
         <load_address>0x4148</load_address>
         <run_address>0x4148</run_address>
         <size>0xc</size>
         <input_file_ref idref="fl-f5"/>
      </object_component>
      <object_component id="oc-56">
         <name>.text:decompress:ZI:__TI_zero_init</name>
         <load_address>0x4154</load_address>
         <run_address>0x4154</run_address>
         <size>0xc</size>
         <input_file_ref idref="fl-c8"/>
      </object_component>
      <object_component id="oc-8c">
         <name>.text:ADCIntClear</name>
         <load_address>0x4160</load_address>
         <run_address>0x4160</run_address>
         <size>0xa</size>
         <input_file_ref idref="fl-ee"/>
      </object_component>
      <object_component id="oc-361">
         <name>.text:SSIDataPut</name>
         <load_address>0x416a</load_address>
         <run_address>0x416a</run_address>
         <size>0xa</size>
         <input_file_ref idref="fl-f2"/>
      </object_component>
      <object_component id="oc-379">
         <name>.text:SSIEnable</name>
         <load_address>0x4174</load_address>
         <run_address>0x4174</run_address>
         <size>0xa</size>
         <input_file_ref idref="fl-f2"/>
      </object_component>
      <object_component id="oc-1ac">
         <name>.text:TimerIntStatus</name>
         <load_address>0x417e</load_address>
         <run_address>0x417e</run_address>
         <size>0xa</size>
         <input_file_ref idref="fl-f4"/>
      </object_component>
      <object_component id="oc-3ae">
         <name>.text:GrMapISO8859_1_Unicode</name>
         <load_address>0x4188</load_address>
         <run_address>0x4188</run_address>
         <size>0x8</size>
         <input_file_ref idref="fl-ed"/>
      </object_component>
      <object_component id="oc-367">
         <name>.text:SSIBusy</name>
         <load_address>0x4190</load_address>
         <run_address>0x4190</run_address>
         <size>0x8</size>
         <input_file_ref idref="fl-f2"/>
      </object_component>
      <object_component id="oc-b0">
         <name>.text:TimerIntEnable</name>
         <load_address>0x4198</load_address>
         <run_address>0x4198</run_address>
         <size>0x8</size>
         <input_file_ref idref="fl-f4"/>
      </object_component>
      <object_component id="oc-415">
         <name>.text:__aeabi_errno_addr</name>
         <load_address>0x41a0</load_address>
         <run_address>0x41a0</run_address>
         <size>0x8</size>
         <input_file_ref idref="fl-e3"/>
      </object_component>
      <object_component id="oc-2c1">
         <name>.text:SysCtlDelay</name>
         <load_address>0x41a8</load_address>
         <run_address>0x41a8</run_address>
         <size>0x6</size>
         <input_file_ref idref="fl-f3"/>
      </object_component>
      <object_component id="oc-150">
         <name>.text:_system_pre_init</name>
         <load_address>0x41ae</load_address>
         <run_address>0x41ae</run_address>
         <size>0x4</size>
         <input_file_ref idref="fl-d8"/>
      </object_component>
      <object_component id="oc-243">
         <name>.text:abort:abort</name>
         <load_address>0x41b2</load_address>
         <run_address>0x41b2</run_address>
         <size>0x4</size>
         <input_file_ref idref="fl-da"/>
      </object_component>
      <object_component id="oc-2d8">
         <name>.const:.string:g_pui8FontFixed6x8Data</name>
         <load_address>0x41b8</load_address>
         <run_address>0x41b8</run_address>
         <size>0x2f8</size>
         <input_file_ref idref="fl-ec"/>
      </object_component>
      <object_component id="oc-2b0">
         <name>.const:g_pppui32XTALtoVCO</name>
         <load_address>0x44b0</load_address>
         <run_address>0x44b0</run_address>
         <size>0x120</size>
         <input_file_ref idref="fl-f3"/>
      </object_component>
      <object_component id="oc-479">
         <name>.const:.string:_ctypes_</name>
         <load_address>0x45d0</load_address>
         <run_address>0x45d0</run_address>
         <size>0x101</size>
         <input_file_ref idref="fl-de"/>
      </object_component>
      <object_component id="oc-1dd">
         <name>.const:g_sFontFixed6x8</name>
         <load_address>0x46d4</load_address>
         <run_address>0x46d4</run_address>
         <size>0xc8</size>
         <input_file_ref idref="fl-ec"/>
      </object_component>
      <object_component id="oc-18a">
         <name>.const:g_pui32Regs</name>
         <load_address>0x479c</load_address>
         <run_address>0x479c</run_address>
         <size>0x9c</size>
         <input_file_ref idref="fl-f1"/>
      </object_component>
      <object_component id="oc-455">
         <name>.const:g_pui32GPIOBaseAddrs</name>
         <load_address>0x4838</load_address>
         <run_address>0x4838</run_address>
         <size>0x90</size>
         <input_file_ref idref="fl-f0"/>
      </object_component>
      <object_component id="oc-18f">
         <name>.const</name>
         <load_address>0x48c8</load_address>
         <run_address>0x48c8</run_address>
         <size>0x70</size>
         <input_file_ref idref="fl-f1"/>
      </object_component>
      <object_component id="oc-2ad">
         <name>.const:g_pui32Xtals</name>
         <load_address>0x4938</load_address>
         <run_address>0x4938</run_address>
         <size>0x6c</size>
         <input_file_ref idref="fl-f3"/>
      </object_component>
      <object_component id="oc-356">
         <name>.const:g_sXTALtoMEMTIM</name>
         <load_address>0x49a4</load_address>
         <run_address>0x49a4</run_address>
         <size>0x30</size>
         <input_file_ref idref="fl-f3"/>
      </object_component>
      <object_component id="oc-1d4">
         <name>.const:g_sCrystalfontz128x128</name>
         <load_address>0x49d4</load_address>
         <run_address>0x49d4</run_address>
         <size>0x28</size>
         <input_file_ref idref="fl-2"/>
      </object_component>
      <object_component id="oc-30c">
         <name>.const:.string</name>
         <load_address>0x49fc</load_address>
         <run_address>0x49fc</run_address>
         <size>0x1c</size>
         <input_file_ref idref="fl-5"/>
      </object_component>
      <object_component id="oc-217">
         <name>.const:gVoltageScaleStr</name>
         <load_address>0x4a18</load_address>
         <run_address>0x4a18</run_address>
         <size>0x10</size>
         <input_file_ref idref="fl-5"/>
      </object_component>
      <object_component id="oc-2d1">
         <name>.const</name>
         <load_address>0x4a28</load_address>
         <run_address>0x4a28</run_address>
         <size>0x10</size>
         <input_file_ref idref="fl-e8"/>
      </object_component>
      <object_component id="oc-2b3">
         <name>.const</name>
         <load_address>0x4a38</load_address>
         <run_address>0x4a38</run_address>
         <size>0x8</size>
         <input_file_ref idref="fl-f3"/>
      </object_component>
      <object_component id="oc-1ed">
         <name>.const:.string:$P$T0$1</name>
         <load_address>0x4a40</load_address>
         <run_address>0x4a40</run_address>
         <size>0x6</size>
         <input_file_ref idref="fl-5"/>
      </object_component>
      <object_component id="oc-57e">
         <name>.cinit..data.load</name>
         <load_address>0x4a48</load_address>
         <run_address>0x4a48</run_address>
         <size>0x27</size>
      </object_component>
      <object_component id="oc-57c">
         <name>__TI_handler_table</name>
         <load_address>0x4a70</load_address>
         <run_address>0x4a70</run_address>
         <size>0xc</size>
      </object_component>
      <object_component id="oc-57f">
         <name>.cinit..bss.load</name>
         <load_address>0x4a80</load_address>
         <run_address>0x4a80</run_address>
         <size>0x8</size>
      </object_component>
      <object_component id="oc-57d">
         <name>__TI_cinit_table</name>
         <load_address>0x4a88</load_address>
         <run_address>0x4a88</run_address>
         <size>0x10</size>
      </object_component>
      <object_component id="oc-2be">
         <name>.data:Lcd_buffer</name>
         <load_address>0x20000000</load_address>
         <run_address>0x20000000</run_address>
         <size>0x8000</size>
         <input_file_ref idref="fl-2"/>
      </object_component>
      <object_component id="oc-92">
         <name>.data</name>
         <load_address>0x20008048</load_address>
         <run_address>0x20008048</run_address>
         <size>0x4</size>
         <input_file_ref idref="fl-4"/>
      </object_component>
      <object_component id="oc-83">
         <name>.data:gJoystick</name>
         <load_address>0x20008040</load_address>
         <run_address>0x20008040</run_address>
         <size>0x8</size>
         <input_file_ref idref="fl-4"/>
      </object_component>
      <object_component id="oc-102">
         <name>.data:count$2</name>
         <load_address>0x20008000</load_address>
         <run_address>0x20008000</run_address>
         <size>0x24</size>
         <input_file_ref idref="fl-4"/>
      </object_component>
      <object_component id="oc-1b2">
         <name>.data</name>
         <load_address>0x20008034</load_address>
         <run_address>0x20008034</run_address>
         <size>0xc</size>
         <input_file_ref idref="fl-5"/>
      </object_component>
      <object_component id="oc-202">
         <name>.data:Vscale</name>
         <load_address>0x20008024</load_address>
         <run_address>0x20008024</run_address>
         <size>0x10</size>
         <input_file_ref idref="fl-5"/>
      </object_component>
      <object_component id="oc-120">
         <name>.data</name>
         <load_address>0x20008050</load_address>
         <run_address>0x20008050</run_address>
         <size>0x4</size>
         <input_file_ref idref="fl-6"/>
      </object_component>
      <object_component id="oc-4e0">
         <name>.data</name>
         <load_address>0x2000804c</load_address>
         <run_address>0x2000804c</run_address>
         <size>0x4</size>
         <input_file_ref idref="fl-e3"/>
      </object_component>
      <object_component id="oc-101">
         <name>.bss:state$1</name>
         <uninitialized>true</uninitialized>
         <run_address>0x20009054</run_address>
         <size>0x14</size>
         <input_file_ref idref="fl-4"/>
      </object_component>
      <object_component id="oc-2b7">
         <name>.common:Lcd_Orientation</name>
         <uninitialized>true</uninitialized>
         <run_address>0x20009094</run_address>
         <size>0x1</size>
      </object_component>
      <object_component id="oc-2c3">
         <name>.common:Lcd_ScreenWidth</name>
         <uninitialized>true</uninitialized>
         <run_address>0x2000908e</run_address>
         <size>0x2</size>
      </object_component>
      <object_component id="oc-2c2">
         <name>.common:Lcd_ScreenHeigth</name>
         <uninitialized>true</uninitialized>
         <run_address>0x2000908c</run_address>
         <size>0x2</size>
      </object_component>
      <object_component id="oc-2c4">
         <name>.common:Lcd_PenSolid</name>
         <uninitialized>true</uninitialized>
         <run_address>0x20009095</run_address>
         <size>0x1</size>
      </object_component>
      <object_component id="oc-2c5">
         <name>.common:Lcd_FontSolid</name>
         <uninitialized>true</uninitialized>
         <run_address>0x20009093</run_address>
         <size>0x1</size>
      </object_component>
      <object_component id="oc-2c6">
         <name>.common:Lcd_FlagRead</name>
         <uninitialized>true</uninitialized>
         <run_address>0x20009092</run_address>
         <size>0x1</size>
      </object_component>
      <object_component id="oc-2c7">
         <name>.common:Lcd_TouchTrim</name>
         <uninitialized>true</uninitialized>
         <run_address>0x20009090</run_address>
         <size>0x2</size>
      </object_component>
      <object_component id="oc-e0">
         <name>.common:gADCSamplingRate</name>
         <uninitialized>true</uninitialized>
         <run_address>0x20009080</run_address>
         <size>0x4</size>
      </object_component>
      <object_component id="oc-a7">
         <name>.common:gSystemClock</name>
         <uninitialized>true</uninitialized>
         <run_address>0x20009084</run_address>
         <size>0x4</size>
      </object_component>
      <object_component id="oc-1b5">
         <name>.common:fifo</name>
         <uninitialized>true</uninitialized>
         <run_address>0x20009068</run_address>
         <size>0xc</size>
      </object_component>
      <object_component id="oc-1e6">
         <name>.common:cpu_unloaded</name>
         <uninitialized>true</uninitialized>
         <run_address>0x20009078</run_address>
         <size>0x4</size>
      </object_component>
      <object_component id="oc-21a">
         <name>.common:cpu_loaded</name>
         <uninitialized>true</uninitialized>
         <run_address>0x20009074</run_address>
         <size>0x4</size>
      </object_component>
      <object_component id="oc-123">
         <name>.common:gADCBuffer</name>
         <uninitialized>true</uninitialized>
         <run_address>0x20008054</run_address>
         <size>0x1000</size>
      </object_component>
      <object_component id="oc-126">
         <name>.common:gADCErrors</name>
         <uninitialized>true</uninitialized>
         <run_address>0x2000907c</run_address>
         <size>0x4</size>
      </object_component>
      <object_component id="oc-2d4">
         <name>.common:g_psGrLibDefaults</name>
         <uninitialized>true</uninitialized>
         <run_address>0x20009088</run_address>
         <size>0x4</size>
      </object_component>
      <object_component id="oc-21">
         <name>.stack</name>
         <uninitialized>true</uninitialized>
         <run_address>0x20009098</run_address>
         <size>0x4</size>
         <input_file_ref idref="fl-cb"/>
      </object_component>
      <object_component id="oc-580">
         <name>.stack</name>
         <uninitialized>true</uninitialized>
         <run_address>0x20009098</run_address>
         <size>0x0</size>
      </object_component>
      <object_component id="oc-231">
         <name>.debug_info</name>
         <load_address>0x0</load_address>
         <run_address>0x0</run_address>
         <size>0x6e4</size>
         <input_file_ref idref="fl-2"/>
      </object_component>
      <object_component id="oc-2bf">
         <name>.debug_info</name>
         <load_address>0x6e4</load_address>
         <run_address>0x6e4</run_address>
         <size>0xea</size>
         <input_file_ref idref="fl-2"/>
      </object_component>
      <object_component id="oc-1d5">
         <name>.debug_info</name>
         <load_address>0x7ce</load_address>
         <run_address>0x7ce</run_address>
         <size>0x103</size>
         <input_file_ref idref="fl-2"/>
      </object_component>
      <object_component id="oc-1cf">
         <name>.debug_info</name>
         <load_address>0x8d1</load_address>
         <run_address>0x8d1</run_address>
         <size>0x10df</size>
         <input_file_ref idref="fl-2"/>
      </object_component>
      <object_component id="oc-178">
         <name>.debug_info</name>
         <load_address>0x19b0</load_address>
         <run_address>0x19b0</run_address>
         <size>0x6bd</size>
         <input_file_ref idref="fl-2"/>
      </object_component>
      <object_component id="oc-130">
         <name>.debug_info</name>
         <load_address>0x206d</load_address>
         <run_address>0x206d</run_address>
         <size>0x26b</size>
         <input_file_ref idref="fl-2"/>
      </object_component>
      <object_component id="oc-11b">
         <name>.debug_info</name>
         <load_address>0x22d8</load_address>
         <run_address>0x22d8</run_address>
         <size>0x8b</size>
         <input_file_ref idref="fl-2"/>
      </object_component>
      <object_component id="oc-227">
         <name>.debug_info</name>
         <load_address>0x2363</load_address>
         <run_address>0x2363</run_address>
         <size>0x297</size>
         <input_file_ref idref="fl-2"/>
      </object_component>
      <object_component id="oc-19e">
         <name>.debug_info</name>
         <load_address>0x25fa</load_address>
         <run_address>0x25fa</run_address>
         <size>0xef</size>
         <input_file_ref idref="fl-2"/>
      </object_component>
      <object_component id="oc-116">
         <name>.debug_info</name>
         <load_address>0x26e9</load_address>
         <run_address>0x26e9</run_address>
         <size>0xbb</size>
         <input_file_ref idref="fl-2"/>
      </object_component>
      <object_component id="oc-392">
         <name>.debug_info</name>
         <load_address>0x27a4</load_address>
         <run_address>0x27a4</run_address>
         <size>0x6a4</size>
         <input_file_ref idref="fl-3"/>
      </object_component>
      <object_component id="oc-2ba">
         <name>.debug_info</name>
         <load_address>0x2e48</load_address>
         <run_address>0x2e48</run_address>
         <size>0x604</size>
         <input_file_ref idref="fl-3"/>
      </object_component>
      <object_component id="oc-e1">
         <name>.debug_info</name>
         <load_address>0x344c</load_address>
         <run_address>0x344c</run_address>
         <size>0x821</size>
         <input_file_ref idref="fl-4"/>
      </object_component>
      <object_component id="oc-93">
         <name>.debug_info</name>
         <load_address>0x3c6d</load_address>
         <run_address>0x3c6d</run_address>
         <size>0xd3</size>
         <input_file_ref idref="fl-4"/>
      </object_component>
      <object_component id="oc-84">
         <name>.debug_info</name>
         <load_address>0x3d40</load_address>
         <run_address>0x3d40</run_address>
         <size>0xd5</size>
         <input_file_ref idref="fl-4"/>
      </object_component>
      <object_component id="oc-2e">
         <name>.debug_info</name>
         <load_address>0x3e15</load_address>
         <run_address>0x3e15</run_address>
         <size>0x7ca</size>
         <input_file_ref idref="fl-4"/>
      </object_component>
      <object_component id="oc-a8">
         <name>.debug_info</name>
         <load_address>0x45df</load_address>
         <run_address>0x45df</run_address>
         <size>0xbae</size>
         <input_file_ref idref="fl-5"/>
      </object_component>
      <object_component id="oc-1b3">
         <name>.debug_info</name>
         <load_address>0x518d</load_address>
         <run_address>0x518d</run_address>
         <size>0x110</size>
         <input_file_ref idref="fl-5"/>
      </object_component>
      <object_component id="oc-218">
         <name>.debug_info</name>
         <load_address>0x529d</load_address>
         <run_address>0x529d</run_address>
         <size>0xe0</size>
         <input_file_ref idref="fl-5"/>
      </object_component>
      <object_component id="oc-203">
         <name>.debug_info</name>
         <load_address>0x537d</load_address>
         <run_address>0x537d</run_address>
         <size>0xcc</size>
         <input_file_ref idref="fl-5"/>
      </object_component>
      <object_component id="oc-1ee">
         <name>.debug_info</name>
         <load_address>0x5449</load_address>
         <run_address>0x5449</run_address>
         <size>0xcd</size>
         <input_file_ref idref="fl-5"/>
      </object_component>
      <object_component id="oc-110">
         <name>.debug_info</name>
         <load_address>0x5516</load_address>
         <run_address>0x5516</run_address>
         <size>0x702</size>
         <input_file_ref idref="fl-5"/>
      </object_component>
      <object_component id="oc-182">
         <name>.debug_info</name>
         <load_address>0x5c18</load_address>
         <run_address>0x5c18</run_address>
         <size>0xcc</size>
         <input_file_ref idref="fl-5"/>
      </object_component>
      <object_component id="oc-17d">
         <name>.debug_info</name>
         <load_address>0x5ce4</load_address>
         <run_address>0x5ce4</run_address>
         <size>0x2c</size>
         <input_file_ref idref="fl-5"/>
      </object_component>
      <object_component id="oc-32e">
         <name>.debug_info</name>
         <load_address>0x5d10</load_address>
         <run_address>0x5d10</run_address>
         <size>0x2c</size>
         <input_file_ref idref="fl-5"/>
      </object_component>
      <object_component id="oc-124">
         <name>.debug_info</name>
         <load_address>0x5d3c</load_address>
         <run_address>0x5d3c</run_address>
         <size>0x79b</size>
         <input_file_ref idref="fl-6"/>
      </object_component>
      <object_component id="oc-121">
         <name>.debug_info</name>
         <load_address>0x64d7</load_address>
         <run_address>0x64d7</run_address>
         <size>0xe2</size>
         <input_file_ref idref="fl-6"/>
      </object_component>
      <object_component id="oc-31">
         <name>.debug_info</name>
         <load_address>0x65b9</load_address>
         <run_address>0x65b9</run_address>
         <size>0x44a</size>
         <input_file_ref idref="fl-6"/>
      </object_component>
      <object_component id="oc-dd">
         <name>.debug_info</name>
         <load_address>0x6a03</load_address>
         <run_address>0x6a03</run_address>
         <size>0x1ae</size>
         <input_file_ref idref="fl-7"/>
      </object_component>
      <object_component id="oc-3f">
         <name>.debug_info</name>
         <load_address>0x6bb1</load_address>
         <run_address>0x6bb1</run_address>
         <size>0x84</size>
         <input_file_ref idref="fl-7"/>
      </object_component>
      <object_component id="oc-38">
         <name>.debug_info</name>
         <load_address>0x6c35</load_address>
         <run_address>0x6c35</run_address>
         <size>0x2de</size>
         <input_file_ref idref="fl-8"/>
      </object_component>
      <object_component id="oc-10">
         <name>.debug_info</name>
         <load_address>0x6f13</load_address>
         <run_address>0x6f13</run_address>
         <size>0xed</size>
         <input_file_ref idref="fl-8"/>
      </object_component>
      <object_component id="oc-26">
         <name>.debug_info</name>
         <load_address>0x7000</load_address>
         <run_address>0x7000</run_address>
         <size>0x26c</size>
         <input_file_ref idref="fl-8"/>
      </object_component>
      <object_component id="oc-323">
         <name>.debug_info</name>
         <load_address>0x726c</load_address>
         <run_address>0x726c</run_address>
         <size>0x33b</size>
         <input_file_ref idref="fl-c4"/>
      </object_component>
      <object_component id="oc-222">
         <name>.debug_info</name>
         <load_address>0x75a7</load_address>
         <run_address>0x75a7</run_address>
         <size>0x1ef</size>
         <input_file_ref idref="fl-c4"/>
      </object_component>
      <object_component id="oc-317">
         <name>.debug_info</name>
         <load_address>0x7796</load_address>
         <run_address>0x7796</run_address>
         <size>0x1c4</size>
         <input_file_ref idref="fl-c4"/>
      </object_component>
      <object_component id="oc-31d">
         <name>.debug_info</name>
         <load_address>0x795a</load_address>
         <run_address>0x795a</run_address>
         <size>0x177</size>
         <input_file_ref idref="fl-c4"/>
      </object_component>
      <object_component id="oc-324">
         <name>.debug_info</name>
         <load_address>0x7ad1</load_address>
         <run_address>0x7ad1</run_address>
         <size>0x2c</size>
         <input_file_ref idref="fl-c4"/>
      </object_component>
      <object_component id="oc-329">
         <name>.debug_info</name>
         <load_address>0x7afd</load_address>
         <run_address>0x7afd</run_address>
         <size>0x69</size>
         <input_file_ref idref="fl-c4"/>
      </object_component>
      <object_component id="oc-303">
         <name>.debug_info</name>
         <load_address>0x7b66</load_address>
         <run_address>0x7b66</run_address>
         <size>0x2b4</size>
         <input_file_ref idref="fl-c5"/>
      </object_component>
      <object_component id="oc-209">
         <name>.debug_info</name>
         <load_address>0x7e1a</load_address>
         <run_address>0x7e1a</run_address>
         <size>0x18a</size>
         <input_file_ref idref="fl-c5"/>
      </object_component>
      <object_component id="oc-21d">
         <name>.debug_info</name>
         <load_address>0x7fa4</load_address>
         <run_address>0x7fa4</run_address>
         <size>0x12d</size>
         <input_file_ref idref="fl-c6"/>
      </object_component>
      <object_component id="oc-46">
         <name>.debug_info</name>
         <load_address>0x80d1</load_address>
         <run_address>0x80d1</run_address>
         <size>0x11a</size>
         <input_file_ref idref="fl-c7"/>
      </object_component>
      <object_component id="oc-149">
         <name>.debug_info</name>
         <load_address>0x81eb</load_address>
         <run_address>0x81eb</run_address>
         <size>0x2d5</size>
         <input_file_ref idref="fl-c8"/>
      </object_component>
      <object_component id="oc-5a">
         <name>.debug_info</name>
         <load_address>0x84c0</load_address>
         <run_address>0x84c0</run_address>
         <size>0x1b6</size>
         <input_file_ref idref="fl-c8"/>
      </object_component>
      <object_component id="oc-144">
         <name>.debug_info</name>
         <load_address>0x8676</load_address>
         <run_address>0x8676</run_address>
         <size>0x46</size>
         <input_file_ref idref="fl-c8"/>
      </object_component>
      <object_component id="oc-23a">
         <name>.debug_info</name>
         <load_address>0x86bc</load_address>
         <run_address>0x86bc</run_address>
         <size>0x2c</size>
         <input_file_ref idref="fl-c8"/>
      </object_component>
      <object_component id="oc-4f">
         <name>.debug_info</name>
         <load_address>0x86e8</load_address>
         <run_address>0x86e8</run_address>
         <size>0x2a9</size>
         <input_file_ref idref="fl-c9"/>
      </object_component>
      <object_component id="oc-1a">
         <name>.debug_info</name>
         <load_address>0x8991</load_address>
         <run_address>0x8991</run_address>
         <size>0x1eb</size>
         <input_file_ref idref="fl-c9"/>
      </object_component>
      <object_component id="oc-4a">
         <name>.debug_info</name>
         <load_address>0x8b7c</load_address>
         <run_address>0x8b7c</run_address>
         <size>0x46</size>
         <input_file_ref idref="fl-c9"/>
      </object_component>
      <object_component id="oc-13c">
         <name>.debug_info</name>
         <load_address>0x8bc2</load_address>
         <run_address>0x8bc2</run_address>
         <size>0x2c</size>
         <input_file_ref idref="fl-c9"/>
      </object_component>
      <object_component id="oc-13a">
         <name>.debug_info</name>
         <load_address>0x8bee</load_address>
         <run_address>0x8bee</run_address>
         <size>0x29f</size>
         <input_file_ref idref="fl-ca"/>
      </object_component>
      <object_component id="oc-16">
         <name>.debug_info</name>
         <load_address>0x8e8d</load_address>
         <run_address>0x8e8d</run_address>
         <size>0x251</size>
         <input_file_ref idref="fl-ca"/>
      </object_component>
      <object_component id="oc-3a">
         <name>.debug_info</name>
         <load_address>0x90de</load_address>
         <run_address>0x90de</run_address>
         <size>0x60</size>
         <input_file_ref idref="fl-ca"/>
      </object_component>
      <object_component id="oc-233">
         <name>.debug_info</name>
         <load_address>0x913e</load_address>
         <run_address>0x913e</run_address>
         <size>0x46</size>
         <input_file_ref idref="fl-ca"/>
      </object_component>
      <object_component id="oc-135">
         <name>.debug_info</name>
         <load_address>0x9184</load_address>
         <run_address>0x9184</run_address>
         <size>0x39</size>
         <input_file_ref idref="fl-ca"/>
      </object_component>
      <object_component id="oc-22">
         <name>.debug_info</name>
         <load_address>0x91bd</load_address>
         <run_address>0x91bd</run_address>
         <size>0x10c</size>
         <input_file_ref idref="fl-cb"/>
      </object_component>
      <object_component id="oc-64">
         <name>.debug_info</name>
         <load_address>0x92c9</load_address>
         <run_address>0x92c9</run_address>
         <size>0x1aa</size>
         <input_file_ref idref="fl-cb"/>
      </object_component>
      <object_component id="oc-41c">
         <name>.debug_info</name>
         <load_address>0x9473</load_address>
         <run_address>0x9473</run_address>
         <size>0x57c</size>
         <input_file_ref idref="fl-cc"/>
      </object_component>
      <object_component id="oc-3e7">
         <name>.debug_info</name>
         <load_address>0x99ef</load_address>
         <run_address>0x99ef</run_address>
         <size>0x21f</size>
         <input_file_ref idref="fl-cc"/>
      </object_component>
      <object_component id="oc-4ab">
         <name>.debug_info</name>
         <load_address>0x9c0e</load_address>
         <run_address>0x9c0e</run_address>
         <size>0x1b4</size>
         <input_file_ref idref="fl-cc"/>
      </object_component>
      <object_component id="oc-4b0">
         <name>.debug_info</name>
         <load_address>0x9dc2</load_address>
         <run_address>0x9dc2</run_address>
         <size>0x21c</size>
         <input_file_ref idref="fl-cc"/>
      </object_component>
      <object_component id="oc-3f3">
         <name>.debug_info</name>
         <load_address>0x9fde</load_address>
         <run_address>0x9fde</run_address>
         <size>0x3bc</size>
         <input_file_ref idref="fl-cc"/>
      </object_component>
      <object_component id="oc-4b7">
         <name>.debug_info</name>
         <load_address>0xa39a</load_address>
         <run_address>0xa39a</run_address>
         <size>0x306</size>
         <input_file_ref idref="fl-cc"/>
      </object_component>
      <object_component id="oc-4be">
         <name>.debug_info</name>
         <load_address>0xa6a0</load_address>
         <run_address>0xa6a0</run_address>
         <size>0x216</size>
         <input_file_ref idref="fl-cc"/>
      </object_component>
      <object_component id="oc-3f8">
         <name>.debug_info</name>
         <load_address>0xa8b6</load_address>
         <run_address>0xa8b6</run_address>
         <size>0x216</size>
         <input_file_ref idref="fl-cc"/>
      </object_component>
      <object_component id="oc-3ff">
         <name>.debug_info</name>
         <load_address>0xaacc</load_address>
         <run_address>0xaacc</run_address>
         <size>0x305</size>
         <input_file_ref idref="fl-cc"/>
      </object_component>
      <object_component id="oc-405">
         <name>.debug_info</name>
         <load_address>0xadd1</load_address>
         <run_address>0xadd1</run_address>
         <size>0x4b1</size>
         <input_file_ref idref="fl-cc"/>
      </object_component>
      <object_component id="oc-311">
         <name>.debug_info</name>
         <load_address>0xb282</load_address>
         <run_address>0xb282</run_address>
         <size>0x5f5</size>
         <input_file_ref idref="fl-cc"/>
      </object_component>
      <object_component id="oc-41d">
         <name>.debug_info</name>
         <load_address>0xb877</load_address>
         <run_address>0xb877</run_address>
         <size>0x86</size>
         <input_file_ref idref="fl-cc"/>
      </object_component>
      <object_component id="oc-4e7">
         <name>.debug_info</name>
         <load_address>0xb8fd</load_address>
         <run_address>0xb8fd</run_address>
         <size>0x39</size>
         <input_file_ref idref="fl-cc"/>
      </object_component>
      <object_component id="oc-53f">
         <name>.debug_info</name>
         <load_address>0xb936</load_address>
         <run_address>0xb936</run_address>
         <size>0xb6</size>
         <input_file_ref idref="fl-cc"/>
      </object_component>
      <object_component id="oc-4ec">
         <name>.debug_info</name>
         <load_address>0xb9ec</load_address>
         <run_address>0xb9ec</run_address>
         <size>0x46</size>
         <input_file_ref idref="fl-cc"/>
      </object_component>
      <object_component id="oc-422">
         <name>.debug_info</name>
         <load_address>0xba32</load_address>
         <run_address>0xba32</run_address>
         <size>0x46</size>
         <input_file_ref idref="fl-cc"/>
      </object_component>
      <object_component id="oc-4df">
         <name>.debug_info</name>
         <load_address>0xba78</load_address>
         <run_address>0xba78</run_address>
         <size>0x290</size>
         <input_file_ref idref="fl-cd"/>
      </object_component>
      <object_component id="oc-412">
         <name>.debug_info</name>
         <load_address>0xbd08</load_address>
         <run_address>0xbd08</run_address>
         <size>0x15b</size>
         <input_file_ref idref="fl-cd"/>
      </object_component>
      <object_component id="oc-534">
         <name>.debug_info</name>
         <load_address>0xbe63</load_address>
         <run_address>0xbe63</run_address>
         <size>0x46</size>
         <input_file_ref idref="fl-cd"/>
      </object_component>
      <object_component id="oc-4da">
         <name>.debug_info</name>
         <load_address>0xbea9</load_address>
         <run_address>0xbea9</run_address>
         <size>0x39</size>
         <input_file_ref idref="fl-cd"/>
      </object_component>
      <object_component id="oc-3cb">
         <name>.debug_info</name>
         <load_address>0xbee2</load_address>
         <run_address>0xbee2</run_address>
         <size>0x291</size>
         <input_file_ref idref="fl-ce"/>
      </object_component>
      <object_component id="oc-2fe">
         <name>.debug_info</name>
         <load_address>0xc173</load_address>
         <run_address>0xc173</run_address>
         <size>0x183</size>
         <input_file_ref idref="fl-ce"/>
      </object_component>
      <object_component id="oc-471">
         <name>.debug_info</name>
         <load_address>0xc2f6</load_address>
         <run_address>0xc2f6</run_address>
         <size>0x46</size>
         <input_file_ref idref="fl-ce"/>
      </object_component>
      <object_component id="oc-3cc">
         <name>.debug_info</name>
         <load_address>0xc33c</load_address>
         <run_address>0xc33c</run_address>
         <size>0x39</size>
         <input_file_ref idref="fl-ce"/>
      </object_component>
      <object_component id="oc-480">
         <name>.debug_info</name>
         <load_address>0xc375</load_address>
         <run_address>0xc375</run_address>
         <size>0x135</size>
         <input_file_ref idref="fl-cf"/>
      </object_component>
      <object_component id="oc-14b">
         <name>.debug_info</name>
         <load_address>0xc4aa</load_address>
         <run_address>0xc4aa</run_address>
         <size>0x148</size>
         <input_file_ref idref="fl-d0"/>
      </object_component>
      <object_component id="oc-4a6">
         <name>.debug_info</name>
         <load_address>0xc5f2</load_address>
         <run_address>0xc5f2</run_address>
         <size>0x14d</size>
         <input_file_ref idref="fl-d1"/>
      </object_component>
      <object_component id="oc-3ee">
         <name>.debug_info</name>
         <load_address>0xc73f</load_address>
         <run_address>0xc73f</run_address>
         <size>0x129</size>
         <input_file_ref idref="fl-d2"/>
      </object_component>
      <object_component id="oc-491">
         <name>.debug_info</name>
         <load_address>0xc868</load_address>
         <run_address>0xc868</run_address>
         <size>0x12b</size>
         <input_file_ref idref="fl-d2"/>
      </object_component>
      <object_component id="oc-48b">
         <name>.debug_info</name>
         <load_address>0xc993</load_address>
         <run_address>0xc993</run_address>
         <size>0x13b</size>
         <input_file_ref idref="fl-d3"/>
      </object_component>
      <object_component id="oc-486">
         <name>.debug_info</name>
         <load_address>0xcace</load_address>
         <run_address>0xcace</run_address>
         <size>0x13b</size>
         <input_file_ref idref="fl-d4"/>
      </object_component>
      <object_component id="oc-495">
         <name>.debug_info</name>
         <load_address>0xcc09</load_address>
         <run_address>0xcc09</run_address>
         <size>0x12f</size>
         <input_file_ref idref="fl-d5"/>
      </object_component>
[...]
      <symbol id="sm-14b">
         <name>Vscale</name>
         <value>0x20008024</value>
         <object_component_ref idref="oc-202"/>
      </symbol>
      <symbol id="sm-168">
         <name>gADCBuffer</name>
         <value>0x20008054</value>
      </symbol>
      <symbol id="sm-169">
         <name>gADCErrors</name>
         <value>0x2000907c</value>
      </symbol>
      <symbol id="sm-16a">
         <name>ADC_Trigger_Search</name>
         <value>0x2521</value>
         <object_component_ref idref="oc-30"/>
      </symbol>
      <symbol id="sm-16b">
         <name>gADCBufferIndex</name>
         <value>0x20008050</value>
         <object_component_ref idref="oc-120"/>
      </symbol>
      <symbol id="sm-16c">
         <name>ADC_ISR</name>
         <value>0x2581</value>
         <object_component_ref idref="oc-30"/>
      </symbol>
      <symbol id="sm-16d">
         <name>ADCInit</name>
         <value>0x25d1</value>
         <object_component_ref idref="oc-30"/>
      </symbol>
      <symbol id="sm-17c">
         <name>SysCtlFrequencyGet</name>
         <value>0x39e9</value>
         <object_component_ref idref="oc-da"/>
      </symbol>
      <symbol id="sm-198">
         <name>ResetISR</name>
         <value>0x3f89</value>
         <object_component_ref idref="oc-24"/>
      </symbol>
      <symbol id="sm-199">
         <name>g_pfnVectors</name>
         <value>0x0</value>
         <object_component_ref idref="oc-f"/>
      </symbol>
      <symbol id="sm-1c8">
         <name>snprintf</name>
         <value>0x394d</value>
         <object_component_ref idref="oc-220"/>
      </symbol>
      <symbol id="sm-1d7">
         <name>roundf</name>
         <value>0x353f</value>
         <object_component_ref idref="oc-205"/>
      </symbol>
      <symbol id="sm-1e2">
         <name>__aeabi_f2d</name>
         <value>0x3ccf</value>
         <object_component_ref idref="oc-21b"/>
      </symbol>
      <symbol id="sm-1fd">
         <name>memcpy</name>
         <value>0x3097</value>
         <object_component_ref idref="oc-44"/>
      </symbol>
      <symbol id="sm-1fe">
         <name>__aeabi_memcpy</name>
         <value>0x3097</value>
         <object_component_ref idref="oc-44"/>
      </symbol>
      <symbol id="sm-1ff">
         <name>__aeabi_memcpy8</name>
         <value>0x3097</value>
         <object_component_ref idref="oc-44"/>
      </symbol>
      <symbol id="sm-200">
         <name>__aeabi_memcpy4</name>
         <value>0x3097</value>
         <object_component_ref idref="oc-44"/>
      </symbol>
      <symbol id="sm-217">
         <name>__TI_zero_init</name>
         <value>0x4155</value>
         <object_component_ref idref="oc-56"/>
      </symbol>
      <symbol id="sm-22e">
         <name>__TI_decompress_none</name>
         <value>0x412f</value>
         <object_component_ref idref="oc-18"/>
      </symbol>
      <symbol id="sm-251">
         <name>__TI_decompress_lzss</name>
         <value>0x367d</value>
         <object_component_ref idref="oc-12"/>
      </symbol>
      <symbol id="sm-264">
         <name>__stack</name>
         <value>0x20009098</value>
         <object_component_ref idref="oc-21"/>
      </symbol>
      <symbol id="sm-265">
         <name>_c_int00_noargs</name>
         <value>0x3d71</value>
         <object_component_ref idref="oc-62"/>
      </symbol>
      <symbol id="sm-3ca">
         <name>__TI_printfi</name>
         <value>0x209</value>
         <object_component_ref idref="oc-310"/>
      </symbol>
      <symbol id="sm-3e3">
         <name>wcslen</name>
         <value>0x40a1</value>
         <object_component_ref idref="oc-40f"/>
      </symbol>
      <symbol id="sm-405">
         <name>floorf</name>
         <value>0x335d</value>
         <object_component_ref idref="oc-2fc"/>
      </symbol>
      <symbol id="sm-412">
         <name>__aeabi_uldivmod</name>
         <value>0x3133</value>
         <object_component_ref idref="oc-47e"/>
      </symbol>
      <symbol id="sm-421">
         <name>__aeabi_memset</name>
         <value>0x3459</value>
         <object_component_ref idref="oc-14a"/>
      </symbol>
      <symbol id="sm-422">
         <name>memset</name>
         <value>0x345f</value>
         <object_component_ref idref="oc-14a"/>
      </symbol>
      <symbol id="sm-423">
         <name>__aeabi_memset8</name>
         <value>0x3459</value>
         <object_component_ref idref="oc-14a"/>
      </symbol>
      <symbol id="sm-424">
         <name>__aeabi_memset4</name>
         <value>0x3459</value>
         <object_component_ref idref="oc-14a"/>
      </symbol>
      <symbol id="sm-425">
         <name>__aeabi_memclr8</name>
         <value>0x3457</value>
         <object_component_ref idref="oc-14a"/>
      </symbol>
      <symbol id="sm-426">
         <name>__aeabi_memclr4</name>
         <value>0x3457</value>
         <object_component_ref idref="oc-14a"/>
      </symbol>
      <symbol id="sm-427">
         <name>__aeabi_memclr</name>
         <value>0x3457</value>
         <object_component_ref idref="oc-14a"/>
      </symbol>
      <symbol id="sm-43e">
         <name>__aeabi_dsub</name>
         <value>0x21e5</value>
         <object_component_ref idref="oc-4a4"/>
      </symbol>
      <symbol id="sm-43f">
         <name>__aeabi_dadd</name>
         <value>0x21ef</value>
         <object_component_ref idref="oc-4a4"/>
      </symbol>
      <symbol id="sm-461">
         <name>__aeabi_cdcmpeq</name>
         <value>0x324f</value>
         <object_component_ref idref="oc-3ec"/>
      </symbol>
      <symbol id="sm-462">
         <name>__aeabi_cdcmple</name>
         <value>0x324f</value>
         <object_component_ref idref="oc-3ec"/>
      </symbol>
      <symbol id="sm-463">
         <name>__aeabi_cdrcmple</name>
         <value>0x32d5</value>
         <object_component_ref idref="oc-48f"/>
      </symbol>
      <symbol id="sm-477">
         <name>__aeabi_ddiv</name>
         <value>0x27c1</value>
         <object_component_ref idref="oc-48a"/>
      </symbol>
      <symbol id="sm-482">
         <name>__aeabi_dmul</name>
         <value>0x2d63</value>
         <object_component_ref idref="oc-485"/>
      </symbol>
      <symbol id="sm-48c">
         <name>__aeabi_d2iz</name>
         <value>0x3ac5</value>
         <object_component_ref idref="oc-494"/>
      </symbol>
      <symbol id="sm-496">
         <name>__aeabi_i2d</name>
         <value>0x3e31</value>
         <object_component_ref idref="oc-49f"/>
      </symbol>
      <symbol id="sm-4be">
         <name>__TI_auto_init_nobinit_nopinit</name>
         <value>0x3b99</value>
         <object_component_ref idref="oc-24f"/>
      </symbol>
      <symbol id="sm-4c8">
         <name>_system_pre_init</name>
         <value>0x41af</value>
         <object_component_ref idref="oc-150"/>
      </symbol>
      <symbol id="sm-4d4">
         <name>C$$EXIT</name>
         <value>0x41b3</value>
         <object_component_ref idref="oc-243"/>
      </symbol>
      <symbol id="sm-4d5">
         <name>abort</name>
         <value>0x41b3</value>
         <object_component_ref idref="oc-243"/>
      </symbol>
      <symbol id="sm-4ed">
         <name>atoi</name>
         <value>0x3901</value>
         <object_component_ref idref="oc-3e0"/>
      </symbol>
      <symbol id="sm-4f8">
         <name>_ctypes_</name>
         <value>0x45d0</value>
         <object_component_ref idref="oc-479"/>
      </symbol>
      <symbol id="sm-507">
         <name>ltoa</name>
         <value>0x3859</value>
         <object_component_ref idref="oc-499"/>
      </symbol>
      <symbol id="sm-517">
         <name>memccpy</name>
         <value>0x3f51</value>
         <object_component_ref idref="oc-409"/>
      </symbol>
      <symbol id="sm-527">
         <name>strchr</name>
         <value>0x4019</value>
         <object_component_ref idref="oc-4d0"/>
      </symbol>
      <symbol id="sm-535">
         <name>strlen</name>
         <value>0x4045</value>
         <object_component_ref idref="oc-3da"/>
      </symbol>
      <symbol id="sm-54b">
         <name>__aeabi_errno_addr</name>
         <value>0x41a1</value>
         <object_component_ref idref="oc-415"/>
      </symbol>
      <symbol id="sm-54c">
         <name>errno</name>
         <value>0x2000804c</value>
         <object_component_ref idref="oc-4e0"/>
      </symbol>
      <symbol id="sm-56c">
         <name>frexpl</name>
         <value>0x36e5</value>
         <object_component_ref idref="oc-4c4"/>
      </symbol>
      <symbol id="sm-56d">
         <name>frexp</name>
         <value>0x36e5</value>
         <object_component_ref idref="oc-4c4"/>
      </symbol>
      <symbol id="sm-58a">
         <name>scalbn</name>
         <value>0x2b4d</value>
         <object_component_ref idref="oc-4ca"/>
      </symbol>
      <symbol id="sm-58b">
         <name>scalbnl</name>
         <value>0x2b4d</value>
         <object_component_ref idref="oc-4ca"/>
      </symbol>
      <symbol id="sm-58c">
         <name>ldexpl</name>
         <value>0x2b4d</value>
         <object_component_ref idref="oc-4ca"/>
      </symbol>
      <symbol id="sm-58d">
         <name>ldexp</name>
         <value>0x2b4d</value>
         <object_component_ref idref="oc-4ca"/>
      </symbol>
      <symbol id="sm-597">
         <name>__aeabi_idiv0</name>
         <value>0xc57</value>
         <object_component_ref idref="oc-50f"/>
      </symbol>
      <symbol id="sm-598">
         <name>__aeabi_ldiv0</name>
         <value>0xc57</value>
         <object_component_ref idref="oc-50f"/>
      </symbol>
      <symbol id="sm-5a2">
         <name>copysign</name>
         <value>0x3f6d</value>
         <object_component_ref idref="oc-528"/>
      </symbol>
      <symbol id="sm-5a3">
         <name>copysignl</name>
         <value>0x3f6d</value>
         <object_component_ref idref="oc-528"/>
      </symbol>
      <symbol id="sm-5c8">
         <name>GrContextInit</name>
         <value>0x35ad</value>
         <object_component_ref idref="oc-1d7"/>
      </symbol>
      <symbol id="sm-5c9">
         <name>g_psDefaultCodePointMapTable</name>
         <value>0x4a28</value>
         <object_component_ref idref="oc-2d1"/>
      </symbol>
      <symbol id="sm-60d">
         <name>GrLineDrawH</name>
         <value>0x3b0d</value>
         <object_component_ref idref="oc-1fc"/>
      </symbol>
      <symbol id="sm-60e">
         <name>GrLineDrawV</name>
         <value>0x3b53</value>
         <object_component_ref idref="oc-1f6"/>
      </symbol>
      <symbol id="sm-60f">
         <name>GrLineDraw</name>
         <value>0x2c5d</value>
         <object_component_ref idref="oc-20b"/>
      </symbol>
      <symbol id="sm-61d">
         <name>GrRectFill</name>
         <value>0x31c9</value>
         <object_component_ref idref="oc-1f0"/>
      </symbol>
      <symbol id="sm-6ac">
         <name>GrFontInfoGet</name>
         <value>0x3e89</value>
         <object_component_ref idref="oc-395"/>
      </symbol>
      <symbol id="sm-6ad">
         <name>GrDefaultStringRenderer</name>
         <value>0x2e5f</value>
         <object_component_ref idref="oc-2cb"/>
      </symbol>
      <symbol id="sm-6ae">
         <name>GrFontGlyphRender</name>
         <value>0x1bb9</value>
         <object_component_ref idref="oc-3a7"/>
      </symbol>
      <symbol id="sm-6af">
         <name>GrContextFontSet</name>
         <value>0x39e3</value>
         <object_component_ref idref="oc-1e0"/>
      </symbol>
      <symbol id="sm-6b0">
         <name>GrFontGlyphDataGet</name>
         <value>0x3ed5</value>
         <object_component_ref idref="oc-3a1"/>
      </symbol>
      <symbol id="sm-6b1">
         <name>GrStringDraw</name>
         <value>0x4003</value>
         <object_component_ref idref="oc-211"/>
      </symbol>
      <symbol id="sm-6b2">
         <name>GrFontCodepageGet</name>
         <value>0x3f15</value>
         <object_component_ref idref="oc-3bc"/>
      </symbol>
      <symbol id="sm-6b3">
         <name>GrStringNextCharGet</name>
         <value>0x3e03</value>
         <object_component_ref idref="oc-39b"/>
      </symbol>
      <symbol id="sm-6c5">
         <name>g_sFontFixed6x8</name>
         <value>0x46d4</value>
         <object_component_ref idref="oc-1dd"/>
      </symbol>
      <symbol id="sm-6d2">
         <name>GrMapISO8859_1_Unicode</name>
         <value>0x4189</value>
         <object_component_ref idref="oc-3ae"/>
      </symbol>
      <symbol id="sm-72f">
         <name>ADCProcessorTrigger</name>
         <value>0x3fbb</value>
         <object_component_ref idref="oc-77"/>
      </symbol>
      <symbol id="sm-730">
         <name>ADCSequenceEnable</name>
         <value>0x4113</value>
         <object_component_ref idref="oc-fb"/>
      </symbol>
      <symbol id="sm-731">
         <name>ADCSequenceConfigure</name>
         <value>0x3bdd</value>
         <object_component_ref idref="oc-ef"/>
      </symbol>
      <symbol id="sm-732">
         <name>ADCIntEnable</name>
         <value>0x40b3</value>
         <object_component_ref idref="oc-127"/>
      </symbol>
      <symbol id="sm-733">
         <name>ADCSequenceStepConfigure</name>
         <value>0x33dd</value>
         <object_component_ref idref="oc-f5"/>
      </symbol>
      <symbol id="sm-734">
         <name>ADCIntClear</name>
         <value>0x4161</value>
         <object_component_ref idref="oc-8c"/>
      </symbol>
      <symbol id="sm-735">
         <name>ADCIntStatus</name>
         <value>0x3dd5</value>
         <object_component_ref idref="oc-7d"/>
      </symbol>
      <symbol id="sm-736">
         <name>ADCSequenceDisable</name>
         <value>0x4105</value>
         <object_component_ref idref="oc-e9"/>
      </symbol>
      <symbol id="sm-737">
         <name>ADCClockConfigSet</name>
         <value>0x3fa3</value>
         <object_component_ref idref="oc-e3"/>
      </symbol>
      <symbol id="sm-738">
         <name>ADCSequenceDataGet</name>
         <value>0x3ef7</value>
         <object_component_ref idref="oc-86"/>
      </symbol>
      <symbol id="sm-74e">
         <name>FPULazyStackingEnable</name>
         <value>0x40d5</value>
         <object_component_ref idref="oc-1c2"/>
      </symbol>
      <symbol id="sm-74f">
         <name>FPUEnable</name>
         <value>0x40c5</value>
         <object_component_ref idref="oc-1bc"/>
      </symbol>
      <symbol id="sm-7a9">
         <name>GPIOPinConfigure</name>
         <value>0x3a35</value>
         <object_component_ref idref="oc-385"/>
      </symbol>
      <symbol id="sm-7aa">
         <name>GPIOPinTypeADC</name>
         <value>0x4059</value>
         <object_component_ref idref="oc-d4"/>
      </symbol>
      <symbol id="sm-7ab">
         <name>GPIOPinTypeGPIOInput</name>
         <value>0x406b</value>
         <object_component_ref idref="oc-c8"/>
      </symbol>
      <symbol id="sm-7ac">
         <name>GPIOPinTypeGPIOOutput</name>
         <value>0x3fd3</value>
         <object_component_ref idref="oc-38b"/>
      </symbol>
      <symbol id="sm-7ad">
         <name>GPIOPinRead</name>
         <value>0x1553</value>
         <object_component_ref idref="oc-109"/>
      </symbol>
      <symbol id="sm-7ae">
         <name>GPIODirModeSet</name>
         <value>0x3e5f</value>
         <object_component_ref idref="oc-193"/>
      </symbol>
      <symbol id="sm-7af">
         <name>GPIOPinWrite</name>
         <value>0x239b</value>
         <object_component_ref idref="oc-36d"/>
      </symbol>
      <symbol id="sm-7b0">
         <name>GPIOPadConfigSet</name>
         <value>0x28f7</value>
         <object_component_ref idref="oc-ce"/>
      </symbol>
      <symbol id="sm-7b1">
         <name>GPIOPinTypeSSI</name>
         <value>0x407d</value>
         <object_component_ref idref="oc-37f"/>
      </symbol>
      <symbol id="sm-7fb">
         <name>IntPrioritySet</name>
         <value>0x3eb1</value>
         <object_component_ref idref="oc-bc"/>
      </symbol>
      <symbol id="sm-7fc">
         <name>IntEnable</name>
         <value>0x3615</value>
         <object_component_ref idref="oc-c2"/>
      </symbol>
      <symbol id="sm-7fd">
         <name>IntMasterDisable</name>
         <value>0x40e5</value>
         <object_component_ref idref="oc-1b6"/>
      </symbol>
      <symbol id="sm-7fe">
         <name>IntMasterEnable</name>
         <value>0x40f5</value>
         <object_component_ref idref="oc-1e7"/>
      </symbol>
      <symbol id="sm-825">
         <name>SSIDataPut</name>
         <value>0x416b</value>
         <object_component_ref idref="oc-361"/>
      </symbol>
      <symbol id="sm-826">
         <name>SSIConfigSetExpClk</name>
         <value>0x3c59</value>
         <object_component_ref idref="oc-373"/>
      </symbol>
      <symbol id="sm-827">
         <name>SSIEnable</name>
         <value>0x4175</value>
         <object_component_ref idref="oc-379"/>
      </symbol>
      <symbol id="sm-828">
         <name>SSIBusy</name>
         <value>0x4191</value>
         <object_component_ref idref="oc-367"/>
      </symbol>
      <symbol id="sm-898">
         <name>SysCtlDelay</name>
         <value>0x41a9</value>
         <object_component_ref idref="oc-2c1"/>
      </symbol>
      <symbol id="sm-899">
         <name>SysCtlPeripheralEnable</name>
         <value>0x3d3d</value>
         <object_component_ref idref="oc-95"/>
      </symbol>
      <symbol id="sm-89a">
         <name>SysCtlClockFreqSet</name>
         <value>0x1e11</value>
         <object_component_ref idref="oc-1c8"/>
      </symbol>
      <symbol id="sm-8e0">
         <name>TimerLoadSet</name>
         <value>0x408f</value>
         <object_component_ref idref="oc-aa"/>
      </symbol>
      <symbol id="sm-8e1">
         <name>TimerDisable</name>
         <value>0x4031</value>
         <object_component_ref idref="oc-9b"/>
      </symbol>
      <symbol id="sm-8e2">
         <name>TimerEnable</name>
         <value>0x4121</value>
         <object_component_ref idref="oc-b6"/>
      </symbol>
      <symbol id="sm-8e3">
         <name>TimerIntStatus</name>
         <value>0x417f</value>
         <object_component_ref idref="oc-1ac"/>
      </symbol>
      <symbol id="sm-8e4">
         <name>TimerIntEnable</name>
         <value>0x4199</value>
         <object_component_ref idref="oc-b0"/>
      </symbol>
      <symbol id="sm-8e5">
         <name>TimerConfigure</name>
         <value>0x3749</value>
         <object_component_ref idref="oc-a1"/>
      </symbol>
      <symbol id="sm-8e6">
         <name>TimerIntClear</name>
         <value>0x10fd</value>
         <object_component_ref idref="oc-103"/>
      </symbol>
      <symbol id="sm-8f8">
         <name>CPUcpsie</name>
         <value>0x4149</value>
         <object_component_ref idref="oc-2e7"/>
      </symbol>
      <symbol id="sm-8f9">
         <name>CPUcpsid</name>
         <value>0x413d</value>
         <object_component_ref idref="oc-298"/>
      </symbol>
      <symbol id="sm-8fa">
         <name>__TI_static_base__</name>
         <value>0x0</value>
      </symbol>
      <symbol id="sm-8fd">
         <name>__mpu_init</name>
         <value>0x0</value>
      </symbol>
      <symbol id="sm-8fe">
         <name>_system_post_cinit</name>
         <value>0x0</value>
      </symbol>
   </symbol_table>
   <title>Link successful</title>
</link_info>
