******************************************************************************
                  TI ARM Linker PC v18.12.3                    
******************************************************************************
>> Linked Tue Nov 19 19:40:27 2019

OUTPUT FILE NAME:   <ece3849_lab2_hqcao_vtle2.out>
ENTRY POINT SYMBOL: "_c_int00"  address: 00007479


MEMORY CONFIGURATION

         name            origin    length      used     unused   attr    fill
----------------------  --------  ---------  --------  --------  ----  --------
  FLASH                 00000000   00100000  0000be39  000f41c7  R  X
  SRAM                  20000000   00040000  00016bee  00029412  RW X


SEGMENT ALLOCATION MAP

run origin  load origin   length   init length attrs members
----------  ----------- ---------- ----------- ----- -------
00000000    00000000    0000be48   0000be48    r-x
  00000000    00000000    0000003c   0000003c    r-- .resetVecs
  00000040    00000040    000094ba   000094ba    r-x .text
  00009500    00009500    00002663   00002663    r-- .const
  0000bb68    0000bb68    000002e0   000002e0    r-- .cinit
20000000    20000000    00016bf0   00000000    rw-
  20000000    20000000    00000360   00000000    rw- .vecs
  20000360    20000360    0000d9e6   00000000    rw- .bss
  2000dd48    2000dd48    000086a8   00000000    rw- .data
  200163f0    200163f0    00000800   00000000    rw- .stack


SECTION ALLOCATION MAP

 output                                  attributes/
section   page    origin      length       input sections
--------  ----  ----------  ----------   ----------------
.text      0    00000040    000094ba     
                  00000040    00000738     rtsv7M4_T_le_v4SPD16_eabi.lib : k_rem_pio2.c.obj (.text:__kernel_rem_pio2)
                  00000778    000005dc                                   : s_cos.c.obj (.text:cos)
                  00000d54    000005c4                                   : s_sin.c.obj (.text:sin)
                  00001318    00000430     sysbios.aem4f : BIOS.obj (.text:ti_sysbios_family_arm_m3_Hwi_excDumpRegs__I)
                  00001748    00000370     main.obj (.text:display_func)
                  00001ab8    0000034c     ti.targets.arm.rtsarm.aem4f : System.oem4f (.text:xdc_runtime_System_doPrint__I)
                  00001e04    00000004     rtsv7M4_T_le_v4SPD16_eabi.lib : exit.c.obj (.text:abort:abort)
                  00001e08    000002a4     sysbios.aem4f : BIOS.obj (.text:ti_sysbios_knl_Semaphore_pend__E)
                  000020ac    00000004                   : BIOS.obj (.text:ti_sysbios_family_arm_lm4_Timer_masterEnable__I)
                  000020b0    0000028e     kiss_fft.obj (.text:kf_bfly5)
                  0000233e    00000002     rtsv7M4_T_le_v4SPD16_eabi.lib : _lock.c.obj (.text:_nop)
                  00002340    0000026c     sysbios.aem4f : BIOS.obj (.text:ti_sysbios_heaps_HeapMem_free__E)
                  000025ac    00000256     grlib.lib : string.obj (.text:GrFontGlyphRender)
                  00002802    00000006     driverlib.lib : gpio.obj (.text:GPIOPinRead)
                  00002808    00000250     sysbios.aem4f : BIOS.obj (.text:ti_sysbios_heaps_HeapMem_alloc__E)
                  00002a58    00000214     main.obj (.text:processing_func)
                  00002c6c    00000204     Boot.aem4f : Boot_sysctl.oem4f (.text:ti_catalog_arm_cortexm4_tiva_ce_Boot_sysCtlClockFreqSetI__I)
                  00002e70    000001f4     sysbios.aem4f : BIOS.obj (.text:ti_sysbios_family_arm_m3_Hwi_excHandlerMax__I)
                  00003064    00000004     ti.targets.arm.rtsarm.aem4f : Error.oem4f (.text:xdc_runtime_Error_getSite__E)
                  00003068    000001f0     kiss_fft.obj (.text:kf_bfly4)
                  00003258    000001b6     rtsv7M4_T_le_v4SPD16_eabi.lib : fd_add_t2.asm.obj (.text)
                  0000340e    00000002                                   : div0.asm.obj (.text)
                  00003410    000001b4     kiss_fft.obj (.text:kf_bfly3)
                  000035c4    00000174     rtsv7M4_T_le_v4SPD16_eabi.lib : k_sin.c.obj (.text:__kernel_sin)
                  00003738    00000174     sysbios.aem4f : BIOS.obj (.text:ti_sysbios_family_arm_m3_Hwi_excBusFault__I)
                  000038ac    0000016c     rtsv7M4_T_le_v4SPD16_eabi.lib : k_cos.c.obj (.text:__kernel_cos)
                  00003a18    00000164     sysbios.aem4f : BIOS.obj (.text:ti_sysbios_family_arm_m3_Hwi_excUsageFault__I)
                  00003b7c    0000015c     rtsv7M4_T_le_v4SPD16_eabi.lib : e_log10f.c.obj (.text:log10f)
                  00003cd8    00000158                                   : e_sqrt.c.obj (.text:sqrt)
                  00003e30    00000148     sysbios.aem4f : BIOS.obj (.text:ti_sysbios_family_arm_m3_Hwi_excMemFault__I)
                  00003f78    0000013c                   : BIOS.obj (.text:ti_sysbios_heaps_HeapMem_Instance_init__E)
                  000040b4    00000136     rtsv7M4_T_le_v4SPD16_eabi.lib : fd_div_t2.asm.obj (.text)
                  000041ea    00000130     driverlib.lib : gpio.obj (.text:GPIOPadConfigSet)
                  0000431a    00000006                   : gpio.obj (.text:GPIOPinWrite)
                  00004320    00000124     buttons.obj (.text:ButtonInit)
                  00004444    00000118     ti.targets.arm.rtsarm.aem4f : Error.oem4f (.text:xdc_runtime_Error_policyDefault__E)
                  0000455c    00000110     rtsv7M4_T_le_v4SPD16_eabi.lib : s_scalbn.c.obj (.text:scalbn)
                  0000466c    00000004     ti.targets.arm.rtsarm.aem4f : System.oem4f (.text:xdc_runtime_System_aprintf_va__F)
                  00004670    00000108     sysbios.aem4f : BIOS.obj (.text:ti_sysbios_family_arm_lm4_Timer_start__E)
                  00004778    00000106     grlib.lib : line.obj (.text:GrLineDraw)
                  0000487e    00000002     --HOLE-- [fill = 0]
                  00004880    00000100     ti.targets.arm.rtsarm.aem4f : Core-mem.oem4f (.text:xdc_runtime_Core_createObject__I)
                  00004980    000000fc     kiss_fft.obj (.text:kf_bfly_generic)
                  00004a7c    000000fc     rtsv7M4_T_le_v4SPD16_eabi.lib : fd_mul_t2.asm.obj (.text)
                  00004b78    000000fc     rtos_pem4f.oem4f (.text:xdc_runtime_System_printfExtend__I)
                  00004c74    000000f8     rtsv7M4_T_le_v4SPD16_eabi.lib : s_floor.c.obj (.text:floor)
                  00004d6c    000000f8     ti.targets.arm.rtsarm.aem4f : Startup.oem4f (.text:xdc_runtime_Startup_startMods__I)
                  00004e64    000000f4     sysbios.aem4f : m3_Hwi_asm.obj (.text:ti_sysbios_family_arm_m3_Hwi_dispatch__I)
                  00004f58    000000f0     main.obj (.text:buttontask_func)
                  00005048    000000ec     sysbios.aem4f : BIOS.obj (.text:ti_sysbios_knl_Semaphore_post__E)
                  00005134    00000004     ti.targets.arm.rtsarm.aem4f : System.oem4f (.text:xdc_runtime_System_printf_va__F)
                  00005138    000000e2     kiss_fft.obj (.text:kf_work)
                  0000521a    00000006     grlib.lib : string.obj (.text:GrContextFontSet)
                  00005220    000000dc     Crystalfontz128x128_ST7735.obj (.text:Crystalfontz128x128_PixelDrawMultiple)
                  000052fc    00000004     --HOLE-- [fill = 0]
                  00005300    000000d4     buttons.obj (.text:ButtonReadJoystick)
                  000053d4    00000004     --HOLE-- [fill = 0]
                  000053d8    000000cc     kiss_fft.obj (.text:kiss_fft_alloc)
                  000054a4    000000cc     ti.targets.arm.rtsarm.aem4f : Core-smem.oem4f (.text:xdc_runtime_Core_constructObject__I)
                  00005570    000000c4     grlib.lib : string.obj (.text:GrDefaultStringRenderer)
                  00005634    000000c0               : line.obj (.text:GrLineClip)
                  000056f4    00000004     --HOLE-- [fill = 0]
                  000056f8    000000bc     Crystalfontz128x128_ST7735.obj (.text:Crystalfontz128x128_Init)
                  000057b4    00000004     --HOLE-- [fill = 0]
                  000057b8    000000bc     sysbios.aem4f : BIOS.obj (.text:ti_sysbios_family_arm_m3_Hwi_excDebugMon__I)
                  00005874    00000004     --HOLE-- [fill = 0]
                  00005878    000000bc                   : BIOS.obj (.text:ti_sysbios_family_arm_m3_Hwi_excHardFault__I)
                  00005934    000000b4     rtsv7M4_T_le_v4SPD16_eabi.lib : s_cosf.c.obj (.text:cosf)
                  000059e8    000000b4     sysbios.aem4f : BIOS.obj (.text:ti_sysbios_gates_GateMutex_enter__E)
                  00005a9c    00000004     --HOLE-- [fill = 0]
                  00005aa0    000000b4                   : BIOS.obj (.text:ti_sysbios_knl_Task_checkStacks__E)
                  00005b54    00000004     --HOLE-- [fill = 0]
                  00005b58    000000ac                   : BIOS.obj (.text:ti_sysbios_family_arm_lm4_Timer_enableTiva__I)
                  00005c04    00000004     --HOLE-- [fill = 0]
                  00005c08    000000ac     main.obj (.text:waveform_func)
                  00005cb4    00000004     --HOLE-- [fill = 0]
                  00005cb8    000000a0     main.obj (.text:UI_func)
                  00005d58    000000a0     auto_init.aem4f : auto_init.oem4f (.text)
                  00005df8    000000a0     ti.targets.arm.rtsarm.aem4f : Text.oem4f (.text:xdc_runtime_Text_putMod__E)
                  00005e98    0000009c     Crystalfontz128x128_ST7735.obj (.text:Crystalfontz128x128_SetDrawFrame)
                  00005f34    0000009c     rtsv7M4_T_le_v4SPD16_eabi.lib : memcpy_t2.asm.obj (.text)
                  00005fd0    0000009c     sysbios.aem4f : BIOS.obj (.text:ti_sysbios_knl_Semaphore_Instance_init__E)
                  0000606c    0000009a     ti.targets.arm.rtsarm.aem4f : Text.oem4f (.text:xdc_runtime_Text_putSite__E)
                  00006106    00000002     --HOLE-- [fill = 0]
                  00006108    00000098     Boot.aem4f : Boot.oem4f (.text:ti_catalog_arm_cortexm4_tiva_ce_Boot_sysCtlClockFreqSet__E)
                  000061a0    00000094     sampling.obj (.text:ADCInit)
                  00006234    00000004     --HOLE-- [fill = 0]
                  00006238    00000094     sysbios.aem4f : BIOS.obj (.text:ti_sysbios_family_arm_m3_Hwi_initNVIC__E)
                  000062cc    0000008c                   : m3_TaskSupport_asm.obj (.text:ti_sysbios_family_arm_m3_TaskSupport_buildTaskStack)
                  00006358    0000008c                   : BIOS.obj (.text:ti_sysbios_knl_Task_postInit__I)
                  000063e4    00000004     --HOLE-- [fill = 0]
                  000063e8    00000088                   : BIOS.obj (.text:ti_sysbios_knl_Mailbox_post__E)
                  00006470    00000086     grlib.lib : rectangle.obj (.text:GrRectFill)
                  000064f6    00000086     rtsv7M4_T_le_v4SPD16_eabi.lib : fd_cmp_t2.asm.obj (.text:__aeabi_cdcmple)
                  0000657c    00000086                                   : fd_cmp_t2.asm.obj (.text:__aeabi_cdrcmple)
                  00006602    00000006     driverlib.lib : sysctl.obj (.text:SysCtlDelay)
                  00006608    00000084     sysbios.aem4f : BIOS.obj (.text:ti_sysbios_family_arm_m3_Hwi_postInit__I)
                  0000668c    00000004     --HOLE-- [fill = 0]
                  00006690    00000080     Crystalfontz128x128_ST7735.obj (.text:Crystalfontz128x128_RectFill)
                  00006710    00000080     rtsv7M4_T_le_v4SPD16_eabi.lib : s_floorf.c.obj (.text:floorf)
                  00006790    00000080     kiss_fft.obj (.text:kf_bfly2)
                  00006810    0000007a     driverlib.lib : adc.obj (.text:ADCSequenceStepConfigure)
                  0000688a    0000007a     rtsv7M4_T_le_v4SPD16_eabi.lib : memset_t2.asm.obj (.text)
                  00006904    00000004     --HOLE-- [fill = 0]
                  00006908    00000078     HAL_EK_TM4C1294XL_Crystalfontz128x128_ST7735.obj (.text:HAL_LCD_PortInit)
                  00006980    00000078     HAL_EK_TM4C1294XL_Crystalfontz128x128_ST7735.obj (.text:HAL_LCD_SpiInit)
                  000069f8    00000074     sysbios.aem4f : BIOS.obj (.text:ti_sysbios_knl_Mailbox_pend__E)
                  00006a6c    00000004     --HOLE-- [fill = 0]
                  00006a70    00000070                   : BIOS.obj (.text:ti_sysbios_knl_Clock_workFunc__E)
                  00006ae0    00000070                   : BIOS.obj (.text:ti_sysbios_knl_Task_exit__E)
                  00006b50    0000006e     rtsv7M4_T_le_v4SPD16_eabi.lib : s_roundf.c.obj (.text:roundf)
                  00006bbe    0000006e                                   : fd_tos_t2.asm.obj (.text)
                  00006c2c    0000006d     ti.targets.arm.rtsarm.aem4f : System.oem4f (.text:xdc_runtime_System_formatNum__I)
                  00006c99    00000001     --HOLE-- [fill = 0]
                  00006c9a    00000006                                 : System.oem4f (.text:xdc_runtime_System_Module_startup__E)
                  00006ca0    0000006c     kiss_fft.obj (.text:kf_factor)
                  00006d0c    00000004     --HOLE-- [fill = 0]
                  00006d10    0000006c     sysbios.aem4f : BIOS.obj (.text:ti_sysbios_knl_Swi_restoreHwi__E)
                  00006d7c    0000006c     ti.targets.arm.rtsarm.aem4f : Error.oem4f (.text:xdc_runtime_Error_print__E)
                  00006de8    0000006c                                 : Memory.oem4f (.text:xdc_runtime_Memory_alloc__E)
                  00006e54    00000068     grlib.lib : context.obj (.text:GrContextInit)
                  00006ebc    00000068     rtsv7M4_T_le_v4SPD16_eabi.lib : copy_decompress_lzss.c.obj (.text:decompress:lzss:__TI_decompress_lzss)
                  00006f24    00000004     --HOLE-- [fill = 0]
                  00006f28    00000068     sysbios.aem4f : BIOS.obj (.text:ti_sysbios_family_arm_lm4_TimestampProvider_initTimerHandle__I)
                  00006f90    00000066     ti.targets.arm.rtsarm.aem4f : Core-mem.oem4f (.text:xdc_runtime_Core_deleteObject__I)
                  00006ff6    00000002     --HOLE-- [fill = 0]
                  00006ff8    00000064     sysbios.aem4f : BIOS.obj (.text:ti_sysbios_family_arm_lm4_Timer_Module_startup__E)
                  0000705c    00000004     --HOLE-- [fill = 0]
                  00007060    00000064                   : BIOS.obj (.text:ti_sysbios_family_arm_m3_Hwi_dispatchC__I)
                  000070c4    00000004     --HOLE-- [fill = 0]
                  000070c8    00000060     buttons.obj (.text:ButtonDebounce)
                  00007128    00000060     sysbios.aem4f : BIOS.obj (.text:ti_sysbios_knl_Task_schedule__I)
                  00007188    0000005c     kiss_fft.obj (.text:kiss_fft_stride)
                  000071e4    00000004     --HOLE-- [fill = 0]
                  000071e8    0000005c     sysbios.aem4f : BIOS.obj (.text:ti_sysbios_knl_Swi_run__I)
                  00007244    00000004     --HOLE-- [fill = 0]
                  00007248    0000005c                   : BIOS.obj (.text:ti_sysbios_knl_Swi_schedule__I)
                  000072a4    00000004     --HOLE-- [fill = 0]
                  000072a8    0000005c                   : BIOS.obj (.text:ti_sysbios_knl_Task_Module_startup__E)
                  00007304    00000004     --HOLE-- [fill = 0]
                  00007308    0000005c                   : BIOS.obj (.text:ti_sysbios_knl_Task_startCore__E)
                  00007364    0000005b     ti.targets.arm.rtsarm.aem4f : Text.oem4f (.text:xdc_runtime_Text_putLab__E)
                  000073bf    00000001     --HOLE-- [fill = 0]
                  000073c0    0000005a     grlib.lib : string.obj (.text:FontWideGlyphDataGet)
                  0000741a    00000006     --HOLE-- [fill = 0]
                  00007420    00000058     buttons.obj (.text:ButtonAutoRepeat)
                  00007478    00000058     boot.aem4f : boot.oem4f (.text)
                  000074d0    00000058     rtsv7M4_T_le_v4SPD16_eabi.lib : hostwrite.c.obj (.text:HOSTwrite)
                  00007528    00000058     sysbios.aem4f : m3_Hwi_asm_switch.obj (.text:ti_sysbios_family_arm_m3_Hwi_initStacks__E)
                  00007580    00000054                   : BIOS.obj (.text:ti_sysbios_family_arm_lm4_Timer_initDevice__I)
                  000075d4    00000054     ti.targets.arm.rtsarm.aem4f : Assert.oem4f (.text:xdc_runtime_Assert_raise__I)
                  00007628    00000050     sampling.obj (.text:ADC_Trigger_Search)
                  00007678    00000050     Boot.aem4f : Boot_sysctl.oem4f (.text:_SysCtlFrequencyGet)
                  000076c8    00000050     sysbios.aem4f : BIOS.obj (.text:ti_sysbios_family_arm_m3_Hwi_Module_startup__E)
                  00007718    00000050     ti.targets.arm.rtsarm.aem4f : Startup.oem4f (.text:xdc_runtime_Startup_exec__E)
                  00007768    00000050                                 : Text.oem4f (.text:xdc_runtime_Text_visitRope2__I)
                  000077b8    0000004c     rtsv7M4_T_le_v4SPD16_eabi.lib : cpy_tbl.c.obj (.text:copy_in)
                  00007804    00000004     --HOLE-- [fill = 0]
                  00007808    0000004c     sysbios.aem4f : BIOS.obj (.text:ti_sysbios_heaps_HeapMem_getStats__E)
                  00007854    00000004     --HOLE-- [fill = 0]
                  00007858    0000004c                   : BIOS.obj (.text:ti_sysbios_knl_Swi_runLoop__I)
                  000078a4    00000004     --HOLE-- [fill = 0]
                  000078a8    0000004c                   : BIOS.obj (.text:ti_sysbios_knl_Task_allBlockedFunction__I)
                  000078f4    0000004a     grlib.lib : string.obj (.text:UpdateContextCharMapping)
                  0000793e    00000002     --HOLE-- [fill = 0]
                  00007940    00000048     driverlib.lib : gpio.obj (.text:GPIOPinConfigure)
                  00007988    00000048     HAL_EK_TM4C1294XL_Crystalfontz128x128_ST7735.obj (.text:HAL_LCD_writeCommand)
                  000079d0    00000048     sysctl_pll.obj (.text:SysCtlFrequencyGet)
                  00007a18    00000048     rtsv7M4_T_le_v4SPD16_eabi.lib : fd_toi_t2.asm.obj (.text)
                  00007a60    00000048     sysbios.aem4f : BIOS.obj (.text:ti_sysbios_family_arm_lm4_Timer_enableTimers__I)
                  00007aa8    00000048                   : BIOS.obj (.text:ti_sysbios_family_arm_m3_Hwi_disableInterrupt__E)
                  00007af0    00000048                   : BIOS.obj (.text:ti_sysbios_family_arm_m3_Hwi_enableInterrupt__E)
                  00007b38    00000048                   : BIOS.obj (.text:ti_sysbios_family_arm_m3_Hwi_excReserved__I)
                  00007b80    00000048                   : BIOS.obj (.text:ti_sysbios_knl_Mailbox_Module_startup__E)
                  00007bc8    00000046     grlib.lib : line.obj (.text:GrLineDrawH)
                  00007c0e    00000046               : line.obj (.text:GrLineDrawV)
                  00007c54    00000046     ti.targets.arm.rtsarm.aem4f : Core-params.oem4f (.text:xdc_runtime_Core_assignParams__I)
                  00007c9a    00000006     --HOLE-- [fill = 0]
                  00007ca0    00000044     sampling.obj (.text:ADC_ISR)
                  00007ce4    00000004     --HOLE-- [fill = 0]
                  00007ce8    00000044     Crystalfontz128x128_ST7735.obj (.text:Crystalfontz128x128_SetOrientation)
                  00007d2c    00000004     --HOLE-- [fill = 0]
                  00007d30    00000044     sysbios.aem4f : BIOS.obj (.text:ti_sysbios_family_arm_lm4_Timer_isrStub__E)
                  00007d74    00000004     --HOLE-- [fill = 0]
                  00007d78    00000044                   : BIOS.obj (.text:ti_sysbios_family_arm_m3_Hwi_getStackInfo__E)
                  00007dbc    00000004     --HOLE-- [fill = 0]
                  00007dc0    00000044                   : BIOS.obj (.text:ti_sysbios_knl_Swi_post__E)
                  00007e04    00000044     ti.targets.arm.rtsarm.aem4f : Error.oem4f (.text:xdc_runtime_Error_setX__E)
                  00007e48    00000044                                 : SysMin.oem4f (.text:xdc_runtime_SysMin_flush__E)
                  00007e8c    00000044                                 : Text.oem4f (.text:xdc_runtime_Text_xprintf__I)
                  00007ed0    00000040     Crystalfontz128x128_ST7735.obj (.text:Crystalfontz128x128_LineDrawH)
                  00007f10    00000040     rtsv7M4_T_le_v4SPD16_eabi.lib : u_divt2.asm.obj (.text)
                  00007f50    00000040     sysbios.aem4f : BIOS.obj (.text:ti_sysbios_family_arm_lm4_Timer_startup__E)
                  00007f90    0000003e     driverlib.lib : adc.obj (.text:ADCSequenceConfigure)
                  00007fce    0000003c                   : ssi.obj (.text:SSIConfigSetExpClk)
                  0000800a    00000006     --HOLE-- [fill = 0]
                  00008010    0000003c     sysbios.aem4f : BIOS.obj (.text:ti_sysbios_family_arm_m3_Hwi_excSvCall__I)
                  0000804c    00000004     --HOLE-- [fill = 0]
                  00008050    0000003c                   : BIOS.obj (.text:ti_sysbios_heaps_HeapMem_init__I)
                  0000808c    00000004     --HOLE-- [fill = 0]
                  00008090    0000003c                   : BIOS.obj (.text:ti_sysbios_knl_Swi_restore__E)
                  000080cc    0000003a     grlib.lib : string.obj (.text:FontGlyphDataGet)
                  00008106    00000002     --HOLE-- [fill = 0]
                  00008108    00000038     Crystalfontz128x128_ST7735.obj (.text:Crystalfontz128x128_Flush)
                  00008140    00000038     rtsv7M4_T_le_v4SPD16_eabi.lib : trgmsg.c.obj (.text:__TI_writemsg)
                  00008178    00000038                                   : fs_tod_t2.asm.obj (.text)
                  000081b0    00000038     sysbios.aem4f : BIOS.obj (.text:ti_sysbios_family_arm_m3_Hwi_excNoIsr__I)
                  000081e8    00000038                   : BIOS.obj (.text:ti_sysbios_knl_Task_processVitalTaskFlag__I)
                  00008220    00000038     ti.targets.arm.rtsarm.aem4f : SysMin.oem4f (.text:xdc_runtime_SysMin_putch__E)
                  00008258    00000038                                 : System.oem4f (.text:xdc_runtime_System_atexit__E)
                  00008290    00000036     grlib.lib : line.obj (.text:GrClipCodeGet)
                  000082c6    00000002     --HOLE-- [fill = 0]
                  000082c8    00000034     driverlib.lib : sysctl.obj (.text:SysCtlPeripheralEnable)
                  000082fc    00000034     rtsv7M4_T_le_v4SPD16_eabi.lib : trgmsg.c.obj (.text:__TI_readmsg)
                  00008330    00000034     sysbios.aem4f : BIOS.obj (.text:ti_sysbios_family_arm_m3_Hwi_excNmi__I)
                  00008364    00000004     --HOLE-- [fill = 0]
                  00008368    00000034                   : BIOS.obj (.text:ti_sysbios_hal_Hwi_checkStack)
                  0000839c    00000034     ti.targets.arm.rtsarm.aem4f : Core-label.oem4f (.text:xdc_runtime_Core_assignLabel__I)
                  000083d0    00000033                                 : Text.oem4f (.text:xdc_runtime_Text_printVisFxn__I)
                  00008403    00000005     --HOLE-- [fill = 0]
                  00008408    00000032     sysbios.aem4f : BIOS.obj (.text:ti_sysbios_hal_Hwi_initStack)
                  0000843a    00000006     --HOLE-- [fill = 0]
                  00008440    00000030     rtos_pem4f.oem4f (.text:ti_sysbios_BIOS_atExitFunc__I)
                  00008470    00000030     sysbios.aem4f : BIOS.obj (.text:ti_sysbios_family_arm_lm4_Timer_stop__E)
                  000084a0    00000030                   : BIOS.obj (.text:ti_sysbios_family_arm_m3_TaskSupport_start__E)
                  000084d0    00000030     rtos_pem4f.oem4f (.text:ti_sysbios_gates_GateHwi_Object__create__S)
                  00008500    00000030     rtos_pem4f.oem4f (.text:ti_sysbios_gates_GateMutex_Object__create__S)
                  00008530    00000030     rtos_pem4f.oem4f (.text:ti_sysbios_heaps_HeapMem_Object__create__S)
                  00008560    00000030     sysbios.aem4f : BIOS.obj (.text:ti_sysbios_knl_Mailbox_postInit__I)
                  00008590    00000030     rtos_pem4f.oem4f (.text:ti_sysbios_knl_Semaphore_construct)
                  000085c0    00000030     sysbios.aem4f : BIOS.obj (.text:ti_sysbios_knl_Semaphore_pendTimeout__I)
                  000085f0    00000030                   : BIOS.obj (.text:ti_sysbios_knl_Task_unblockI__E)
                  00008620    00000030     ti.targets.arm.rtsarm.aem4f : SysMin.oem4f (.text:xdc_runtime_SysMin_abort__E)
                  00008650    00000030                                 : System.oem4f (.text:xdc_runtime_System_processAtExit__E)
                  00008680    0000002e     driverlib.lib : adc.obj (.text:ADCIntStatus)
                  000086ae    0000002e     grlib.lib : string.obj (.text:GrStringNextCharGet)
                  000086dc    00000004     --HOLE-- [fill = 0]
                  000086e0    0000002e     rtos_pem4f.oem4f (.text:malloc)
                  0000870e    0000002e     rtsv7M4_T_le_v4SPD16_eabi.lib : i_tofd_t2.asm.obj (.text)
                  0000873c    00000004     --HOLE-- [fill = 0]
                  00008740    0000002c     rtos_pem4f.oem4f (.text:ti_sysbios_knl_Clock_doTick__I)
                  0000876c    00000004     --HOLE-- [fill = 0]
                  00008770    0000002c     rtos_pem4f.oem4f (.text:ti_sysbios_knl_Queue_construct)
                  0000879c    00000004     --HOLE-- [fill = 0]
                  000087a0    0000002c     sysbios.aem4f : BIOS.obj (.text:ti_sysbios_knl_Task_restore__E)
                  000087cc    0000002c     ti.targets.arm.rtsarm.aem4f : Text.oem4f (.text:xdc_runtime_Text_cordText__E)
                  000087f8    0000002a     driverlib.lib : gpio.obj (.text:GPIODirModeSet)
                  00008822    0000002a     ti.targets.arm.rtsarm.aem4f : System.oem4f (.text:xdc_runtime_System_putchar__I)
                  0000884c    00000028     rtsv7M4_T_le_v4SPD16_eabi.lib : e_sqrtf.c.obj (.text:sqrtf)
                  00008874    00000004     --HOLE-- [fill = 0]
                  00008878    00000028     sysbios.aem4f : BIOS.obj (.text:ti_sysbios_knl_Clock_addI__E)
                  000088a0    00000028                   : BIOS.obj (.text:ti_sysbios_knl_Swi_Module_startup__E)
                  000088c8    00000026     grlib.lib : string.obj (.text:GrFontInfoGet)
                  000088ee    00000026     sysbios.aem4f : m3_Hwi_asm.obj (.text:ti_sysbios_family_arm_m3_Hwi_pendSV__I)
                  00008914    00000026     ti.targets.arm.rtsarm.aem4f : System.oem4f (.text:xdc_runtime_System_avprintf__E)
                  0000893a    00000006     --HOLE-- [fill = 0]
                  00008940    00000024     rtos_pem4f.oem4f (.text:ti_sysbios_BIOS_errorRaiseHook__I)
                  00008964    00000004     --HOLE-- [fill = 0]
                  00008968    00000024     rtos_pem4f.oem4f (.text:ti_sysbios_BIOS_registerRTSLock__I)
                  0000898c    00000004     --HOLE-- [fill = 0]
                  00008990    00000024     rtos_pem4f.oem4f (.text:ti_sysbios_BIOS_removeRTSLock__I)
                  000089b4    00000004     --HOLE-- [fill = 0]
                  000089b8    00000024     rtos_pem4f.oem4f (.text:ti_sysbios_BIOS_startFunc__I)
                  000089dc    00000004     --HOLE-- [fill = 0]
                  000089e0    00000024     rtos_pem4f.oem4f (.text:ti_sysbios_gates_GateMutex_Object__delete__S)
                  00008a04    00000004     --HOLE-- [fill = 0]
                  00008a08    00000024     sysbios.aem4f : BIOS.obj (.text:ti_sysbios_knl_Clock_Module_startup__E)
                  00008a2c    00000004     --HOLE-- [fill = 0]
                  00008a30    00000024                   : BIOS.obj (.text:ti_sysbios_knl_Task_restoreHwi__E)
                  00008a54    00000024     ti.targets.arm.rtsarm.aem4f : System.oem4f (.text:xdc_runtime_System_vprintf__E)
                  00008a78    00000022     grlib.lib : string.obj (.text:GrFontGlyphDataGet)
                  00008a9a    00000006     --HOLE-- [fill = 0]
                  00008aa0    00000022     sysbios.aem4f : BIOS.obj (.text:ti_sysbios_family_arm_lm4_Timer_write__I)
                  00008ac2    00000006     --HOLE-- [fill = 0]
                  00008ac8    00000022     rtos_pem4f.oem4f (.text:xdc_runtime_SysMin_output__I)
                  00008aea    00000002     --HOLE-- [fill = 0]
                  00008aec    00000020     Boot.aem4f : Boot_sysctl.oem4f (.text:_SysCtlMemTimingGet)
                  00008b0c    00000004     --HOLE-- [fill = 0]
                  00008b10    00000020     main.obj (.text:main)
                  00008b30    00000020     rtos_pem4f.oem4f (.text:ti_sysbios_BIOS_rtsLock__I)
                  00008b50    00000020     sysbios.aem4f : m3_Hwi_asm.obj (.text:ti_sysbios_family_arm_m3_Hwi_excHandlerAsm__I)
                  00008b70    00000020                   : BIOS.obj (.text:ti_sysbios_family_arm_m3_Hwi_excHandler__I)
                  00008b90    00000020     rtos_pem4f.oem4f (.text:ti_sysbios_gates_GateHwi_Object__delete__S)
                  00008bb0    00000020     rtos_pem4f.oem4f (.text:ti_sysbios_heaps_HeapMem_Object__delete__S)
                  00008bd0    00000020     sysbios.aem4f : BIOS.obj (.text:ti_sysbios_knl_Idle_run__E)
                  00008bf0    00000020     rtos_pem4f.oem4f (.text:ti_sysbios_knl_Semaphore_Object__destruct__S)
                  00008c10    00000020     ti.targets.arm.rtsarm.aem4f : Registry.oem4f (.text:xdc_runtime_Registry_findById__E)
                  00008c30    00000020                                 : SysMin.oem4f (.text:xdc_runtime_SysMin_Module_startup__E)
                  00008c50    0000001e     driverlib.lib : adc.obj (.text:ADCSequenceDataGet)
                  00008c6e    00000002     --HOLE-- [fill = 0]
                  00008c70    0000001e     Crystalfontz128x128_ST7735.obj (.text:Crystalfontz128x128_ColorTranslate)
                  00008c8e    0000001e     grlib.lib : string.obj (.text:GrFontCodepageGet)
                  00008cac    0000001e     sysbios.aem4f : m3_Hwi_asm_switch.obj (.text:ti_sysbios_family_xxx_Hwi_switchAndRunFunc)
                  00008cca    00000006     --HOLE-- [fill = 0]
                  00008cd0    0000001c     Crystalfontz128x128_ST7735.obj (.text:Crystalfontz128x128_LineDrawV)
                  00008cec    00000004     --HOLE-- [fill = 0]
                  00008cf0    0000001c     sysbios.aem4f : BIOS.obj (.text:ti_sysbios_gates_GateMutex_Instance_init__E)
                  00008d0c    00000004     --HOLE-- [fill = 0]
                  00008d10    0000001c     rtos_pem4f.oem4f (.text:ti_sysbios_knl_Queue_Object__destruct__S)
                  00008d2c    00000004     --HOLE-- [fill = 0]
                  00008d30    0000001c     sysbios.aem4f : BIOS.obj (.text:ti_sysbios_knl_Queue_get__E)
                  00008d4c    00000004     --HOLE-- [fill = 0]
                  00008d50    0000001c                   : BIOS.obj (.text:ti_sysbios_knl_Queue_put__E)
                  00008d6c    00000004     --HOLE-- [fill = 0]
                  00008d70    0000001c                   : BIOS.obj (.text:ti_sysbios_knl_Task_enter__I)
                  00008d8c    0000001c     ti.targets.arm.rtsarm.aem4f : Error.oem4f (.text:xdc_runtime_Error_raiseX__E)
                  00008da8    0000001c                                 : Memory.oem4f (.text:xdc_runtime_Memory_valloc__E)
                  00008dc4    0000001c                                 : SysMin.oem4f (.text:xdc_runtime_SysMin_exit__E)
                  00008de0    0000001c                                 : System.oem4f (.text:xdc_runtime_System_abort__E)
                  00008dfc    0000001a     rtsv7M4_T_le_v4SPD16_eabi.lib : s_copysign.c.obj (.text:copysign)
                  00008e16    00000002     --HOLE-- [fill = 0]
                  00008e18    0000001a     rtos_pem4f.oem4f (.text:free)
                  00008e32    00000006     --HOLE-- [fill = 0]
                  00008e38    0000001a     rtos_pem4f.oem4f (.text:ti_sysbios_family_arm_m3_Hwi_Handle__label__S)
                  00008e52    00000006     --HOLE-- [fill = 0]
                  00008e58    0000001a     rtos_pem4f.oem4f (.text:ti_sysbios_gates_GateHwi_Handle__label__S)
                  00008e72    00000006     --HOLE-- [fill = 0]
                  00008e78    0000001a     rtos_pem4f.oem4f (.text:ti_sysbios_gates_GateMutex_Handle__label__S)
                  00008e92    00000006     --HOLE-- [fill = 0]
                  00008e98    0000001a     rtos_pem4f.oem4f (.text:ti_sysbios_heaps_HeapMem_Handle__label__S)
                  00008eb2    00000006     --HOLE-- [fill = 0]
                  00008eb8    0000001a     rtos_pem4f.oem4f (.text:ti_sysbios_knl_Swi_Handle__label__S)
                  00008ed2    00000006     --HOLE-- [fill = 0]
                  00008ed8    0000001a     rtos_pem4f.oem4f (.text:ti_sysbios_knl_Task_Handle__label__S)
                  00008ef2    00000006     --HOLE-- [fill = 0]
                  00008ef8    0000001a     rtos_pem4f.oem4f (.text:xdc_runtime_System_aprintf__E)
                  00008f12    00000006     --HOLE-- [fill = 0]
                  00008f18    0000001a     rtos_pem4f.oem4f (.text:xdc_runtime_System_printf__E)
                  00008f32    00000018     driverlib.lib : adc.obj (.text:ADCClockConfigSet)
                  00008f4a    00000018                   : adc.obj (.text:ADCProcessorTrigger)
                  00008f62    00000018                   : gpio.obj (.text:GPIOPinTypeGPIOOutput)
                  00008f7a    00000002     --HOLE-- [fill = 0]
                  00008f7c    00000018     rtsv7M4_T_le_v4SPD16_eabi.lib : args_main.c.obj (.text:_args_main)
                  00008f94    00000004     --HOLE-- [fill = 0]
                  00008f98    00000018     rtos_pem4f.oem4f (.text:ti_sysbios_BIOS_rtsUnlock__I)
                  00008fb0    00000018     rtos_pem4f.oem4f (.text:ti_sysbios_family_arm_lm4_Timer_Module__startupDone__F)
                  00008fc8    00000018     rtos_pem4f.oem4f (.text:ti_sysbios_family_arm_m3_Hwi_Module__startupDone__F)
                  00008fe0    00000018     sysbios.aem4f : m3_TaskSupport_asm.obj (.text:ti_sysbios_family_arm_m3_TaskSupport_swap__E)
                  00008ff8    00000018                   : BIOS.obj (.text:ti_sysbios_gates_GateMutex_leave__E)
                  00009010    00000018     ti.targets.arm.rtsarm.aem4f : Error.oem4f (.text:xdc_runtime_Error_check__E)
                  00009028    00000018                                 : System.oem4f (.text:xdc_runtime_System_exit__E)
                  00009040    00000018                                 : Text.oem4f (.text:xdc_runtime_Text_ropeText__E)
                  00009058    00000016     grlib.lib : string.obj (.text:GrStringDraw)
                  0000906e    00000002     --HOLE-- [fill = 0]
                  00009070    00000016     rtos_pem4f.oem4f (.text:ti_sysbios_BIOS_exitFunc__I)
                  00009086    00000002     --HOLE-- [fill = 0]
                  00009088    00000016     sysbios.aem4f : BIOS.obj (.text:ti_sysbios_knl_Task_unblock__E)
                  0000909e    00000002     --HOLE-- [fill = 0]
                  000090a0    00000014     Crystalfontz128x128_ST7735.obj (.text:Crystalfontz128x128_PixelDraw)
                  000090b4    00000014     rtsv7M4_T_le_v4SPD16_eabi.lib : strlen.c.obj (.text:strlen)
                  000090c8    00000014     rtos_pem4f.oem4f (.text:ti_sysbios_family_arm_m3_Hwi_Object__get__S)
                  000090dc    00000004     --HOLE-- [fill = 0]
                  000090e0    00000014     sysbios.aem4f : BIOS.obj (.text:ti_sysbios_family_arm_m3_Hwi_switchFromBootStack__E)
                  000090f4    00000004     --HOLE-- [fill = 0]
                  000090f8    00000014     rtos_pem4f.oem4f (.text:ti_sysbios_heaps_HeapMem_Object__get__S)
                  0000910c    00000004     --HOLE-- [fill = 0]
                  00009110    00000014     rtos_pem4f.oem4f (.text:ti_sysbios_knl_Mailbox_Object__get__S)
                  00009124    00000004     --HOLE-- [fill = 0]
                  00009128    00000014     rtos_pem4f.oem4f (.text:ti_sysbios_knl_Swi_Object__get__S)
                  0000913c    00000012     driverlib.lib : gpio.obj (.text:GPIOPinTypeADC)
                  0000914e    00000012                   : gpio.obj (.text:GPIOPinTypeGPIOInput)
                  00009160    00000012                   : gpio.obj (.text:GPIOPinTypeSSI)
                  00009172    00000006     --HOLE-- [fill = 0]
                  00009178    00000012     sysbios.aem4f : BIOS.obj (.text:ti_sysbios_hal_Hwi_Module_startup__E)
                  0000918a    00000006     --HOLE-- [fill = 0]
                  00009190    00000012     rtos_pem4f.oem4f (.text:xdc_runtime_Startup_exec__I)
                  000091a2    00000006     --HOLE-- [fill = 0]
                  000091a8    00000010     rtos_pem4f.oem4f (.text:.bootCodeSection:ti_catalog_arm_cortexm4_tiva_ce_Boot_init__I)
                  000091b8    00000010     driverlib.lib : adc.obj (.text:ADCIntEnable)
                  000091c8    00000010                   : interrupt.obj (.text:IntMasterDisable)
                  000091d8    00000010                   : interrupt.obj (.text:IntMasterEnable)
                  000091e8    00000010     sysbios.aem4f : BIOS.obj (.text:ti_sysbios_BIOS_setThreadType__E)
                  000091f8    00000010                   : BIOS.obj (.text:ti_sysbios_BIOS_start__E)
                  00009208    00000010                   : m3_TaskSupport_asm.obj (.text:ti_sysbios_family_arm_m3_TaskSupport_glue)
                  00009218    00000010                   : BIOS.obj (.text:ti_sysbios_gates_GateMutex_Instance_finalize__E)
                  00009228    00000010                   : BIOS.obj (.text:ti_sysbios_knl_Semaphore_Instance_finalize__E)
                  00009238    00000010                   : BIOS.obj (.text:ti_sysbios_knl_Swi_disable__E)
                  00009248    00000010     rtos_pem4f.oem4f (.text:ti_sysbios_knl_Task_Object__get__S)
                  00009258    00000010     sysbios.aem4f : BIOS.obj (.text:ti_sysbios_knl_Task_disable__E)
                  00009268    00000010     ti.targets.arm.rtsarm.aem4f : Gate.oem4f (.text:xdc_runtime_Gate_leaveSystem__E)
                  00009278    00000010                                 : Memory.oem4f (.text:xdc_runtime_Memory_free__E)
                  00009288    00000010                                 : SysMin.oem4f (.text:xdc_runtime_SysMin_ready__E)
                  00009298    00000010                                 : System.oem4f (.text:xdc_runtime_System_vsnprintf__E)
                  000092a8    00000010     rtos_pem4f.oem4f (.text:xdc_runtime_Text_visitRope__I)
                  000092b8    0000000e     driverlib.lib : adc.obj (.text:ADCSequenceDisable)
                  000092c6    0000000e                   : adc.obj (.text:ADCSequenceEnable)
                  000092d4    0000000e     rtsv7M4_T_le_v4SPD16_eabi.lib : copy_decompress_none.c.obj (.text:decompress:none:__TI_decompress_none)
                  000092e2    00000006     --HOLE-- [fill = 0]
                  000092e8    0000000e     sysbios.aem4f : BIOS.obj (.text:ti_sysbios_knl_Idle_loop__E)
                  000092f6    00000002     --HOLE-- [fill = 0]
                  000092f8    0000000e                   : BIOS.obj (.text:ti_sysbios_knl_Queue_empty__E)
                  00009306    0000000c     driverlib.lib : cpu.obj (.text:CPUcpsid)
                  00009312    0000000c                   : cpu.obj (.text:CPUcpsie)
                  0000931e    00000002     --HOLE-- [fill = 0]
                  00009320    0000000c     HAL_EK_TM4C1294XL_Crystalfontz128x128_ST7735.obj (.text:HAL_LCD_writeData)
                  0000932c    0000000c     rtsv7M4_T_le_v4SPD16_eabi.lib : _lock.c.obj (.text:_register_lock)
                  00009338    0000000c                                   : _lock.c.obj (.text:_register_unlock)
                  00009344    00000004     --HOLE-- [fill = 0]
                  00009348    0000000c     main.obj (.text:buttonclock_func)
                  00009354    0000000c     rtsv7M4_T_le_v4SPD16_eabi.lib : copy_zero_init.c.obj (.text:decompress:ZI:__TI_zero_init)
                  00009360    0000000c     sysbios.aem4f : BIOS.obj (.text:ti_sysbios_family_arm_lm4_Timer_getMaxTicks__E)
                  0000936c    00000004     --HOLE-- [fill = 0]
                  00009370    0000000c                   : BIOS.obj (.text:ti_sysbios_family_arm_m3_TaskSupport_checkStack__E)
                  0000937c    00000004     --HOLE-- [fill = 0]
                  00009380    0000000c                   : BIOS.obj (.text:ti_sysbios_gates_GateHwi_enter__E)
                  0000938c    00000004     --HOLE-- [fill = 0]
                  00009390    0000000c     rtos_pem4f.oem4f (.text:ti_sysbios_knl_Queue_Object__get__S)
                  0000939c    0000000c     ti.targets.arm.rtsarm.aem4f : Error.oem4f (.text:xdc_runtime_Error_init__E)
                  000093a8    0000000c                                 : Gate.oem4f (.text:xdc_runtime_Gate_enterSystem__E)
                  000093b4    0000000c                                 : Memory.oem4f (.text:xdc_runtime_Memory_calloc__E)
                  000093c0    0000000c                                 : Memory.oem4f (.text:xdc_runtime_Memory_getMaxDefaultTypeAlign__E)
                  000093cc    0000000a     driverlib.lib : adc.obj (.text:ADCIntClear)
                  000093d6    0000000a                   : ssi.obj (.text:SSIDataPut)
                  000093e0    0000000a                   : ssi.obj (.text:SSIEnable)
                  000093ea    00000006     --HOLE-- [fill = 0]
                  000093f0    0000000a     rtos_pem4f.oem4f (.text:xdc_runtime_IHeap_alloc)
                  000093fa    00000006     --HOLE-- [fill = 0]
                  00009400    0000000a     rtos_pem4f.oem4f (.text:xdc_runtime_IHeap_free)
                  0000940a    00000008     grlib.lib : charmap.obj (.text:GrMapISO8859_1_Unicode)
                  00009412    00000008     driverlib.lib : ssi.obj (.text:SSIBusy)
                  0000941a    00000002     --HOLE-- [fill = 0]
                  0000941c    00000008     rtsv7M4_T_le_v4SPD16_eabi.lib : errno.c.obj (.text:__aeabi_errno_addr)
                  00009424    00000008     sysbios.aem4f : BIOS.obj (.text:ti_sysbios_family_arm_lm4_Timer_masterDisable__I)
                  0000942c    00000004     --HOLE-- [fill = 0]
                  00009430    00000008                   : BIOS.obj (.text:ti_sysbios_family_arm_m3_Hwi_doSwiRestore__I)
                  00009438    00000008                   : BIOS.obj (.text:ti_sysbios_family_arm_m3_Hwi_startup__E)
                  00009440    00000006     kiss_fft.obj (.text:kiss_fft)
                  00009446    00000002     --HOLE-- [fill = 0]
                  00009448    00000006     sysbios.aem4f : BIOS.obj (.text:ti_sysbios_family_arm_lm4_TimestampProvider_Module_startup__E)
                  0000944e    00000002     --HOLE-- [fill = 0]
                  00009450    00000006                   : BIOS.obj (.text:ti_sysbios_family_arm_m3_Hwi_doTaskRestore__I)
                  00009456    00000002     --HOLE-- [fill = 0]
                  00009458    00000006                   : BIOS.obj (.text:ti_sysbios_gates_GateHwi_leave__E)
                  0000945e    00000002     --HOLE-- [fill = 0]
                  00009460    00000006                   : BIOS.obj (.text:ti_sysbios_heaps_HeapMem_isBlocking__E)
                  00009466    00000002     --HOLE-- [fill = 0]
                  00009468    00000006                   : BIOS.obj (.text:ti_sysbios_knl_Queue_Instance_init__E)
                  0000946e    00000002     --HOLE-- [fill = 0]
                  00009470    00000006                   : BIOS.obj (.text:ti_sysbios_knl_Swi_startup__E)
                  00009476    00000002     --HOLE-- [fill = 0]
                  00009478    00000004     rtos_pem4f.oem4f (.text:ti_sysbios_BIOS_RtsGateProxy_enter__E)
                  0000947c    00000004     --HOLE-- [fill = 0]
                  00009480    00000004     rtos_pem4f.oem4f (.text:ti_sysbios_BIOS_RtsGateProxy_leave__E)
                  00009484    00000004     --HOLE-- [fill = 0]
                  00009488    00000004     rtos_pem4f.oem4f (.text:ti_sysbios_family_arm_m3_TaskSupport_Module__startupDone__S)
                  0000948c    00000004     --HOLE-- [fill = 0]
                  00009490    00000004     sysbios.aem4f : BIOS.obj (.text:ti_sysbios_gates_GateHwi_query__E)
                  00009494    00000004     --HOLE-- [fill = 0]
                  00009498    00000004                   : BIOS.obj (.text:ti_sysbios_gates_GateMutex_query__E)
                  0000949c    00000004     --HOLE-- [fill = 0]
                  000094a0    00000004     rtos_pem4f.oem4f (.text:ti_sysbios_heaps_HeapMem_Module_GateProxy_enter__E)
                  000094a4    00000004     --HOLE-- [fill = 0]
                  000094a8    00000004     rtos_pem4f.oem4f (.text:ti_sysbios_heaps_HeapMem_Module_GateProxy_leave__E)
                  000094ac    00000004     --HOLE-- [fill = 0]
                  000094b0    00000004     rtos_pem4f.oem4f (.text:ti_sysbios_knl_Clock_TimerProxy_getMaxTicks__E)
                  000094b4    00000004     --HOLE-- [fill = 0]
                  000094b8    00000004     rtos_pem4f.oem4f (.text:ti_sysbios_knl_Queue_destruct)
                  000094bc    00000004     --HOLE-- [fill = 0]
                  000094c0    00000004     rtos_pem4f.oem4f (.text:ti_sysbios_knl_Semaphore_destruct)
                  000094c4    00000004     --HOLE-- [fill = 0]
                  000094c8    00000004     sysbios.aem4f : BIOS.obj (.text:ti_sysbios_knl_Task_startup__E)
                  000094cc    00000004     --HOLE-- [fill = 0]
                  000094d0    00000004     rtos_pem4f.oem4f (.text:xdc_runtime_System_Module_GateProxy_enter__E)
                  000094d4    00000004     --HOLE-- [fill = 0]
                  000094d8    00000004     rtos_pem4f.oem4f (.text:xdc_runtime_System_Module_GateProxy_leave__E)
                  000094dc    00000004     --HOLE-- [fill = 0]
                  000094e0    00000002     rtos_pem4f.oem4f (.text:ti_sysbios_BIOS_nullFunc__I)
                  000094e2    00000006     --HOLE-- [fill = 0]
                  000094e8    00000002     sysbios.aem4f : BIOS.obj (.text:ti_sysbios_gates_GateHwi_Instance_init__E)
                  000094ea    00000006     --HOLE-- [fill = 0]
                  000094f0    00000002                   : BIOS.obj (.text:ti_sysbios_knl_Clock_logTick__E)
                  000094f2    00000006     --HOLE-- [fill = 0]
                  000094f8    00000002     rtos_pem4f.oem4f (.text:xdc_runtime_Startup_reset__I)

.const     0    00009500    00002663     
                  00009500    0000199e     rtos_pem4f.oem4f (.const:xdc_runtime_Text_charTab__A)
                  0000ae9e    000002f8     grlib.lib : fontfixed6x8.obj (.const:.string:g_pui8FontFixed6x8Data)
                  0000b196    00000002     rtos_pem4f.oem4f (.const:ti_catalog_arm_cortexm4_tiva_ce_Boot_Module__id__C)
                  0000b198    00000158     rtsv7M4_T_le_v4SPD16_eabi.lib : k_rem_pio2.c.obj (.const:$O1$$)
                  0000b2f0    00000120     Boot.aem4f : Boot_sysctl.oem4f (.const:g_pppui32XTALtoVCO)
                  0000b410    000000c8     grlib.lib : fontfixed6x8.obj (.const:g_sFontFixed6x8)
                  0000b4d8    000000c8     rtos_pem4f.oem4f (.const:xdc_runtime_Text_nodeTab__A)
                  0000b5a0    00000090     driverlib.lib : gpio.obj (.const:g_pui32GPIOBaseAddrs)
                  0000b630    0000006c     Boot.aem4f : Boot_sysctl.oem4f (.const:g_pui32Xtals)
                  0000b69c    00000048     rtos_pem4f.oem4f (.const:.string)
                  0000b6e4    00000030     Boot.aem4f : Boot_sysctl.oem4f (.const:g_sXTALtoMEMTIM)
                  0000b714    00000030     rtos_pem4f.oem4f (.const)
                  0000b744    00000028     Crystalfontz128x128_ST7735.obj (.const:g_sCrystalfontz128x128)
                  0000b76c    00000028     rtos_pem4f.oem4f (.const:ti_sysbios_heaps_HeapMem_Module__FXNS__C)
                  0000b794    00000028     rtos_pem4f.oem4f (.const:xdc_runtime_Startup_sfxnTab__A)
                  0000b7bc    00000024     rtos_pem4f.oem4f (.const:ti_sysbios_gates_GateHwi_Module__FXNS__C)
                  0000b7e0    00000024     rtos_pem4f.oem4f (.const:ti_sysbios_gates_GateMutex_Module__FXNS__C)
                  0000b804    00000024     rtos_pem4f.oem4f (.const:ti_sysbios_heaps_HeapMem_Object__PARAMS__C)
                  0000b828    00000024     rtos_pem4f.oem4f (.const:ti_sysbios_knl_Semaphore_Object__PARAMS__C)
                  0000b84c    00000020     rtos_pem4f.oem4f (.const:ti_sysbios_gates_GateHwi_Object__DESC__C)
                  0000b86c    00000020     rtos_pem4f.oem4f (.const:ti_sysbios_gates_GateMutex_Object__DESC__C)
                  0000b88c    00000020     rtos_pem4f.oem4f (.const:ti_sysbios_heaps_HeapMem_Object__DESC__C)
                  0000b8ac    00000020     rtos_pem4f.oem4f (.const:ti_sysbios_knl_Queue_Object__DESC__C)
                  0000b8cc    00000020     rtos_pem4f.oem4f (.const:ti_sysbios_knl_Semaphore_Object__DESC__C)
                  0000b8ec    00000018     rtos_pem4f.oem4f (.const:ti_sysbios_gates_GateHwi_Object__PARAMS__C)
                  0000b904    00000018     rtos_pem4f.oem4f (.const:ti_sysbios_gates_GateMutex_Object__PARAMS__C)
                  0000b91c    00000018     rtos_pem4f.oem4f (.const:ti_sysbios_knl_Queue_Object__PARAMS__C)
                  0000b934    00000018     rtos_pem4f.oem4f (.const:xdc_runtime_Startup_firstFxns__A)
                  0000b94c    00000014     rtos_pem4f.oem4f (.const:xdc_runtime_Startup_sfxnRts__A)
                  0000b960    00000010     grlib.lib : context.obj (.const)
                  0000b970    00000008     Boot.aem4f : Boot_sysctl.oem4f (.const)
                  0000b978    00000008     rtos_pem4f.oem4f (.const:ti_sysbios_family_arm_m3_Hwi_excHookFuncs__A)
                  0000b980    00000008     rtos_pem4f.oem4f (.const:ti_sysbios_knl_Idle_funcList__C)
                  0000b988    00000008     rtos_pem4f.oem4f (.const:xdc_runtime_Startup_firstFxns__C)
                  0000b990    00000008     rtos_pem4f.oem4f (.const:xdc_runtime_Startup_lastFxns__C)
                  0000b998    00000007     main.obj (.const:.string:$P$T1$2)
                  0000b99f    00000007     main.obj (.const:.string:$P$T2$3)
                  0000b9a6    00000006     main.obj (.const:.string:$P$T0$1)
                  0000b9ac    00000004     rtos_pem4f.oem4f (.const:ti_catalog_arm_cortexm4_tiva_ce_Boot_A_mustNotUseEnhancedClockMode__C)
                  0000b9b0    00000004     rtos_pem4f.oem4f (.const:ti_catalog_arm_cortexm4_tiva_ce_Boot_Module__diagsEnabled__C)
                  0000b9b4    00000004     rtos_pem4f.oem4f (.const:ti_catalog_arm_cortexm4_tiva_ce_Boot_Module__diagsIncluded__C)
                  0000b9b8    00000004     rtos_pem4f.oem4f (.const:ti_catalog_arm_cortexm4_tiva_ce_Boot_Module__diagsMask__C)
                  0000b9bc    00000004     rtos_pem4f.oem4f (.const:ti_sysbios_family_arm_lm4_Timer_enableFunc__C)
                  0000b9c0    00000004     rtos_pem4f.oem4f (.const:ti_sysbios_family_arm_lm4_Timer_numTimerDevices__C)
                  0000b9c4    00000004     rtos_pem4f.oem4f (.const:ti_sysbios_family_arm_lm4_Timer_startupNeeded__C)
                  0000b9c8    00000004     rtos_pem4f.oem4f (.const:ti_sysbios_family_arm_lm4_TimestampProvider_Module__diagsEnabled__C)
                  0000b9cc    00000004     rtos_pem4f.oem4f (.const:ti_sysbios_family_arm_lm4_TimestampProvider_Module__diagsIncluded__C)
                  0000b9d0    00000004     rtos_pem4f.oem4f (.const:ti_sysbios_family_arm_lm4_TimestampProvider_Module__diagsMask__C)
                  0000b9d4    00000004     rtos_pem4f.oem4f (.const:ti_sysbios_family_arm_m3_Hwi_E_NMI__C)
                  0000b9d8    00000004     rtos_pem4f.oem4f (.const:ti_sysbios_family_arm_m3_Hwi_E_busFault__C)
                  0000b9dc    00000004     rtos_pem4f.oem4f (.const:ti_sysbios_family_arm_m3_Hwi_E_debugMon__C)
                  0000b9e0    00000004     rtos_pem4f.oem4f (.const:ti_sysbios_family_arm_m3_Hwi_E_hardFault__C)
                  0000b9e4    00000004     rtos_pem4f.oem4f (.const:ti_sysbios_family_arm_m3_Hwi_E_memFault__C)
                  0000b9e8    00000004     rtos_pem4f.oem4f (.const:ti_sysbios_family_arm_m3_Hwi_E_noIsr__C)
                  0000b9ec    00000004     rtos_pem4f.oem4f (.const:ti_sysbios_family_arm_m3_Hwi_E_reserved__C)
                  0000b9f0    00000004     rtos_pem4f.oem4f (.const:ti_sysbios_family_arm_m3_Hwi_E_svCall__C)
                  0000b9f4    00000004     rtos_pem4f.oem4f (.const:ti_sysbios_family_arm_m3_Hwi_E_usageFault__C)
                  0000b9f8    00000004     rtos_pem4f.oem4f (.const:ti_sysbios_family_arm_m3_Hwi_NUM_INTERRUPTS__C)
                  0000b9fc    00000004     rtos_pem4f.oem4f (.const:ti_sysbios_family_arm_m3_Hwi_Object__count__C)
                  0000ba00    00000004     rtos_pem4f.oem4f (.const:ti_sysbios_family_arm_m3_Hwi_ccr__C)
                  0000ba04    00000004     rtos_pem4f.oem4f (.const:ti_sysbios_family_arm_m3_Hwi_excHandlerFunc__C)
                  0000ba08    00000004     rtos_pem4f.oem4f (.const:ti_sysbios_family_arm_m3_Hwi_excHookFuncs__C)
                  0000ba0c    00000004     rtos_pem4f.oem4f (.const:ti_sysbios_family_arm_m3_Hwi_nullIsrFunc__C)
                  0000ba10    00000004     rtos_pem4f.oem4f (.const:ti_sysbios_family_arm_m3_Hwi_priGroup__C)
                  0000ba14    00000004     rtos_pem4f.oem4f (.const:ti_sysbios_gates_GateMutex_A_badContext__C)
                  0000ba18    00000004     rtos_pem4f.oem4f (.const:ti_sysbios_gates_GateMutex_Instance_State_sem__O)
                  0000ba1c    00000004     rtos_pem4f.oem4f (.const:ti_sysbios_gates_GateMutex_Module__diagsEnabled__C)
                  0000ba20    00000004     rtos_pem4f.oem4f (.const:ti_sysbios_gates_GateMutex_Module__diagsIncluded__C)
                  0000ba24    00000004     rtos_pem4f.oem4f (.const:ti_sysbios_gates_GateMutex_Module__diagsMask__C)
                  0000ba28    00000004     rtos_pem4f.oem4f (.const:ti_sysbios_hal_Hwi_E_stackOverflow__C)
                  0000ba2c    00000004     rtos_pem4f.oem4f (.const:ti_sysbios_heaps_HeapMem_A_align__C)
                  0000ba30    00000004     rtos_pem4f.oem4f (.const:ti_sysbios_heaps_HeapMem_A_heapSize__C)
                  0000ba34    00000004     rtos_pem4f.oem4f (.const:ti_sysbios_heaps_HeapMem_A_invalidFree__C)
                  0000ba38    00000004     rtos_pem4f.oem4f (.const:ti_sysbios_heaps_HeapMem_A_zeroBlock__C)
                  0000ba3c    00000004     rtos_pem4f.oem4f (.const:ti_sysbios_heaps_HeapMem_E_memory__C)
                  0000ba40    00000004     rtos_pem4f.oem4f (.const:ti_sysbios_heaps_HeapMem_Module__diagsEnabled__C)
                  0000ba44    00000004     rtos_pem4f.oem4f (.const:ti_sysbios_heaps_HeapMem_Module__diagsIncluded__C)
                  0000ba48    00000004     rtos_pem4f.oem4f (.const:ti_sysbios_heaps_HeapMem_Module__diagsMask__C)
                  0000ba4c    00000004     rtos_pem4f.oem4f (.const:ti_sysbios_heaps_HeapMem_Module__gateObj__C)
                  0000ba50    00000004     rtos_pem4f.oem4f (.const:ti_sysbios_heaps_HeapMem_Object__count__C)
                  0000ba54    00000004     rtos_pem4f.oem4f (.const:ti_sysbios_heaps_HeapMem_reqAlign__C)
                  0000ba58    00000004     rtos_pem4f.oem4f (.const:ti_sysbios_knl_Clock_Module_State_clockQ__O)
                  0000ba5c    00000004     rtos_pem4f.oem4f (.const:ti_sysbios_knl_Idle_funcList__A)
                  0000ba60    00000004     rtos_pem4f.oem4f (.const:ti_sysbios_knl_Mailbox_Instance_State_dataQue__O)
                  0000ba64    00000004     rtos_pem4f.oem4f (.const:ti_sysbios_knl_Mailbox_Instance_State_dataSem__O)
                  0000ba68    00000004     rtos_pem4f.oem4f (.const:ti_sysbios_knl_Mailbox_Instance_State_freeQue__O)
                  0000ba6c    00000004     rtos_pem4f.oem4f (.const:ti_sysbios_knl_Mailbox_Instance_State_freeSem__O)
                  0000ba70    00000004     rtos_pem4f.oem4f (.const:ti_sysbios_knl_Mailbox_Object__count__C)
                  0000ba74    00000004     rtos_pem4f.oem4f (.const:ti_sysbios_knl_Mailbox_maxTypeAlign__C)
                  0000ba78    00000004     rtos_pem4f.oem4f (.const:ti_sysbios_knl_Semaphore_A_badContext__C)
                  0000ba7c    00000004     rtos_pem4f.oem4f (.const:ti_sysbios_knl_Semaphore_A_noEvents__C)
                  0000ba80    00000004     rtos_pem4f.oem4f (.const:ti_sysbios_knl_Semaphore_A_overflow__C)
                  0000ba84    00000004     rtos_pem4f.oem4f (.const:ti_sysbios_knl_Semaphore_A_pendTaskDisabled__C)
                  0000ba88    00000004     rtos_pem4f.oem4f (.const:ti_sysbios_knl_Semaphore_Instance_State_pendQ__O)
                  0000ba8c    00000004     rtos_pem4f.oem4f (.const:ti_sysbios_knl_Semaphore_Module__diagsEnabled__C)
                  0000ba90    00000004     rtos_pem4f.oem4f (.const:ti_sysbios_knl_Semaphore_Module__diagsIncluded__C)
                  0000ba94    00000004     rtos_pem4f.oem4f (.const:ti_sysbios_knl_Semaphore_Module__diagsMask__C)
                  0000ba98    00000004     rtos_pem4f.oem4f (.const:ti_sysbios_knl_Swi_Object__count__C)
                  0000ba9c    00000004     rtos_pem4f.oem4f (.const:ti_sysbios_knl_Task_E_spOutOfBounds__C)
                  0000baa0    00000004     rtos_pem4f.oem4f (.const:ti_sysbios_knl_Task_E_stackOverflow__C)
                  0000baa4    00000004     rtos_pem4f.oem4f (.const:ti_sysbios_knl_Task_Module_State_inactiveQ__O)
                  0000baa8    00000004     rtos_pem4f.oem4f (.const:ti_sysbios_knl_Task_Object__count__C)
                  0000baac    00000004     rtos_pem4f.oem4f (.const:ti_sysbios_knl_Task_allBlockedFunc__C)
                  0000bab0    00000004     rtos_pem4f.oem4f (.const:ti_sysbios_knl_Task_numConstructedTasks__C)
                  0000bab4    00000004     rtos_pem4f.oem4f (.const:xdc_runtime_Assert_E_assertFailed__C)
                  0000bab8    00000004     rtos_pem4f.oem4f (.const:xdc_runtime_Core_A_initializedParams__C)
                  0000babc    00000004     rtos_pem4f.oem4f (.const:xdc_runtime_Core_Module__diagsEnabled__C)
                  0000bac0    00000004     rtos_pem4f.oem4f (.const:xdc_runtime_Core_Module__diagsIncluded__C)
                  0000bac4    00000004     rtos_pem4f.oem4f (.const:xdc_runtime_Core_Module__diagsMask__C)
                  0000bac8    00000004     rtos_pem4f.oem4f (.const:xdc_runtime_Error_E_memory__C)
                  0000bacc    00000004     rtos_pem4f.oem4f (.const:xdc_runtime_Error_Module__diagsEnabled__C)
                  0000bad0    00000004     rtos_pem4f.oem4f (.const:xdc_runtime_Error_Module__diagsIncluded__C)
                  0000bad4    00000004     rtos_pem4f.oem4f (.const:xdc_runtime_Error_Module__diagsMask__C)
                  0000bad8    00000004     rtos_pem4f.oem4f (.const:xdc_runtime_Error_Module__loggerFxn8__C)
                  0000badc    00000004     rtos_pem4f.oem4f (.const:xdc_runtime_Error_Module__loggerObj__C)
                  0000bae0    00000004     rtos_pem4f.oem4f (.const:xdc_runtime_Error_policyFxn__C)
                  0000bae4    00000004     rtos_pem4f.oem4f (.const:xdc_runtime_Error_raiseHook__C)
                  0000bae8    00000004     rtos_pem4f.oem4f (.const:xdc_runtime_IGateProvider_Interface__BASE__C)
                  0000baec    00000004     rtos_pem4f.oem4f (.const:xdc_runtime_IHeap_Interface__BASE__C)
                  0000baf0    00000004     rtos_pem4f.oem4f (.const:xdc_runtime_IModule_Interface__BASE__C)
                  0000baf4    00000004     rtos_pem4f.oem4f (.const:xdc_runtime_Log_L_error__C)
                  0000baf8    00000004     rtos_pem4f.oem4f (.const:xdc_runtime_Memory_defaultHeapInstance__C)
                  0000bafc    00000004     rtos_pem4f.oem4f (.const:xdc_runtime_Startup_execImpl__C)
                  0000bb00    00000004     rtos_pem4f.oem4f (.const:xdc_runtime_Startup_maxPasses__C)
                  0000bb04    00000004     rtos_pem4f.oem4f (.const:xdc_runtime_Startup_sfxnRts__C)
                  0000bb08    00000004     rtos_pem4f.oem4f (.const:xdc_runtime_Startup_sfxnTab__C)
                  0000bb0c    00000004     rtos_pem4f.oem4f (.const:xdc_runtime_SysMin_bufSize__C)
                  0000bb10    00000004     rtos_pem4f.oem4f (.const:xdc_runtime_SysMin_outputFunc__C)
                  0000bb14    00000004     rtos_pem4f.oem4f (.const:xdc_runtime_System_Module__gateObj__C)
                  0000bb18    00000004     rtos_pem4f.oem4f (.const:xdc_runtime_System_abortFxn__C)
                  0000bb1c    00000004     rtos_pem4f.oem4f (.const:xdc_runtime_System_exitFxn__C)
                  0000bb20    00000004     rtos_pem4f.oem4f (.const:xdc_runtime_System_extendFxn__C)
                  0000bb24    00000004     rtos_pem4f.oem4f (.const:xdc_runtime_System_maxAtexitHandlers__C)
                  0000bb28    00000004     rtos_pem4f.oem4f (.const:xdc_runtime_Text_charTab__C)
                  0000bb2c    00000004     rtos_pem4f.oem4f (.const:xdc_runtime_Text_nameEmpty__C)
                  0000bb30    00000004     rtos_pem4f.oem4f (.const:xdc_runtime_Text_nameStatic__C)
                  0000bb34    00000004     rtos_pem4f.oem4f (.const:xdc_runtime_Text_nameUnknown__C)
                  0000bb38    00000004     rtos_pem4f.oem4f (.const:xdc_runtime_Text_nodeTab__C)
                  0000bb3c    00000004     rtos_pem4f.oem4f (.const:xdc_runtime_Text_visitRopeFxn__C)
                  0000bb40    00000002     rtos_pem4f.oem4f (.const:ti_sysbios_family_arm_lm4_TimestampProvider_Module__id__C)
                  0000bb42    00000002     rtos_pem4f.oem4f (.const:ti_sysbios_family_arm_lm4_TimestampProvider_useClockTimer__C)
                  0000bb44    00000002     rtos_pem4f.oem4f (.const:ti_sysbios_family_arm_m3_Hwi_Module__id__C)
                  0000bb46    00000002     rtos_pem4f.oem4f (.const:ti_sysbios_gates_GateMutex_Module__id__C)
                  0000bb48    00000002     rtos_pem4f.oem4f (.const:ti_sysbios_hal_Hwi_Module__id__C)
                  0000bb4a    00000002     rtos_pem4f.oem4f (.const:ti_sysbios_heaps_HeapMem_Module__id__C)
                  0000bb4c    00000002     rtos_pem4f.oem4f (.const:ti_sysbios_knl_Semaphore_Module__id__C)
                  0000bb4e    00000002     rtos_pem4f.oem4f (.const:ti_sysbios_knl_Task_Module__id__C)
                  0000bb50    00000002     rtos_pem4f.oem4f (.const:xdc_runtime_Core_Module__id__C)
                  0000bb52    00000002     rtos_pem4f.oem4f (.const:xdc_runtime_Error_Module__loggerDefined__C)
                  0000bb54    00000002     rtos_pem4f.oem4f (.const:xdc_runtime_Error_maxDepth__C)
                  0000bb56    00000002     rtos_pem4f.oem4f (.const:xdc_runtime_Memory_Module__id__C)
                  0000bb58    00000002     rtos_pem4f.oem4f (.const:xdc_runtime_SysMin_flushAtExit__C)
                  0000bb5a    00000002     rtos_pem4f.oem4f (.const:xdc_runtime_Text_charCnt__C)
                  0000bb5c    00000002     rtos_pem4f.oem4f (.const:xdc_runtime_Text_isLoaded__C)
                  0000bb5e    00000002     rtos_pem4f.oem4f (.const:xdc_runtime_Text_registryModsLastId__C)
                  0000bb60    00000002     rtos_pem4f.oem4f (.const:xdc_runtime_Text_unnamedModsLastId__C)
                  0000bb62    00000001     rtos_pem4f.oem4f (.const:xdc_runtime_Error_policy__C)

.cinit     0    0000bb68    000002e0     
                  0000bb68    000002a8     (.cinit..data.load) [load image, compression = lzss]
                  0000be10    0000000c     (__TI_handler_table)
                  0000be1c    00000004     --HOLE-- [fill = 0]
                  0000be20    00000008     (.cinit..bss.load) [load image, compression = zero_init]
                  0000be28    00000008     (.cinit..vecs.load) [load image, compression = zero_init]
                  0000be30    00000018     (__TI_cinit_table)

.init_array 
*          0    00000000    00000000     UNINITIALIZED

.resetVecs 
*          0    00000000    0000003c     
                  00000000    0000003c     rtos_pem4f.oem4f (.resetVecs)

.bss       0    20000360    0000d9e6     UNINITIALIZED
                  20000360    00003400     rtos_pem4f.oem4f (.bss:taskStackSection)
                  20003760    00002108     main.obj (.bss:kiss_fft_cfg_buffer)
                  20005868    00002000     main.obj (.bss:in)
                  20007868    00002000     main.obj (.bss:out)
                  20009868    00001000     main.obj (.bss:w$5)
                  2000a868    00001000     main.obj (.bss:ycoor_fft)
                  2000b868    00001000     (.common:gADCBuffer)
                  2000c868    00000800     main.obj (.bss:fft_sample)
                  2000d068    00000400     (.common:ti_sysbios_heaps_HeapMem_Instance_State_0_buf__A)
                  2000d468    00000360     (.common:ti_sysbios_family_arm_m3_Hwi_dispatchTable)
                  2000d7c8    00000204     main.obj (.bss:ycoor)
                  2000d9cc    00000120     rtsv7M4_T_le_v4SPD16_eabi.lib : trgmsg.c.obj (.bss:_CIOBUF_)
                  2000daec    00000100     main.obj (.bss:sample)
                  2000dbec    00000004     (.common:cfg)
                  2000dbf0    000000a0     (.common:ti_sysbios_knl_Mailbox_Instance_State_0_allocBuf__A)
                  2000dc90    00000080     (.common:xdc_runtime_SysMin_Module_State_0_outbuf__A)
                  2000dd10    00000014     buttons.obj (.bss:state$1)
                  2000dd24    00000008     (.common:parmbuf)
                  2000dd2c    00000004     (.common:gADCErrors)
                  2000dd30    00000004     (.common:gADCSamplingRate)
                  2000dd34    00000004     (.common:g_psGrLibDefaults)
                  2000dd38    00000004     (.common:x)
                  2000dd3c    00000002     (.common:Lcd_ScreenHeigth)
                  2000dd3e    00000002     (.common:Lcd_ScreenWidth)
                  2000dd40    00000002     (.common:Lcd_TouchTrim)
                  2000dd42    00000001     (.common:Lcd_FlagRead)
                  2000dd43    00000001     (.common:Lcd_FontSolid)
                  2000dd44    00000001     (.common:Lcd_Orientation)
                  2000dd45    00000001     (.common:Lcd_PenSolid)

.data      0    2000dd48    000086a8     UNINITIALIZED
                  2000dd48    00008000     Crystalfontz128x128_ST7735.obj (.data:Lcd_buffer)
                  20015d48    000001c8     rtos_pem4f.oem4f (.data:ti_sysbios_knl_Task_Object__table__V)
                  20015f10    00000080     rtos_pem4f.oem4f (.data:ti_sysbios_knl_Swi_Module_State_0_readyQ__A)
                  20015f90    00000080     rtos_pem4f.oem4f (.data:ti_sysbios_knl_Task_Module_State_0_readyQ__A)
                  20016010    00000050     rtos_pem4f.oem4f (.data:ti_sysbios_knl_Mailbox_Object__table__V)
                  20016060    00000050     rtos_pem4f.oem4f (.data:ti_sysbios_knl_Semaphore_Object__table__V)
                  200160b0    00000044     rtos_pem4f.oem4f (.data:ti_sysbios_knl_Task_Module__state__V)
                  200160f4    00000040     rtos_pem4f.oem4f (.data:ti_sysbios_family_arm_lm4_Timer_Module_State_0_device__A)
                  20016134    00000040     rtos_pem4f.oem4f (.data:ti_sysbios_family_arm_lm4_Timer_Object__table__V)
                  20016174    00000038     rtos_pem4f.oem4f (.data:ti_sysbios_gates_GateMutex_Object__table__V)
                  200161ac    00000034     rtos_pem4f.oem4f (.data:ti_sysbios_family_arm_m3_Hwi_Module__state__V)
                  200161e0    00000030     rtos_pem4f.oem4f (.data:ti_sysbios_family_arm_m3_Hwi_Object__table__V)
                  20016210    00000030     rtos_pem4f.oem4f (.data:ti_sysbios_knl_Swi_Object__table__V)
                  20016240    0000002c     rtos_pem4f.oem4f (.data:ti_sysbios_knl_Clock_Module__state__V)
                  2001626c    00000024     buttons.obj (.data:count$2)
                  20016290    00000024     rtos_pem4f.oem4f (.data:ti_sysbios_BIOS_Module__state__V)
                  200162b4    00000020     rtos_pem4f.oem4f (.data:ti_sysbios_family_arm_lm4_Timer_Module_State_0_handles__A)
                  200162d4    00000020     rtos_pem4f.oem4f (.data:ti_sysbios_knl_Clock_Object__table__V)
                  200162f4    0000001c     rtos_pem4f.oem4f (.data:ti_sysbios_knl_Swi_Module__state__V)
                  20016310    00000018     main.obj (.data)
                  20016328    00000018     rtos_pem4f.oem4f (.data:ti_sysbios_heaps_HeapMem_Object__table__V)
                  20016340    00000010     main.obj (.data:Vscale)
                  20016350    0000000c     rtos_pem4f.oem4f (.data:ti_sysbios_family_arm_lm4_Timer_Module__state__V)
                  2001635c    0000000c     rtos_pem4f.oem4f (.data:xdc_runtime_SysMin_Module__state__V)
                  20016368    00000008     rtsv7M4_T_le_v4SPD16_eabi.lib : _lock.c.obj (.data:$O1$$)
                  20016370    00000008     buttons.obj (.data:gJoystick)
                  20016378    00000008     rtos_pem4f.oem4f (.data:ti_sysbios_family_arm_lm4_TimestampProvider_Module__state__V)
                  20016380    00000008     rtos_pem4f.oem4f (.data:ti_sysbios_gates_GateHwi_Module__root__V)
                  20016388    00000008     rtos_pem4f.oem4f (.data:ti_sysbios_gates_GateMutex_Module__root__V)
                  20016390    00000008     rtos_pem4f.oem4f (.data:ti_sysbios_heaps_HeapMem_Module__root__V)
                  20016398    00000008     rtos_pem4f.oem4f (.data:ti_sysbios_knl_Queue_Module__root__V)
                  200163a0    00000008     rtos_pem4f.oem4f (.data:ti_sysbios_knl_Semaphore_Module__root__V)
                  200163a8    00000008     rtos_pem4f.oem4f (.data:xdc_runtime_Registry_Module__state__V)
                  200163b0    00000008     rtos_pem4f.oem4f (.data:xdc_runtime_Startup_Module__state__V)
                  200163b8    00000008     rtos_pem4f.oem4f (.data:xdc_runtime_System_Module_State_0_atexitHandlers__A)
                  200163c0    00000008     rtos_pem4f.oem4f (.data:xdc_runtime_System_Module__state__V)
                  200163c8    00000004     buttons.obj (.data)
                  200163cc    00000004     rtsv7M4_T_le_v4SPD16_eabi.lib : errno.c.obj (.data)
                  200163d0    00000004                                   : stkdepth_vars.c.obj (.data)
                  200163d4    00000004     sampling.obj (.data)
                  200163d8    00000004     rtos_pem4f.oem4f (.data:ti_sysbios_family_arm_m3_Hwi_Module_State_0_excContext__A)
                  200163dc    00000004     rtos_pem4f.oem4f (.data:ti_sysbios_family_arm_m3_Hwi_Module_State_0_excStack__A)
                  200163e0    00000004     rtos_pem4f.oem4f (.data:ti_sysbios_gates_GateHwi_Object__table__V)
                  200163e4    00000004     rtos_pem4f.oem4f (.data:ti_sysbios_knl_Task_Module_State_0_idleTask__A)
                  200163e8    00000004     rtos_pem4f.oem4f (.data:xdc_runtime_Memory_Module__state__V)
                  200163ec    00000002     rtos_pem4f.oem4f (.data:ti_sysbios_family_arm_m3_Hwi_Module_State_0_excActive__A)
                  200163ee    00000002     rtos_pem4f.oem4f (.data:xdc_runtime_Error_Module__state__V)

.stack     0    200163f0    00000800     UNINITIALIZED
                  200163f0    00000800     --HOLE--

.bootVecs 
*          0    00000000    00000008     DSECT
                  00000000    00000008     boot.aem4f : boot.oem4f (.bootVecs)

.vecs      0    20000000    00000360     UNINITIALIZED
                  20000000    00000360     rtos_pem4f.oem4f (.vecs)

xdc.meta   0    00000000    000000e1     COPY SECTION
                  00000000    000000e1     rtos_pem4f.oem4f (xdc.meta)

MODULE SUMMARY

       Module                                             code    ro data   rw data
       ------                                             ----    -------   -------
    .\
       main.obj                                           2028    20        35900  
       Crystalfontz128x128_ST7735.obj                     958     40        32778  
       sampling.obj                                       296     0         4104   
       kiss_fft.obj                                       2602    0         0      
       buttons.obj                                        688     0         72     
       HAL_EK_TM4C1294XL_Crystalfontz128x128_ST7735.obj   324     0         0      
       sysctl_pll.obj                                     72      0         0      
    +--+--------------------------------------------------+-------+---------+---------+
       Total:                                             6968    60        72854  
                                                                                   
    D:\CCS_Workspace\ece3849_lab2_hqcao_vtle2\Debug\configPkg\package\cfg\
       rtos_pem4f.oem4f                                   1546    7911      17948  
    +--+--------------------------------------------------+-------+---------+---------+
       Total:                                             1546    7911      17948  
                                                                                   
    C:/ti/tirtos_tivac_2_16_00_08/products/TivaWare_C_Series-2.1.1.71b/driverlib/ccs/Debug/driverlib.lib
       gpio.obj                                           508     144       0      
       adc.obj                                            362     0         0      
       ssi.obj                                            88      0         0      
       sysctl.obj                                         58      0         0      
       interrupt.obj                                      32      0         0      
       cpu.obj                                            24      0         0      
    +--+--------------------------------------------------+-------+---------+---------+
       Total:                                             1072    144       0      
                                                                                   
    C:/ti/tirtos_tivac_2_16_00_08/products/TivaWare_C_Series-2.1.1.71b/grlib/ccs/Debug/grlib.lib
       string.obj                                         1192    0         0      
       fontfixed6x8.obj                                   0       960       0      
       line.obj                                           648     0         0      
       rectangle.obj                                      134     0         0      
       context.obj                                        104     16        4      
       charmap.obj                                        8       0         0      
    +--+--------------------------------------------------+-------+---------+---------+
       Total:                                             2086    976       4      
                                                                                   
    C:\ti\ccs920\ccs\tools\compiler\ti-cgt-arm_18.12.3.LTS\lib\rtsv7M4_T_le_v4SPD16_eabi.lib
       k_rem_pio2.c.obj                                   1848    344       0      
       s_cos.c.obj                                        1500    0         0      
       s_sin.c.obj                                        1476    0         0      
       fd_add_t2.asm.obj                                  438     0         0      
       trgmsg.c.obj                                       108     0         288    
       k_sin.c.obj                                        372     0         0      
       k_cos.c.obj                                        364     0         0      
       e_log10f.c.obj                                     348     0         0      
       e_sqrt.c.obj                                       344     0         0      
       fd_div_t2.asm.obj                                  310     0         0      
       s_scalbn.c.obj                                     272     0         0      
       fd_cmp_t2.asm.obj                                  268     0         0      
       fd_mul_t2.asm.obj                                  252     0         0      
       s_floor.c.obj                                      248     0         0      
       s_cosf.c.obj                                       180     0         0      
       memcpy_t2.asm.obj                                  156     0         0      
       s_floorf.c.obj                                     128     0         0      
       memset_t2.asm.obj                                  122     0         0      
       fd_tos_t2.asm.obj                                  110     0         0      
       s_roundf.c.obj                                     110     0         0      
       copy_decompress_lzss.c.obj                         104     0         0      
       hostwrite.c.obj                                    88      0         0      
       cpy_tbl.c.obj                                      76      0         0      
       fd_toi_t2.asm.obj                                  72      0         0      
       u_divt2.asm.obj                                    64      0         0      
       fs_tod_t2.asm.obj                                  56      0         0      
       i_tofd_t2.asm.obj                                  46      0         0      
       e_sqrtf.c.obj                                      40      0         0      
       _lock.c.obj                                        26      0         8      
       s_copysign.c.obj                                   26      0         0      
       args_main.c.obj                                    24      0         0      
       strlen.c.obj                                       20      0         0      
       copy_decompress_none.c.obj                         14      0         0      
       copy_zero_init.c.obj                               12      0         0      
       errno.c.obj                                        8       0         4      
       hostopen.c.obj                                     0       0         8      
       exit.c.obj                                         4       0         0      
       stkdepth_vars.c.obj                                0       0         4      
       div0.asm.obj                                       2       0         0      
    +--+--------------------------------------------------+-------+---------+---------+
[...]
0000b714  button_task                                                          
0000b718  ADCHwi                                                               
0000b71c  clock0                                                               
0000b720  button_sem                                                           
0000b724  button_mailbox                                                       
0000b728  Display_task                                                         
0000b72c  waveform_task                                                        
0000b730  processing_task                                                      
0000b734  UserInput_task                                                       
0000b738  display_sem                                                          
0000b73c  processing_sem                                                       
0000b740  waveform_sem                                                         
0000b744  g_sCrystalfontz128x128                                               
0000b76c  ti_sysbios_heaps_HeapMem_Module__FXNS__C                             
0000b794  xdc_runtime_Startup_sfxnTab__A                                       
0000b7bc  ti_sysbios_gates_GateHwi_Module__FXNS__C                             
0000b7e0  ti_sysbios_gates_GateMutex_Module__FXNS__C                           
0000b804  ti_sysbios_heaps_HeapMem_Object__PARAMS__C                           
0000b828  ti_sysbios_knl_Semaphore_Object__PARAMS__C                           
0000b84c  ti_sysbios_gates_GateHwi_Object__DESC__C                             
0000b86c  ti_sysbios_gates_GateMutex_Object__DESC__C                           
0000b88c  ti_sysbios_heaps_HeapMem_Object__DESC__C                             
0000b8ac  ti_sysbios_knl_Queue_Object__DESC__C                                 
0000b8cc  ti_sysbios_knl_Semaphore_Object__DESC__C                             
0000b8ec  ti_sysbios_gates_GateHwi_Object__PARAMS__C                           
0000b904  ti_sysbios_gates_GateMutex_Object__PARAMS__C                         
0000b91c  ti_sysbios_knl_Queue_Object__PARAMS__C                               
0000b934  xdc_runtime_Startup_firstFxns__A                                     
0000b94c  xdc_runtime_Startup_sfxnRts__A                                       
0000b960  g_psDefaultCodePointMapTable                                         
0000b978  ti_sysbios_family_arm_m3_Hwi_excHookFuncs__A                         
0000b980  ti_sysbios_knl_Idle_funcList__C                                      
0000b988  xdc_runtime_Startup_firstFxns__C                                     
0000b990  xdc_runtime_Startup_lastFxns__C                                      
0000b9ac  ti_catalog_arm_cortexm4_tiva_ce_Boot_A_mustNotUseEnhancedClockMode__C
0000b9b0  ti_catalog_arm_cortexm4_tiva_ce_Boot_Module__diagsEnabled__C         
0000b9b4  ti_catalog_arm_cortexm4_tiva_ce_Boot_Module__diagsIncluded__C        
0000b9b8  ti_catalog_arm_cortexm4_tiva_ce_Boot_Module__diagsMask__C            
0000b9bc  ti_sysbios_family_arm_lm4_Timer_enableFunc__C                        
0000b9c0  ti_sysbios_family_arm_lm4_Timer_numTimerDevices__C                   
0000b9c4  ti_sysbios_family_arm_lm4_Timer_startupNeeded__C                     
0000b9c8  ti_sysbios_family_arm_lm4_TimestampProvider_Module__diagsEnabled__C  
0000b9cc  ti_sysbios_family_arm_lm4_TimestampProvider_Module__diagsIncluded__C 
0000b9d0  ti_sysbios_family_arm_lm4_TimestampProvider_Module__diagsMask__C     
0000b9d4  ti_sysbios_family_arm_m3_Hwi_E_NMI__C                                
0000b9d8  ti_sysbios_family_arm_m3_Hwi_E_busFault__C                           
0000b9dc  ti_sysbios_family_arm_m3_Hwi_E_debugMon__C                           
0000b9e0  ti_sysbios_family_arm_m3_Hwi_E_hardFault__C                          
0000b9e4  ti_sysbios_family_arm_m3_Hwi_E_memFault__C                           
0000b9e8  ti_sysbios_family_arm_m3_Hwi_E_noIsr__C                              
0000b9ec  ti_sysbios_family_arm_m3_Hwi_E_reserved__C                           
0000b9f0  ti_sysbios_family_arm_m3_Hwi_E_svCall__C                             
0000b9f4  ti_sysbios_family_arm_m3_Hwi_E_usageFault__C                         
0000b9f8  ti_sysbios_family_arm_m3_Hwi_NUM_INTERRUPTS__C                       
0000b9fc  ti_sysbios_family_arm_m3_Hwi_Object__count__C                        
0000ba00  ti_sysbios_family_arm_m3_Hwi_ccr__C                                  
0000ba04  ti_sysbios_family_arm_m3_Hwi_excHandlerFunc__C                       
0000ba08  ti_sysbios_family_arm_m3_Hwi_excHookFuncs__C                         
0000ba0c  ti_sysbios_family_arm_m3_Hwi_nullIsrFunc__C                          
0000ba10  ti_sysbios_family_arm_m3_Hwi_priGroup__C                             
0000ba14  ti_sysbios_gates_GateMutex_A_badContext__C                           
0000ba18  ti_sysbios_gates_GateMutex_Instance_State_sem__O                     
0000ba1c  ti_sysbios_gates_GateMutex_Module__diagsEnabled__C                   
0000ba20  ti_sysbios_gates_GateMutex_Module__diagsIncluded__C                  
0000ba24  ti_sysbios_gates_GateMutex_Module__diagsMask__C                      
0000ba28  ti_sysbios_hal_Hwi_E_stackOverflow__C                                
0000ba2c  ti_sysbios_heaps_HeapMem_A_align__C                                  
0000ba30  ti_sysbios_heaps_HeapMem_A_heapSize__C                               
0000ba34  ti_sysbios_heaps_HeapMem_A_invalidFree__C                            
0000ba38  ti_sysbios_heaps_HeapMem_A_zeroBlock__C                              
0000ba3c  ti_sysbios_heaps_HeapMem_E_memory__C                                 
0000ba40  ti_sysbios_heaps_HeapMem_Module__diagsEnabled__C                     
0000ba44  ti_sysbios_heaps_HeapMem_Module__diagsIncluded__C                    
0000ba48  ti_sysbios_heaps_HeapMem_Module__diagsMask__C                        
0000ba4c  ti_sysbios_heaps_HeapMem_Module__gateObj__C                          
0000ba50  ti_sysbios_heaps_HeapMem_Object__count__C                            
0000ba54  ti_sysbios_heaps_HeapMem_reqAlign__C                                 
0000ba58  ti_sysbios_knl_Clock_Module_State_clockQ__O                          
0000ba5c  ti_sysbios_knl_Idle_funcList__A                                      
0000ba60  ti_sysbios_knl_Mailbox_Instance_State_dataQue__O                     
0000ba64  ti_sysbios_knl_Mailbox_Instance_State_dataSem__O                     
0000ba68  ti_sysbios_knl_Mailbox_Instance_State_freeQue__O                     
0000ba6c  ti_sysbios_knl_Mailbox_Instance_State_freeSem__O                     
0000ba70  ti_sysbios_knl_Mailbox_Object__count__C                              
0000ba74  ti_sysbios_knl_Mailbox_maxTypeAlign__C                               
0000ba78  ti_sysbios_knl_Semaphore_A_badContext__C                             
0000ba7c  ti_sysbios_knl_Semaphore_A_noEvents__C                               
0000ba80  ti_sysbios_knl_Semaphore_A_overflow__C                               
0000ba84  ti_sysbios_knl_Semaphore_A_pendTaskDisabled__C                       
0000ba88  ti_sysbios_knl_Semaphore_Instance_State_pendQ__O                     
0000ba8c  ti_sysbios_knl_Semaphore_Module__diagsEnabled__C                     
0000ba90  ti_sysbios_knl_Semaphore_Module__diagsIncluded__C                    
0000ba94  ti_sysbios_knl_Semaphore_Module__diagsMask__C                        
0000ba98  ti_sysbios_knl_Swi_Object__count__C                                  
0000ba9c  ti_sysbios_knl_Task_E_spOutOfBounds__C                               
0000baa0  ti_sysbios_knl_Task_E_stackOverflow__C                               
0000baa4  ti_sysbios_knl_Task_Module_State_inactiveQ__O                        
0000baa8  ti_sysbios_knl_Task_Object__count__C                                 
0000baac  ti_sysbios_knl_Task_allBlockedFunc__C                                
0000bab0  ti_sysbios_knl_Task_numConstructedTasks__C                           
0000bab4  xdc_runtime_Assert_E_assertFailed__C                                 
0000bab8  xdc_runtime_Core_A_initializedParams__C                              
0000babc  xdc_runtime_Core_Module__diagsEnabled__C                             
0000bac0  xdc_runtime_Core_Module__diagsIncluded__C                            
0000bac4  xdc_runtime_Core_Module__diagsMask__C                                
0000bac8  xdc_runtime_Error_E_memory__C                                        
0000bacc  xdc_runtime_Error_Module__diagsEnabled__C                            
0000bad0  xdc_runtime_Error_Module__diagsIncluded__C                           
0000bad4  xdc_runtime_Error_Module__diagsMask__C                               
0000bad8  xdc_runtime_Error_Module__loggerFxn8__C                              
0000badc  xdc_runtime_Error_Module__loggerObj__C                               
0000bae0  xdc_runtime_Error_policyFxn__C                                       
0000bae4  xdc_runtime_Error_raiseHook__C                                       
0000bae8  xdc_runtime_IGateProvider_Interface__BASE__C                         
0000baec  xdc_runtime_IHeap_Interface__BASE__C                                 
0000baf0  xdc_runtime_IModule_Interface__BASE__C                               
0000baf4  xdc_runtime_Log_L_error__C                                           
0000baf8  xdc_runtime_Memory_defaultHeapInstance__C                            
0000bafc  xdc_runtime_Startup_execImpl__C                                      
0000bb00  xdc_runtime_Startup_maxPasses__C                                     
0000bb04  xdc_runtime_Startup_sfxnRts__C                                       
0000bb08  xdc_runtime_Startup_sfxnTab__C                                       
0000bb0c  xdc_runtime_SysMin_bufSize__C                                        
0000bb10  xdc_runtime_SysMin_outputFunc__C                                     
0000bb14  xdc_runtime_System_Module__gateObj__C                                
0000bb18  xdc_runtime_System_abortFxn__C                                       
0000bb1c  xdc_runtime_System_exitFxn__C                                        
0000bb20  xdc_runtime_System_extendFxn__C                                      
0000bb24  xdc_runtime_System_maxAtexitHandlers__C                              
0000bb28  xdc_runtime_Text_charTab__C                                          
0000bb2c  xdc_runtime_Text_nameEmpty__C                                        
0000bb30  xdc_runtime_Text_nameStatic__C                                       
0000bb34  xdc_runtime_Text_nameUnknown__C                                      
0000bb38  xdc_runtime_Text_nodeTab__C                                          
0000bb3c  xdc_runtime_Text_visitRopeFxn__C                                     
0000bb40  ti_sysbios_family_arm_lm4_TimestampProvider_Module__id__C            
0000bb42  ti_sysbios_family_arm_lm4_TimestampProvider_useClockTimer__C         
0000bb44  ti_sysbios_family_arm_m3_Hwi_Module__id__C                           
0000bb46  ti_sysbios_gates_GateMutex_Module__id__C                             
0000bb48  ti_sysbios_hal_Hwi_Module__id__C                                     
0000bb4a  ti_sysbios_heaps_HeapMem_Module__id__C                               
0000bb4c  ti_sysbios_knl_Semaphore_Module__id__C                               
0000bb4e  ti_sysbios_knl_Task_Module__id__C                                    
0000bb50  xdc_runtime_Core_Module__id__C                                       
0000bb52  xdc_runtime_Error_Module__loggerDefined__C                           
0000bb54  xdc_runtime_Error_maxDepth__C                                        
0000bb56  xdc_runtime_Memory_Module__id__C                                     
0000bb58  xdc_runtime_SysMin_flushAtExit__C                                    
0000bb5a  xdc_runtime_Text_charCnt__C                                          
0000bb5c  xdc_runtime_Text_isLoaded__C                                         
0000bb5e  xdc_runtime_Text_registryModsLastId__C                               
0000bb60  xdc_runtime_Text_unnamedModsLastId__C                                
0000bb62  xdc_runtime_Error_policy__C                                          
0000bb68  __TI_static_base__                                                   
0000be10  __TI_Handler_Table_Base                                              
0000be1c  __TI_Handler_Table_Limit                                             
0000be30  __TI_CINIT_Base                                                      
0000be48  __TI_CINIT_Limit                                                     
20000000  ti_sysbios_family_arm_m3_Hwi_ramVectors                              
20000360  ti_sysbios_knl_Task_Instance_State_0_stack__A                        
20001360  ti_sysbios_knl_Task_Instance_State_1_stack__A                        
20002360  ti_sysbios_knl_Task_Instance_State_2_stack__A                        
20002b60  ti_sysbios_knl_Task_Instance_State_3_stack__A                        
20003360  ti_sysbios_knl_Task_Instance_State_4_stack__A                        
20003560  ti_sysbios_knl_Task_Instance_State_5_stack__A                        
2000b868  gADCBuffer                                                           
2000d068  ti_sysbios_heaps_HeapMem_Instance_State_0_buf__A                     
2000d468  ti_sysbios_family_arm_m3_Hwi_dispatchTable                           
2000d9cc  __CIOBUF_                                                            
2000dbec  cfg                                                                  
2000dbf0  ti_sysbios_knl_Mailbox_Instance_State_0_allocBuf__A                  
2000dc90  xdc_runtime_SysMin_Module_State_0_outbuf__A                          
2000dd24  parmbuf                                                              
2000dd2c  gADCErrors                                                           
2000dd30  gADCSamplingRate                                                     
2000dd38  x                                                                    
2000dd3c  Lcd_ScreenHeigth                                                     
2000dd3e  Lcd_ScreenWidth                                                      
2000dd40  Lcd_TouchTrim                                                        
2000dd42  Lcd_FlagRead                                                         
2000dd43  Lcd_FontSolid                                                        
2000dd44  Lcd_Orientation                                                      
2000dd45  Lcd_PenSolid                                                         
2000dd48  Lcd_buffer                                                           
20015d48  ti_sysbios_knl_Task_Object__table__V                                 
20015f10  ti_sysbios_knl_Swi_Module_State_0_readyQ__A                          
20015f90  ti_sysbios_knl_Task_Module_State_0_readyQ__A                         
20016010  ti_sysbios_knl_Mailbox_Object__table__V                              
20016060  ti_sysbios_knl_Semaphore_Object__table__V                            
200160b0  ti_sysbios_knl_Task_Module__state__V                                 
200160f4  ti_sysbios_family_arm_lm4_Timer_Module_State_0_device__A             
20016134  ti_sysbios_family_arm_lm4_Timer_Object__table__V                     
20016174  ti_sysbios_gates_GateMutex_Object__table__V                          
200161ac  ti_sysbios_family_arm_m3_Hwi_Module__state__V                        
200161e0  ti_sysbios_family_arm_m3_Hwi_Object__table__V                        
20016210  ti_sysbios_knl_Swi_Object__table__V                                  
20016240  ti_sysbios_knl_Clock_Module__state__V                                
20016290  ti_sysbios_BIOS_Module__state__V                                     
200162b4  ti_sysbios_family_arm_lm4_Timer_Module_State_0_handles__A            
200162d4  ti_sysbios_knl_Clock_Object__table__V                                
200162f4  ti_sysbios_knl_Swi_Module__state__V                                  
20016310  gSystemClock                                                         
20016314  vscale_index                                                         
20016318  trigger_slope                                                        
2001631c  fft_mode                                                             
20016320  fScale                                                               
20016324  buffer_size                                                          
20016328  ti_sysbios_heaps_HeapMem_Object__table__V                            
20016340  Vscale                                                               
20016350  ti_sysbios_family_arm_lm4_Timer_Module__state__V                     
2001635c  xdc_runtime_SysMin_Module__state__V                                  
20016368  _lock                                                                
2001636c  _unlock                                                              
20016370  gJoystick                                                            
20016378  ti_sysbios_family_arm_lm4_TimestampProvider_Module__state__V         
20016380  ti_sysbios_gates_GateHwi_Module__root__V                             
20016388  ti_sysbios_gates_GateMutex_Module__root__V                           
20016390  ti_sysbios_heaps_HeapMem_Module__root__V                             
20016398  ti_sysbios_knl_Queue_Module__root__V                                 
200163a0  ti_sysbios_knl_Semaphore_Module__root__V                             
200163a8  xdc_runtime_Registry_Module__state__V                                
200163b0  xdc_runtime_Startup_Module__state__V                                 
200163b8  xdc_runtime_System_Module_State_0_atexitHandlers__A                  
200163c0  xdc_runtime_System_Module__state__V                                  
200163c8  gButtons                                                             
200163cc  errno                                                                
200163d0  main_func_sp                                                         
200163d4  gADCBufferIndex                                                      
200163d8  ti_sysbios_family_arm_m3_Hwi_Module_State_0_excContext__A            
200163dc  ti_sysbios_family_arm_m3_Hwi_Module_State_0_excStack__A              
200163e0  ti_sysbios_gates_GateHwi_Object__table__V                            
200163e4  ti_sysbios_knl_Task_Module_State_0_idleTask__A                       
200163e8  xdc_runtime_Memory_Module__state__V                                  
200163ec  ti_sysbios_family_arm_m3_Hwi_Module_State_0_excActive__A             
200163ee  xdc_runtime_Error_Module__state__V                                   
200163f0  __stack                                                              
20016bf0  __STACK_END                                                          
e000e000  ti_sysbios_family_arm_m3_Hwi_nvic                                    
ffffffff  __TI_pprof_out_hndl                                                  
ffffffff  __TI_prof_data_size                                                  
ffffffff  __TI_prof_data_start                                                 
ffffffff  __binit__                                                            
ffffffff  __c_args__                                                           
ffffffff  binit                                                                
UNDEFED   SHT$$INIT_ARRAY$$Base                                                
UNDEFED   SHT$$INIT_ARRAY$$Limit                                               

[655 symbols]
